Archive member included to satisfy reference by file (symbol)

/acds_releases/acds/15.0/142/linux64/nios2eds/bin/gnu/H-x86_64-pc-linux-gnu/bin/../lib/gcc/nios2-elf/4.9.1/../../../../../H-x86_64-pc-linux-gnu/nios2-elf/lib/libsmallc.a(lib_a-memcpy.o)
                              obj/default/./bit_bang_uart.o (memcpy)
../../bsp/hal_my_uart//libhal_bsp.a(alt_log_macro.o)
                              ../../bsp/hal_my_uart//obj/HAL/src/crt0.o (tx_log_str)
../../bsp/hal_my_uart//libhal_bsp.a(alt_log_printf.o)
                              ../../bsp/hal_my_uart//obj/HAL/src/crt0.o (alt_log_msg_bss)
../../bsp/hal_my_uart//libhal_bsp.a(alt_main.o)
                              ../../bsp/hal_my_uart//obj/HAL/src/crt0.o (alt_main)
../../bsp/hal_my_uart//libhal_bsp.a(alt_tick.o)
                              ../../bsp/hal_my_uart//libhal_bsp.a(alt_log_printf.o) (_alt_tick_rate)
../../bsp/hal_my_uart//libhal_bsp.a(alt_sys_init.o)
                              ../../bsp/hal_my_uart//libhal_bsp.a(alt_main.o) (alt_irq_init)
../../bsp/hal_my_uart//libhal_bsp.a(altera_avalon_jtag_uart_fd.o)
                              ../../bsp/hal_my_uart//libhal_bsp.a(alt_sys_init.o) (altera_avalon_jtag_uart_read_fd)
../../bsp/hal_my_uart//libhal_bsp.a(altera_avalon_jtag_uart_init.o)
                              ../../bsp/hal_my_uart//libhal_bsp.a(alt_sys_init.o) (altera_avalon_jtag_uart_init)
../../bsp/hal_my_uart//libhal_bsp.a(altera_avalon_jtag_uart_ioctl.o)
                              ../../bsp/hal_my_uart//libhal_bsp.a(altera_avalon_jtag_uart_fd.o) (altera_avalon_jtag_uart_ioctl)
../../bsp/hal_my_uart//libhal_bsp.a(altera_avalon_jtag_uart_read.o)
                              ../../bsp/hal_my_uart//libhal_bsp.a(altera_avalon_jtag_uart_fd.o) (altera_avalon_jtag_uart_read)
../../bsp/hal_my_uart//libhal_bsp.a(altera_avalon_jtag_uart_write.o)
                              ../../bsp/hal_my_uart//libhal_bsp.a(altera_avalon_jtag_uart_fd.o) (altera_avalon_jtag_uart_write)
../../bsp/hal_my_uart//libhal_bsp.a(altera_avalon_timer_sc.o)
                              ../../bsp/hal_my_uart//libhal_bsp.a(alt_sys_init.o) (alt_avalon_timer_sc_init)
../../bsp/hal_my_uart//libhal_bsp.a(altera_vic_0_vector_tbl.o)
                              ../../bsp/hal_my_uart//libhal_bsp.a(alt_sys_init.o) (VIC_0_VECTOR_TABLE)
../../bsp/hal_my_uart//libhal_bsp.a(altera_vic_funnel_non_preemptive.o)
                              ../../bsp/hal_my_uart//libhal_bsp.a(altera_vic_0_vector_tbl.o) (alt_shadow_non_preemptive_interrupt)
../../bsp/hal_my_uart//libhal_bsp.a(altera_vic_irq_init.o)
                              ../../bsp/hal_my_uart//libhal_bsp.a(alt_sys_init.o) (alt_vic_irq_init)
../../bsp/hal_my_uart//libhal_bsp.a(altera_vic_isr_register.o)
                              ../../bsp/hal_my_uart//libhal_bsp.a(altera_avalon_jtag_uart_init.o) (alt_ic_isr_register)
../../bsp/hal_my_uart//libhal_bsp.a(my_uart_fd.o)
                              ../../bsp/hal_my_uart//libhal_bsp.a(alt_sys_init.o) (my_uart_read_fd)
../../bsp/hal_my_uart//libhal_bsp.a(my_uart_init.o)
                              ../../bsp/hal_my_uart//libhal_bsp.a(alt_sys_init.o) (my_uart_init)
../../bsp/hal_my_uart//libhal_bsp.a(my_uart_read.o)
                              ../../bsp/hal_my_uart//libhal_bsp.a(my_uart_fd.o) (my_uart_read)
../../bsp/hal_my_uart//libhal_bsp.a(my_uart_write.o)
                              ../../bsp/hal_my_uart//libhal_bsp.a(my_uart_fd.o) (my_uart_write)
../../bsp/hal_my_uart//libhal_bsp.a(alt_alarm_start.o)
                              ../../bsp/hal_my_uart//libhal_bsp.a(altera_avalon_jtag_uart_init.o) (alt_alarm_start)
../../bsp/hal_my_uart//libhal_bsp.a(alt_close.o)
                              ../../bsp/hal_my_uart//libhal_bsp.a(alt_main.o) (close)
../../bsp/hal_my_uart//libhal_bsp.a(alt_dev.o)
                              ../../bsp/hal_my_uart//libhal_bsp.a(alt_sys_init.o) (alt_dev_list)
../../bsp/hal_my_uart//libhal_bsp.a(alt_dev_llist_insert.o)
                              ../../bsp/hal_my_uart//libhal_bsp.a(alt_sys_init.o) (alt_dev_llist_insert)
../../bsp/hal_my_uart//libhal_bsp.a(alt_errno.o)
                              ../../bsp/hal_my_uart//libhal_bsp.a(my_uart_read.o) (alt_errno)
../../bsp/hal_my_uart//libhal_bsp.a(alt_io_redirect.o)
                              ../../bsp/hal_my_uart//libhal_bsp.a(alt_main.o) (alt_io_redirect)
../../bsp/hal_my_uart//libhal_bsp.a(alt_open.o)
                              ../../bsp/hal_my_uart//libhal_bsp.a(alt_io_redirect.o) (open)
../../bsp/hal_my_uart//libhal_bsp.a(alt_release_fd.o)
                              ../../bsp/hal_my_uart//libhal_bsp.a(alt_close.o) (alt_release_fd)
../../bsp/hal_my_uart//libhal_bsp.a(alt_find_dev.o)
                              ../../bsp/hal_my_uart//libhal_bsp.a(alt_open.o) (alt_find_dev)
../../bsp/hal_my_uart//libhal_bsp.a(alt_find_file.o)
                              ../../bsp/hal_my_uart//libhal_bsp.a(alt_open.o) (alt_find_file)
../../bsp/hal_my_uart//libhal_bsp.a(alt_get_fd.o)
                              ../../bsp/hal_my_uart//libhal_bsp.a(alt_open.o) (alt_get_fd)
/acds_releases/acds/15.0/142/linux64/nios2eds/bin/gnu/H-x86_64-pc-linux-gnu/bin/../lib/gcc/nios2-elf/4.9.1/../../../../../H-x86_64-pc-linux-gnu/nios2-elf/lib/libsmallc.a(lib_a-exit.o)
                              ../../bsp/hal_my_uart//libhal_bsp.a(alt_main.o) (exit)
/acds_releases/acds/15.0/142/linux64/nios2eds/bin/gnu/H-x86_64-pc-linux-gnu/bin/../lib/gcc/nios2-elf/4.9.1/../../../../../H-x86_64-pc-linux-gnu/nios2-elf/lib/libsmallc.a(lib_a-int_errno.o)
                              ../../bsp/hal_my_uart//libhal_bsp.a(my_uart_read.o) (errno)
/acds_releases/acds/15.0/142/linux64/nios2eds/bin/gnu/H-x86_64-pc-linux-gnu/bin/../lib/gcc/nios2-elf/4.9.1/../../../../../H-x86_64-pc-linux-gnu/nios2-elf/lib/libsmallc.a(lib_a-memcmp.o)
                              ../../bsp/hal_my_uart//libhal_bsp.a(alt_find_dev.o) (memcmp)
/acds_releases/acds/15.0/142/linux64/nios2eds/bin/gnu/H-x86_64-pc-linux-gnu/bin/../lib/gcc/nios2-elf/4.9.1/../../../../../H-x86_64-pc-linux-gnu/nios2-elf/lib/libsmallc.a(lib_a-strlen.o)
                              ../../bsp/hal_my_uart//libhal_bsp.a(alt_log_printf.o) (strlen)
/acds_releases/acds/15.0/142/linux64/nios2eds/bin/gnu/H-x86_64-pc-linux-gnu/bin/../lib/gcc/nios2-elf/4.9.1/../../../../../H-x86_64-pc-linux-gnu/nios2-elf/lib/libsmallc.a(lib_a-strncpy.o)
                              ../../bsp/hal_my_uart//libhal_bsp.a(alt_log_printf.o) (strncpy)
/acds_releases/acds/15.0/142/linux64/nios2eds/bin/gnu/H-x86_64-pc-linux-gnu/bin/../lib/gcc/nios2-elf/4.9.1/../../../../../H-x86_64-pc-linux-gnu/nios2-elf/lib/libsmallc.a(lib_a-__call_atexit.o)
                              /acds_releases/acds/15.0/142/linux64/nios2eds/bin/gnu/H-x86_64-pc-linux-gnu/bin/../lib/gcc/nios2-elf/4.9.1/../../../../../H-x86_64-pc-linux-gnu/nios2-elf/lib/libsmallc.a(lib_a-exit.o) (__call_exitprocs)
/acds_releases/acds/15.0/142/linux64/nios2eds/bin/gnu/H-x86_64-pc-linux-gnu/bin/../lib/gcc/nios2-elf/4.9.1/../../../../../H-x86_64-pc-linux-gnu/nios2-elf/lib/libsmallc.a(lib_a-impure.o)
                              /acds_releases/acds/15.0/142/linux64/nios2eds/bin/gnu/H-x86_64-pc-linux-gnu/bin/../lib/gcc/nios2-elf/4.9.1/../../../../../H-x86_64-pc-linux-gnu/nios2-elf/lib/libsmallc.a(lib_a-__call_atexit.o) (_global_impure_ptr)
/acds_releases/acds/15.0/142/linux64/nios2eds/bin/gnu/H-x86_64-pc-linux-gnu/bin/../lib/gcc/nios2-elf/4.9.1/libgcc.a(lib2-divmod.o)
                              ../../bsp/hal_my_uart//libhal_bsp.a(alt_log_printf.o) (__udivsi3)
../../bsp/hal_my_uart//libhal_bsp.a(alt_exit.o)
                              /acds_releases/acds/15.0/142/linux64/nios2eds/bin/gnu/H-x86_64-pc-linux-gnu/bin/../lib/gcc/nios2-elf/4.9.1/../../../../../H-x86_64-pc-linux-gnu/nios2-elf/lib/libsmallc.a(lib_a-exit.o) (_exit)

Allocating common symbols
Common symbol       size              file

errno               0x4               /acds_releases/acds/15.0/142/linux64/nios2eds/bin/gnu/H-x86_64-pc-linux-gnu/bin/../lib/gcc/nios2-elf/4.9.1/../../../../../H-x86_64-pc-linux-gnu/nios2-elf/lib/libsmallc.a(lib_a-int_errno.o)
alt_log_write_buf   0x11              ../../bsp/hal_my_uart//libhal_bsp.a(alt_log_printf.o)
alt_log_jtag_uart_alarm_1
                    0x18              ../../bsp/hal_my_uart//libhal_bsp.a(alt_log_printf.o)
alt_system_clock_in_sec
                    0x4               ../../bsp/hal_my_uart//libhal_bsp.a(alt_log_printf.o)
alt_vic_dev_list    0x4               ../../bsp/hal_my_uart//libhal_bsp.a(altera_vic_irq_init.o)
alt_log_sys_clk_count
                    0x4               ../../bsp/hal_my_uart//libhal_bsp.a(alt_log_printf.o)

Memory Configuration

Name             Origin             Length             Attributes
reset            0x0000000000004000 0x0000000000000020
onchip_memory    0x0000000000004020 0x0000000000003fe0
*default*        0x0000000000000000 0xffffffffffffffff

Linker script and memory map

LOAD ../../bsp/hal_my_uart//obj/HAL/src/crt0.o
LOAD obj/default/./bit_bang_uart.o
LOAD /acds_releases/acds/15.0/142/linux64/nios2eds/bin/gnu/H-x86_64-pc-linux-gnu/bin/../lib/gcc/nios2-elf/4.9.1/../../../../../H-x86_64-pc-linux-gnu/nios2-elf/lib/libstdc++.a
LOAD /acds_releases/acds/15.0/142/linux64/nios2eds/bin/gnu/H-x86_64-pc-linux-gnu/bin/../lib/gcc/nios2-elf/4.9.1/../../../../../H-x86_64-pc-linux-gnu/nios2-elf/lib/libm.a
LOAD /acds_releases/acds/15.0/142/linux64/nios2eds/bin/gnu/H-x86_64-pc-linux-gnu/bin/../lib/gcc/nios2-elf/4.9.1/libgcc.a
START GROUP
LOAD /acds_releases/acds/15.0/142/linux64/nios2eds/bin/gnu/H-x86_64-pc-linux-gnu/bin/../lib/gcc/nios2-elf/4.9.1/../../../../../H-x86_64-pc-linux-gnu/nios2-elf/lib/libsmallc.a
LOAD /acds_releases/acds/15.0/142/linux64/nios2eds/bin/gnu/H-x86_64-pc-linux-gnu/bin/../lib/gcc/nios2-elf/4.9.1/libgcc.a
LOAD ../../bsp/hal_my_uart//libhal_bsp.a
LOAD /acds_releases/acds/15.0/142/linux64/nios2eds/bin/gnu/H-x86_64-pc-linux-gnu/bin/../lib/gcc/nios2-elf/4.9.1/../../../../../H-x86_64-pc-linux-gnu/nios2-elf/lib/libm.a
END GROUP
LOAD /acds_releases/acds/15.0/142/linux64/nios2eds/bin/gnu/H-x86_64-pc-linux-gnu/bin/../lib/gcc/nios2-elf/4.9.1/libgcc.a
                0x0000000000004000                __alt_mem_onchip_memory = 0x4000

.entry          0x0000000000004000       0x20
 *(.entry)
 .entry         0x0000000000004000       0x20 ../../bsp/hal_my_uart//obj/HAL/src/crt0.o
                0x0000000000004000                __reset

.exceptions     0x0000000000004020        0x0
                0x0000000000004020                PROVIDE (__ram_exceptions_start, ABSOLUTE (.))
                0x0000000000004020                . = ALIGN (0x20)
 *(.irq)
 *(.exceptions.entry.label)
 *(.exceptions.entry.user)
 *(.exceptions.entry.ecc_fatal)
 *(.exceptions.entry)
 *(.exceptions.irqtest.user)
 *(.exceptions.irqtest)
 *(.exceptions.irqhandler.user)
 *(.exceptions.irqhandler)
 *(.exceptions.irqreturn.user)
 *(.exceptions.irqreturn)
 *(.exceptions.notirq.label)
 *(.exceptions.notirq.user)
 *(.exceptions.notirq)
 *(.exceptions.soft.user)
 *(.exceptions.soft)
 *(.exceptions.unknown.user)
 *(.exceptions.unknown)
 *(.exceptions.exit.label)
 *(.exceptions.exit.user)
 *(.exceptions.exit)
 *(.exceptions)
                0x0000000000004020                PROVIDE (__ram_exceptions_end, ABSOLUTE (.))
                0x0000000000004020                PROVIDE (__flash_exceptions_start, LOADADDR (.exceptions))

.text           0x0000000000004020     0x3920
                0x0000000000004020                PROVIDE (stext, ABSOLUTE (.))
 *(.interp)
 *(.hash)
 *(.dynsym)
 *(.dynstr)
 *(.gnu.version)
 *(.gnu.version_d)
 *(.gnu.version_r)
 *(.rel.init)
 *(.rela.init)
 *(.rel.text .rel.text.* .rel.gnu.linkonce.t.*)
 *(.rela.text .rela.text.* .rela.gnu.linkonce.t.*)
 *(.rel.fini)
 *(.rela.fini)
 *(.rel.rodata .rel.rodata.* .rel.gnu.linkonce.r.*)
 *(.rela.rodata .rela.rodata.* .rela.gnu.linkonce.r.*)
 *(.rel.data .rel.data.* .rel.gnu.linkonce.d.*)
 *(.rela.data .rela.data.* .rela.gnu.linkonce.d.*)
 *(.rel.tdata .rel.tdata.* .rel.gnu.linkonce.td.*)
 *(.rela.tdata .rela.tdata.* .rela.gnu.linkonce.td.*)
 *(.rel.tbss .rel.tbss.* .rel.gnu.linkonce.tb.*)
 *(.rela.tbss .rela.tbss.* .rela.gnu.linkonce.tb.*)
 *(.rel.ctors)
 *(.rela.ctors)
 *(.rel.dtors)
 *(.rela.dtors)
 *(.rel.got)
 *(.rela.got)
 *(.rel.sdata .rel.sdata.* .rel.gnu.linkonce.s.*)
 *(.rela.sdata .rela.sdata.* .rela.gnu.linkonce.s.*)
 *(.rel.sbss .rel.sbss.* .rel.gnu.linkonce.sb.*)
 *(.rela.sbss .rela.sbss.* .rela.gnu.linkonce.sb.*)
 *(.rel.sdata2 .rel.sdata2.* .rel.gnu.linkonce.s2.*)
 *(.rela.sdata2 .rela.sdata2.* .rela.gnu.linkonce.s2.*)
 *(.rel.sbss2 .rel.sbss2.* .rel.gnu.linkonce.sb2.*)
 *(.rela.sbss2 .rela.sbss2.* .rela.gnu.linkonce.sb2.*)
 *(.rel.bss .rel.bss.* .rel.gnu.linkonce.b.*)
 *(.rela.bss .rela.bss.* .rela.gnu.linkonce.b.*)
 *(.rel.plt)
 *(.rela.plt)
 *(.rel.dyn)
 *(.init)
 *(.plt)
 *(.text .stub .text.* .gnu.linkonce.t.*)
 .text          0x0000000000004020       0xf8 ../../bsp/hal_my_uart//obj/HAL/src/crt0.o
                0x0000000000004020                _start
 .text          0x0000000000004118      0x288 obj/default/./bit_bang_uart.o
                0x0000000000004118                BitBangUartReceive
                0x000000000000425c                BitBangUartTransmit
                0x0000000000004354                main
 .text          0x00000000000043a0       0x28 /acds_releases/acds/15.0/142/linux64/nios2eds/bin/gnu/H-x86_64-pc-linux-gnu/bin/../lib/gcc/nios2-elf/4.9.1/../../../../../H-x86_64-pc-linux-gnu/nios2-elf/lib/libsmallc.a(lib_a-memcpy.o)
                0x00000000000043a0                memcpy
 .text          0x00000000000043c8       0x34 ../../bsp/hal_my_uart//libhal_bsp.a(alt_log_macro.o)
                0x00000000000043c8                tx_log_str
 .text          0x00000000000043fc      0xa68 ../../bsp/hal_my_uart//libhal_bsp.a(alt_log_printf.o)
                0x00000000000043fc                alt_log_txchar
                0x0000000000004444                alt_log_repchar
                0x00000000000044a0                alt_log_private_printf
                0x0000000000004a54                alt_log_printf_proc
                0x0000000000004aa8                altera_avalon_jtag_uart_report_log
                0x0000000000004b28                alt_log_jtag_uart_print_control_reg
                0x0000000000004c18                alt_log_jtag_uart_startup_info
                0x0000000000004c64                alt_log_jtag_uart_isr_proc
                0x0000000000004cbc                alt_log_write
                0x0000000000004df0                alt_log_system_clock
 .text          0x0000000000004e64      0x148 ../../bsp/hal_my_uart//libhal_bsp.a(alt_main.o)
                0x0000000000004e64                alt_main
 .text          0x0000000000004fac      0x1c8 ../../bsp/hal_my_uart//libhal_bsp.a(alt_tick.o)
                0x0000000000004fac                alt_alarm_stop
                0x0000000000005070                alt_tick
 .text          0x0000000000005174       0xf0 ../../bsp/hal_my_uart//libhal_bsp.a(alt_sys_init.o)
                0x00000000000051ac                alt_irq_init
                0x00000000000051ec                alt_sys_init
 .text          0x0000000000005264      0x164 ../../bsp/hal_my_uart//libhal_bsp.a(altera_avalon_jtag_uart_fd.o)
                0x0000000000005264                altera_avalon_jtag_uart_read_fd
                0x00000000000052c4                altera_avalon_jtag_uart_write_fd
                0x0000000000005324                altera_avalon_jtag_uart_close_fd
                0x0000000000005374                altera_avalon_jtag_uart_ioctl_fd
 .text          0x00000000000053c8      0x468 ../../bsp/hal_my_uart//libhal_bsp.a(altera_avalon_jtag_uart_init.o)
                0x00000000000053c8                altera_avalon_jtag_uart_init
                0x00000000000057c8                altera_avalon_jtag_uart_close
 .text          0x0000000000005830       0xec ../../bsp/hal_my_uart//libhal_bsp.a(altera_avalon_jtag_uart_ioctl.o)
                0x0000000000005830                altera_avalon_jtag_uart_ioctl
 .text          0x000000000000591c      0x238 ../../bsp/hal_my_uart//libhal_bsp.a(altera_avalon_jtag_uart_read.o)
                0x000000000000591c                altera_avalon_jtag_uart_read
 .text          0x0000000000005b54      0x244 ../../bsp/hal_my_uart//libhal_bsp.a(altera_avalon_jtag_uart_write.o)
                0x0000000000005b54                altera_avalon_jtag_uart_write
 .text          0x0000000000005d98      0x12c ../../bsp/hal_my_uart//libhal_bsp.a(altera_avalon_timer_sc.o)
                0x0000000000005e3c                alt_avalon_timer_sc_init
 .text          0x0000000000005ec4       0x80 ../../bsp/hal_my_uart//libhal_bsp.a(altera_vic_0_vector_tbl.o)
                0x0000000000005ec4                VIC_0_VECTOR_TABLE
 .text          0x0000000000005f44       0x18 ../../bsp/hal_my_uart//libhal_bsp.a(altera_vic_funnel_non_preemptive.o)
                0x0000000000005f44                alt_shadow_non_preemptive_interrupt
 .text          0x0000000000005f5c      0x13c ../../bsp/hal_my_uart//libhal_bsp.a(altera_vic_irq_init.o)
                0x0000000000005f5c                alt_vic_irq_init
 .text          0x0000000000006098      0x158 ../../bsp/hal_my_uart//libhal_bsp.a(altera_vic_isr_register.o)
                0x0000000000006098                alt_ic_isr_register
 .text          0x00000000000061f0       0xc0 ../../bsp/hal_my_uart//libhal_bsp.a(my_uart_fd.o)
                0x00000000000061f0                my_uart_read_fd
                0x0000000000006250                my_uart_write_fd
 .text          0x00000000000062b0      0x344 ../../bsp/hal_my_uart//libhal_bsp.a(my_uart_init.o)
                0x00000000000062b0                my_uart_init
 .text          0x00000000000065f4      0x28c ../../bsp/hal_my_uart//libhal_bsp.a(my_uart_read.o)
                0x0000000000006644                my_uart_read
 .text          0x0000000000006880      0x254 ../../bsp/hal_my_uart//libhal_bsp.a(my_uart_write.o)
                0x00000000000068d0                my_uart_write
 .text          0x0000000000006ad4      0x16c ../../bsp/hal_my_uart//libhal_bsp.a(alt_alarm_start.o)
                0x0000000000006ad4                alt_alarm_start
 .text          0x0000000000006c40      0x120 ../../bsp/hal_my_uart//libhal_bsp.a(alt_close.o)
                0x0000000000006c90                close
 .text          0x0000000000006d60       0x2c ../../bsp/hal_my_uart//libhal_bsp.a(alt_dev.o)
 .text          0x0000000000006d8c       0xf4 ../../bsp/hal_my_uart//libhal_bsp.a(alt_dev_llist_insert.o)
                0x0000000000006ddc                alt_dev_llist_insert
 .text          0x0000000000006e80        0x0 ../../bsp/hal_my_uart//libhal_bsp.a(alt_errno.o)
 .text          0x0000000000006e80      0x138 ../../bsp/hal_my_uart//libhal_bsp.a(alt_io_redirect.o)
                0x0000000000006f40                alt_io_redirect
 .text          0x0000000000006fb8      0x274 ../../bsp/hal_my_uart//libhal_bsp.a(alt_open.o)
                0x00000000000070d4                open
 .text          0x000000000000722c       0x60 ../../bsp/hal_my_uart//libhal_bsp.a(alt_release_fd.o)
                0x000000000000722c                alt_release_fd
 .text          0x000000000000728c       0x90 ../../bsp/hal_my_uart//libhal_bsp.a(alt_find_dev.o)
                0x000000000000728c                alt_find_dev
 .text          0x000000000000731c      0x114 ../../bsp/hal_my_uart//libhal_bsp.a(alt_find_file.o)
                0x000000000000731c                alt_find_file
 .text          0x0000000000007430       0xb4 ../../bsp/hal_my_uart//libhal_bsp.a(alt_get_fd.o)
                0x0000000000007430                alt_get_fd
 .text          0x00000000000074e4       0x20 /acds_releases/acds/15.0/142/linux64/nios2eds/bin/gnu/H-x86_64-pc-linux-gnu/bin/../lib/gcc/nios2-elf/4.9.1/../../../../../H-x86_64-pc-linux-gnu/nios2-elf/lib/libsmallc.a(lib_a-exit.o)
                0x00000000000074e4                exit
 .text          0x0000000000007504        0x0 /acds_releases/acds/15.0/142/linux64/nios2eds/bin/gnu/H-x86_64-pc-linux-gnu/bin/../lib/gcc/nios2-elf/4.9.1/../../../../../H-x86_64-pc-linux-gnu/nios2-elf/lib/libsmallc.a(lib_a-int_errno.o)
 .text          0x0000000000007504       0x30 /acds_releases/acds/15.0/142/linux64/nios2eds/bin/gnu/H-x86_64-pc-linux-gnu/bin/../lib/gcc/nios2-elf/4.9.1/../../../../../H-x86_64-pc-linux-gnu/nios2-elf/lib/libsmallc.a(lib_a-memcmp.o)
                0x0000000000007504                memcmp
 .text          0x0000000000007534       0x1c /acds_releases/acds/15.0/142/linux64/nios2eds/bin/gnu/H-x86_64-pc-linux-gnu/bin/../lib/gcc/nios2-elf/4.9.1/../../../../../H-x86_64-pc-linux-gnu/nios2-elf/lib/libsmallc.a(lib_a-strlen.o)
                0x0000000000007534                strlen
 .text          0x0000000000007550       0x4c /acds_releases/acds/15.0/142/linux64/nios2eds/bin/gnu/H-x86_64-pc-linux-gnu/bin/../lib/gcc/nios2-elf/4.9.1/../../../../../H-x86_64-pc-linux-gnu/nios2-elf/lib/libsmallc.a(lib_a-strncpy.o)
                0x0000000000007550                strncpy
 .text          0x000000000000759c      0x19c /acds_releases/acds/15.0/142/linux64/nios2eds/bin/gnu/H-x86_64-pc-linux-gnu/bin/../lib/gcc/nios2-elf/4.9.1/../../../../../H-x86_64-pc-linux-gnu/nios2-elf/lib/libsmallc.a(lib_a-__call_atexit.o)
                0x000000000000759c                __call_exitprocs
 .text          0x0000000000007738        0x0 /acds_releases/acds/15.0/142/linux64/nios2eds/bin/gnu/H-x86_64-pc-linux-gnu/bin/../lib/gcc/nios2-elf/4.9.1/../../../../../H-x86_64-pc-linux-gnu/nios2-elf/lib/libsmallc.a(lib_a-impure.o)
 .text          0x0000000000007738      0x12c /acds_releases/acds/15.0/142/linux64/nios2eds/bin/gnu/H-x86_64-pc-linux-gnu/bin/../lib/gcc/nios2-elf/4.9.1/libgcc.a(lib2-divmod.o)
                0x00000000000077a4                __divsi3
                0x00000000000077f8                __modsi3
                0x0000000000007854                __udivsi3
                0x000000000000785c                __umodsi3
 .text          0x0000000000007864       0xdc ../../bsp/hal_my_uart//libhal_bsp.a(alt_exit.o)
                0x0000000000007864                _exit
 *(.gnu.warning.*)
 *(.fini)
                0x0000000000007940                PROVIDE (__etext, ABSOLUTE (.))
                0x0000000000007940                PROVIDE (_etext, ABSOLUTE (.))
                0x0000000000007940                PROVIDE (etext, ABSOLUTE (.))
 *(.eh_frame_hdr)
                0x0000000000007940                . = ALIGN (0x4)
                0x0000000000007940                PROVIDE (__preinit_array_start, ABSOLUTE (.))
 *(.preinit_array)
                0x0000000000007940                PROVIDE (__preinit_array_end, ABSOLUTE (.))
                0x0000000000007940                PROVIDE (__init_array_start, ABSOLUTE (.))
 *(.init_array)
                0x0000000000007940                PROVIDE (__init_array_end, ABSOLUTE (.))
                0x0000000000007940                PROVIDE (__fini_array_start, ABSOLUTE (.))
 *(.fini_array)
                0x0000000000007940                PROVIDE (__fini_array_end, ABSOLUTE (.))
 *(.eh_frame)
 *(.gcc_except_table .gcc_except_table.*)
 *(.dynamic)
                0x0000000000007940                PROVIDE (__CTOR_LIST__, ABSOLUTE (.))
 *(.ctors)
 *(SORT(.ctors.*))
                0x0000000000007940                PROVIDE (__CTOR_END__, ABSOLUTE (.))
                0x0000000000007940                PROVIDE (__DTOR_LIST__, ABSOLUTE (.))
 *(.dtors)
 *(SORT(.dtors.*))
                0x0000000000007940                PROVIDE (__DTOR_END__, ABSOLUTE (.))
 *(.jcr)
                0x0000000000007940                . = ALIGN (0x4)

.rodata         0x0000000000007940      0x378
                0x0000000000007940                PROVIDE (__ram_rodata_start, ABSOLUTE (.))
                0x0000000000007940                . = ALIGN (0x4)
 *(.rodata .rodata.* .gnu.linkonce.r.*)
 .rodata        0x0000000000007940       0x88 obj/default/./bit_bang_uart.o
 .rodata        0x00000000000079c8       0x9c ../../bsp/hal_my_uart//libhal_bsp.a(alt_log_printf.o)
 .rodata        0x0000000000007a64      0x140 ../../bsp/hal_my_uart//libhal_bsp.a(alt_main.o)
 .rodata        0x0000000000007ba4       0x1c ../../bsp/hal_my_uart//libhal_bsp.a(alt_sys_init.o)
 .rodata        0x0000000000007bc0       0x20 ../../bsp/hal_my_uart//libhal_bsp.a(altera_vic_irq_init.o)
 .rodata        0x0000000000007be0        0xc ../../bsp/hal_my_uart//libhal_bsp.a(alt_dev.o)
 .rodata        0x0000000000007bec       0xcc ../../bsp/hal_my_uart//libhal_bsp.a(alt_exit.o)
 *(.rodata1)
                0x0000000000007cb8                . = ALIGN (0x4)
                0x0000000000007cb8                PROVIDE (__ram_rodata_end, ABSOLUTE (.))
                0x0000000000007940                PROVIDE (__flash_rodata_start, LOADADDR (.rodata))

.rwdata         0x0000000000007cb8     0x13c8
                0x0000000000007cb8                PROVIDE (__ram_rwdata_start, ABSOLUTE (.))
                0x0000000000007cb8                . = ALIGN (0x4)
 *(.got.plt)
 *(.got)
 *(.data1)
 *(.data .data.* .gnu.linkonce.d.*)
 .data          0x0000000000007cb8        0x0 ../../bsp/hal_my_uart//obj/HAL/src/crt0.o
 .data          0x0000000000007cb8        0x0 obj/default/./bit_bang_uart.o
 .data          0x0000000000007cb8        0x0 /acds_releases/acds/15.0/142/linux64/nios2eds/bin/gnu/H-x86_64-pc-linux-gnu/bin/../lib/gcc/nios2-elf/4.9.1/../../../../../H-x86_64-pc-linux-gnu/nios2-elf/lib/libsmallc.a(lib_a-memcpy.o)
 .data          0x0000000000007cb8        0x0 ../../bsp/hal_my_uart//libhal_bsp.a(alt_log_macro.o)
 .data          0x0000000000007cb8       0xa0 ../../bsp/hal_my_uart//libhal_bsp.a(alt_log_printf.o)
                0x0000000000007cb8                alt_log_msg_bss
                0x0000000000007cd4                alt_log_msg_alt_main
                0x0000000000007cf4                alt_log_msg_stackpointer
                0x0000000000007d28                alt_log_msg_cache
                0x0000000000007d54                alt_log_boot_on_flag
 .data          0x0000000000007d58        0x0 ../../bsp/hal_my_uart//libhal_bsp.a(alt_main.o)
 .data          0x0000000000007d58        0x0 ../../bsp/hal_my_uart//libhal_bsp.a(alt_tick.o)
 .data          0x0000000000007d58     0x11c0 ../../bsp/hal_my_uart//libhal_bsp.a(alt_sys_init.o)
 .data          0x0000000000008f18        0x0 ../../bsp/hal_my_uart//libhal_bsp.a(altera_avalon_jtag_uart_fd.o)
 .data          0x0000000000008f18        0x0 ../../bsp/hal_my_uart//libhal_bsp.a(altera_avalon_jtag_uart_init.o)
 .data          0x0000000000008f18        0x0 ../../bsp/hal_my_uart//libhal_bsp.a(altera_avalon_jtag_uart_ioctl.o)
 .data          0x0000000000008f18        0x0 ../../bsp/hal_my_uart//libhal_bsp.a(altera_avalon_jtag_uart_read.o)
 .data          0x0000000000008f18        0x0 ../../bsp/hal_my_uart//libhal_bsp.a(altera_avalon_jtag_uart_write.o)
 .data          0x0000000000008f18        0x0 ../../bsp/hal_my_uart//libhal_bsp.a(altera_avalon_timer_sc.o)
 .data          0x0000000000008f18        0x0 ../../bsp/hal_my_uart//libhal_bsp.a(altera_vic_0_vector_tbl.o)
 .data          0x0000000000008f18        0x0 ../../bsp/hal_my_uart//libhal_bsp.a(altera_vic_funnel_non_preemptive.o)
 .data          0x0000000000008f18        0x0 ../../bsp/hal_my_uart//libhal_bsp.a(altera_vic_irq_init.o)
 .data          0x0000000000008f18        0x0 ../../bsp/hal_my_uart//libhal_bsp.a(altera_vic_isr_register.o)
 .data          0x0000000000008f18        0x0 ../../bsp/hal_my_uart//libhal_bsp.a(my_uart_fd.o)
 .data          0x0000000000008f18        0x0 ../../bsp/hal_my_uart//libhal_bsp.a(my_uart_init.o)
 .data          0x0000000000008f18        0x0 ../../bsp/hal_my_uart//libhal_bsp.a(my_uart_read.o)
 .data          0x0000000000008f18        0x0 ../../bsp/hal_my_uart//libhal_bsp.a(my_uart_write.o)
 .data          0x0000000000008f18        0x0 ../../bsp/hal_my_uart//libhal_bsp.a(alt_alarm_start.o)
 .data          0x0000000000008f18        0x0 ../../bsp/hal_my_uart//libhal_bsp.a(alt_close.o)
 .data          0x0000000000008f18       0x58 ../../bsp/hal_my_uart//libhal_bsp.a(alt_dev.o)
                0x0000000000008f18                alt_dev_null
                0x0000000000008f40                alt_fd_list
 .data          0x0000000000008f70        0x0 ../../bsp/hal_my_uart//libhal_bsp.a(alt_dev_llist_insert.o)
 .data          0x0000000000008f70        0x0 ../../bsp/hal_my_uart//libhal_bsp.a(alt_errno.o)
 .data          0x0000000000008f70        0x0 ../../bsp/hal_my_uart//libhal_bsp.a(alt_io_redirect.o)
 .data          0x0000000000008f70        0x0 ../../bsp/hal_my_uart//libhal_bsp.a(alt_open.o)
 .data          0x0000000000008f70        0x0 ../../bsp/hal_my_uart//libhal_bsp.a(alt_release_fd.o)
 .data          0x0000000000008f70        0x0 ../../bsp/hal_my_uart//libhal_bsp.a(alt_find_dev.o)
 .data          0x0000000000008f70        0x0 ../../bsp/hal_my_uart//libhal_bsp.a(alt_find_file.o)
 .data          0x0000000000008f70        0x0 ../../bsp/hal_my_uart//libhal_bsp.a(alt_get_fd.o)
 .data          0x0000000000008f70        0x0 /acds_releases/acds/15.0/142/linux64/nios2eds/bin/gnu/H-x86_64-pc-linux-gnu/bin/../lib/gcc/nios2-elf/4.9.1/../../../../../H-x86_64-pc-linux-gnu/nios2-elf/lib/libsmallc.a(lib_a-exit.o)
 .data          0x0000000000008f70        0x0 /acds_releases/acds/15.0/142/linux64/nios2eds/bin/gnu/H-x86_64-pc-linux-gnu/bin/../lib/gcc/nios2-elf/4.9.1/../../../../../H-x86_64-pc-linux-gnu/nios2-elf/lib/libsmallc.a(lib_a-int_errno.o)
 .data          0x0000000000008f70        0x0 /acds_releases/acds/15.0/142/linux64/nios2eds/bin/gnu/H-x86_64-pc-linux-gnu/bin/../lib/gcc/nios2-elf/4.9.1/../../../../../H-x86_64-pc-linux-gnu/nios2-elf/lib/libsmallc.a(lib_a-memcmp.o)
 .data          0x0000000000008f70        0x0 /acds_releases/acds/15.0/142/linux64/nios2eds/bin/gnu/H-x86_64-pc-linux-gnu/bin/../lib/gcc/nios2-elf/4.9.1/../../../../../H-x86_64-pc-linux-gnu/nios2-elf/lib/libsmallc.a(lib_a-strlen.o)
 .data          0x0000000000008f70        0x0 /acds_releases/acds/15.0/142/linux64/nios2eds/bin/gnu/H-x86_64-pc-linux-gnu/bin/../lib/gcc/nios2-elf/4.9.1/../../../../../H-x86_64-pc-linux-gnu/nios2-elf/lib/libsmallc.a(lib_a-strncpy.o)
 .data          0x0000000000008f70        0x0 /acds_releases/acds/15.0/142/linux64/nios2eds/bin/gnu/H-x86_64-pc-linux-gnu/bin/../lib/gcc/nios2-elf/4.9.1/../../../../../H-x86_64-pc-linux-gnu/nios2-elf/lib/libsmallc.a(lib_a-__call_atexit.o)
 .data          0x0000000000008f70       0xe0 /acds_releases/acds/15.0/142/linux64/nios2eds/bin/gnu/H-x86_64-pc-linux-gnu/bin/../lib/gcc/nios2-elf/4.9.1/../../../../../H-x86_64-pc-linux-gnu/nios2-elf/lib/libsmallc.a(lib_a-impure.o)
 .data          0x0000000000009050        0x0 /acds_releases/acds/15.0/142/linux64/nios2eds/bin/gnu/H-x86_64-pc-linux-gnu/bin/../lib/gcc/nios2-elf/4.9.1/libgcc.a(lib2-divmod.o)
 .data          0x0000000000009050        0x0 ../../bsp/hal_my_uart//libhal_bsp.a(alt_exit.o)
                0x0000000000011050                _gp = ABSOLUTE ((. + 0x8000))
                0x0000000000011050                PROVIDE (gp, _gp)
 *(.rwdata .rwdata.*)
 *(.sdata .sdata.* .gnu.linkonce.s.*)
 .sdata         0x0000000000009050        0x5 ../../bsp/hal_my_uart//libhal_bsp.a(alt_log_printf.o)
                0x0000000000009050                alt_log_write_on_flag
                0x0000000000009051                alt_log_sys_clk_on_flag
                0x0000000000009052                alt_log_jtag_uart_alarm_on_flag
                0x0000000000009053                alt_log_jtag_uart_isr_on_flag
                0x0000000000009054                alt_log_jtag_uart_startup_info_on_flag
 *fill*         0x0000000000009055        0x3 
 .sdata         0x0000000000009058        0x8 ../../bsp/hal_my_uart//libhal_bsp.a(alt_tick.o)
                0x0000000000009058                alt_alarm_list
 .sdata         0x0000000000009060       0x14 ../../bsp/hal_my_uart//libhal_bsp.a(alt_dev.o)
                0x0000000000009060                alt_fs_list
                0x0000000000009068                alt_dev_list
                0x0000000000009070                alt_max_fd
 .sdata         0x0000000000009074        0x4 ../../bsp/hal_my_uart//libhal_bsp.a(alt_errno.o)
                0x0000000000009074                alt_errno
 .sdata         0x0000000000009078        0x8 /acds_releases/acds/15.0/142/linux64/nios2eds/bin/gnu/H-x86_64-pc-linux-gnu/bin/../lib/gcc/nios2-elf/4.9.1/../../../../../H-x86_64-pc-linux-gnu/nios2-elf/lib/libsmallc.a(lib_a-impure.o)
                0x0000000000009078                _global_impure_ptr
                0x000000000000907c                _impure_ptr
 *(.sdata2 .sdata2.* .gnu.linkonce.s2.*)
                0x0000000000009080                . = ALIGN (0x4)
                0x0000000000009080                _edata = ABSOLUTE (.)
                0x0000000000009080                PROVIDE (edata, ABSOLUTE (.))
                0x0000000000009080                PROVIDE (__ram_rwdata_end, ABSOLUTE (.))
                0x0000000000007cb8                PROVIDE (__flash_rwdata_start, LOADADDR (.rwdata))

.bss            0x0000000000009080       0x50
                0x0000000000009080                __bss_start = ABSOLUTE (.)
                0x0000000000009080                PROVIDE (__sbss_start, ABSOLUTE (.))
                0x0000000000009080                PROVIDE (___sbss_start, ABSOLUTE (.))
 *(.dynsbss)
 *(.sbss .sbss.* .gnu.linkonce.sb.*)
 .sbss          0x0000000000009080        0x8 ../../bsp/hal_my_uart//libhal_bsp.a(alt_log_printf.o)
                0x0000000000009080                alt_system_clock_in_sec
                0x0000000000009084                alt_log_sys_clk_count
 .sbss          0x0000000000009088        0xc ../../bsp/hal_my_uart//libhal_bsp.a(alt_main.o)
                0x0000000000009088                alt_argc
                0x000000000000908c                alt_argv
                0x0000000000009090                alt_envp
 .sbss          0x0000000000009094        0x8 ../../bsp/hal_my_uart//libhal_bsp.a(alt_tick.o)
                0x0000000000009094                _alt_tick_rate
                0x0000000000009098                _alt_nticks
 .sbss          0x000000000000909c        0x4 ../../bsp/hal_my_uart//libhal_bsp.a(altera_vic_irq_init.o)
                0x000000000000909c                alt_vic_dev_list
 .sbss          0x00000000000090a0        0x4 /acds_releases/acds/15.0/142/linux64/nios2eds/bin/gnu/H-x86_64-pc-linux-gnu/bin/../lib/gcc/nios2-elf/4.9.1/../../../../../H-x86_64-pc-linux-gnu/nios2-elf/lib/libsmallc.a(lib_a-int_errno.o)
                0x00000000000090a0                errno
 *(.sbss2 .sbss2.* .gnu.linkonce.sb2.*)
 *(.scommon)
                0x00000000000090a4                PROVIDE (__sbss_end, ABSOLUTE (.))
                0x00000000000090a4                PROVIDE (___sbss_end, ABSOLUTE (.))
 *(.dynbss)
 *(.bss .bss.* .gnu.linkonce.b.*)
 .bss           0x00000000000090a4        0x0 ../../bsp/hal_my_uart//obj/HAL/src/crt0.o
 .bss           0x00000000000090a4        0x0 obj/default/./bit_bang_uart.o
 .bss           0x00000000000090a4        0x0 /acds_releases/acds/15.0/142/linux64/nios2eds/bin/gnu/H-x86_64-pc-linux-gnu/bin/../lib/gcc/nios2-elf/4.9.1/../../../../../H-x86_64-pc-linux-gnu/nios2-elf/lib/libsmallc.a(lib_a-memcpy.o)
 .bss           0x00000000000090a4        0x0 ../../bsp/hal_my_uart//libhal_bsp.a(alt_log_macro.o)
 .bss           0x00000000000090a4        0x0 ../../bsp/hal_my_uart//libhal_bsp.a(alt_log_printf.o)
 .bss           0x00000000000090a4        0x0 ../../bsp/hal_my_uart//libhal_bsp.a(alt_main.o)
 .bss           0x00000000000090a4        0x0 ../../bsp/hal_my_uart//libhal_bsp.a(alt_tick.o)
 .bss           0x00000000000090a4        0x0 ../../bsp/hal_my_uart//libhal_bsp.a(alt_sys_init.o)
 .bss           0x00000000000090a4        0x0 ../../bsp/hal_my_uart//libhal_bsp.a(altera_avalon_jtag_uart_fd.o)
 .bss           0x00000000000090a4        0x0 ../../bsp/hal_my_uart//libhal_bsp.a(altera_avalon_jtag_uart_init.o)
 .bss           0x00000000000090a4        0x0 ../../bsp/hal_my_uart//libhal_bsp.a(altera_avalon_jtag_uart_ioctl.o)
 .bss           0x00000000000090a4        0x0 ../../bsp/hal_my_uart//libhal_bsp.a(altera_avalon_jtag_uart_read.o)
 .bss           0x00000000000090a4        0x0 ../../bsp/hal_my_uart//libhal_bsp.a(altera_avalon_jtag_uart_write.o)
 .bss           0x00000000000090a4        0x0 ../../bsp/hal_my_uart//libhal_bsp.a(altera_avalon_timer_sc.o)
 .bss           0x00000000000090a4        0x0 ../../bsp/hal_my_uart//libhal_bsp.a(altera_vic_0_vector_tbl.o)
 .bss           0x00000000000090a4        0x0 ../../bsp/hal_my_uart//libhal_bsp.a(altera_vic_funnel_non_preemptive.o)
 .bss           0x00000000000090a4        0x0 ../../bsp/hal_my_uart//libhal_bsp.a(altera_vic_irq_init.o)
 .bss           0x00000000000090a4        0x0 ../../bsp/hal_my_uart//libhal_bsp.a(altera_vic_isr_register.o)
 .bss           0x00000000000090a4        0x0 ../../bsp/hal_my_uart//libhal_bsp.a(my_uart_fd.o)
 .bss           0x00000000000090a4        0x0 ../../bsp/hal_my_uart//libhal_bsp.a(my_uart_init.o)
 .bss           0x00000000000090a4        0x0 ../../bsp/hal_my_uart//libhal_bsp.a(my_uart_read.o)
 .bss           0x00000000000090a4        0x0 ../../bsp/hal_my_uart//libhal_bsp.a(my_uart_write.o)
 .bss           0x00000000000090a4        0x0 ../../bsp/hal_my_uart//libhal_bsp.a(alt_alarm_start.o)
 .bss           0x00000000000090a4        0x0 ../../bsp/hal_my_uart//libhal_bsp.a(alt_close.o)
 .bss           0x00000000000090a4        0x0 ../../bsp/hal_my_uart//libhal_bsp.a(alt_dev.o)
 .bss           0x00000000000090a4        0x0 ../../bsp/hal_my_uart//libhal_bsp.a(alt_dev_llist_insert.o)
 .bss           0x00000000000090a4        0x0 ../../bsp/hal_my_uart//libhal_bsp.a(alt_errno.o)
 .bss           0x00000000000090a4        0x0 ../../bsp/hal_my_uart//libhal_bsp.a(alt_io_redirect.o)
 .bss           0x00000000000090a4        0x0 ../../bsp/hal_my_uart//libhal_bsp.a(alt_open.o)
 .bss           0x00000000000090a4        0x0 ../../bsp/hal_my_uart//libhal_bsp.a(alt_release_fd.o)
 .bss           0x00000000000090a4        0x0 ../../bsp/hal_my_uart//libhal_bsp.a(alt_find_dev.o)
 .bss           0x00000000000090a4        0x0 ../../bsp/hal_my_uart//libhal_bsp.a(alt_find_file.o)
 .bss           0x00000000000090a4        0x0 ../../bsp/hal_my_uart//libhal_bsp.a(alt_get_fd.o)
 .bss           0x00000000000090a4        0x0 /acds_releases/acds/15.0/142/linux64/nios2eds/bin/gnu/H-x86_64-pc-linux-gnu/bin/../lib/gcc/nios2-elf/4.9.1/../../../../../H-x86_64-pc-linux-gnu/nios2-elf/lib/libsmallc.a(lib_a-exit.o)
 .bss           0x00000000000090a4        0x0 /acds_releases/acds/15.0/142/linux64/nios2eds/bin/gnu/H-x86_64-pc-linux-gnu/bin/../lib/gcc/nios2-elf/4.9.1/../../../../../H-x86_64-pc-linux-gnu/nios2-elf/lib/libsmallc.a(lib_a-int_errno.o)
 .bss           0x00000000000090a4        0x0 /acds_releases/acds/15.0/142/linux64/nios2eds/bin/gnu/H-x86_64-pc-linux-gnu/bin/../lib/gcc/nios2-elf/4.9.1/../../../../../H-x86_64-pc-linux-gnu/nios2-elf/lib/libsmallc.a(lib_a-memcmp.o)
 .bss           0x00000000000090a4        0x0 /acds_releases/acds/15.0/142/linux64/nios2eds/bin/gnu/H-x86_64-pc-linux-gnu/bin/../lib/gcc/nios2-elf/4.9.1/../../../../../H-x86_64-pc-linux-gnu/nios2-elf/lib/libsmallc.a(lib_a-strlen.o)
 .bss           0x00000000000090a4        0x0 /acds_releases/acds/15.0/142/linux64/nios2eds/bin/gnu/H-x86_64-pc-linux-gnu/bin/../lib/gcc/nios2-elf/4.9.1/../../../../../H-x86_64-pc-linux-gnu/nios2-elf/lib/libsmallc.a(lib_a-strncpy.o)
 .bss           0x00000000000090a4        0x0 /acds_releases/acds/15.0/142/linux64/nios2eds/bin/gnu/H-x86_64-pc-linux-gnu/bin/../lib/gcc/nios2-elf/4.9.1/../../../../../H-x86_64-pc-linux-gnu/nios2-elf/lib/libsmallc.a(lib_a-__call_atexit.o)
 .bss           0x00000000000090a4        0x0 /acds_releases/acds/15.0/142/linux64/nios2eds/bin/gnu/H-x86_64-pc-linux-gnu/bin/../lib/gcc/nios2-elf/4.9.1/../../../../../H-x86_64-pc-linux-gnu/nios2-elf/lib/libsmallc.a(lib_a-impure.o)
 .bss           0x00000000000090a4        0x0 /acds_releases/acds/15.0/142/linux64/nios2eds/bin/gnu/H-x86_64-pc-linux-gnu/bin/../lib/gcc/nios2-elf/4.9.1/libgcc.a(lib2-divmod.o)
 .bss           0x00000000000090a4        0x0 ../../bsp/hal_my_uart//libhal_bsp.a(alt_exit.o)
 *(COMMON)
 COMMON         0x00000000000090a4       0x2c ../../bsp/hal_my_uart//libhal_bsp.a(alt_log_printf.o)
                0x00000000000090a4                alt_log_write_buf
                0x00000000000090b8                alt_log_jtag_uart_alarm_1
                0x00000000000090d0                . = ALIGN (0x4)
                0x00000000000090d0                __bss_end = ABSOLUTE (.)

.onchip_memory  0x00000000000090d0        0x0
                0x00000000000090d0                PROVIDE (_alt_partition_onchip_memory_start, ABSOLUTE (.))
 *(.onchip_memory .onchip_memory. onchip_memory.*)
                0x00000000000090d0                . = ALIGN (0x4)
                0x00000000000090d0                PROVIDE (_alt_partition_onchip_memory_end, ABSOLUTE (.))
                0x00000000000090d0                _end = ABSOLUTE (.)
                0x00000000000090d0                end = ABSOLUTE (.)
                0x00000000000090d0                __alt_stack_base = ABSOLUTE (.)
                0x00000000000090d0                PROVIDE (_alt_partition_onchip_memory_load_addr, LOADADDR (.onchip_memory))

.stab
 *(.stab)

.stabstr
 *(.stabstr)

.stab.excl
 *(.stab.excl)

.stab.exclstr
 *(.stab.exclstr)

.stab.index
 *(.stab.index)

.stab.indexstr
 *(.stab.indexstr)

.comment        0x0000000000000000       0x46
 *(.comment)
 .comment       0x0000000000000000       0x23 obj/default/./bit_bang_uart.o
                                         0x24 (size before relaxing)
 .comment       0x0000000000000000       0x24 /acds_releases/acds/15.0/142/linux64/nios2eds/bin/gnu/H-x86_64-pc-linux-gnu/bin/../lib/gcc/nios2-elf/4.9.1/../../../../../H-x86_64-pc-linux-gnu/nios2-elf/lib/libsmallc.a(lib_a-memcpy.o)
 .comment       0x0000000000000023       0x23 ../../bsp/hal_my_uart//libhal_bsp.a(alt_log_printf.o)
                                         0x24 (size before relaxing)
 .comment       0x0000000000000000       0x24 ../../bsp/hal_my_uart//libhal_bsp.a(alt_main.o)
 .comment       0x0000000000000000       0x24 ../../bsp/hal_my_uart//libhal_bsp.a(alt_tick.o)
 .comment       0x0000000000000000       0x24 ../../bsp/hal_my_uart//libhal_bsp.a(alt_sys_init.o)
 .comment       0x0000000000000000       0x24 ../../bsp/hal_my_uart//libhal_bsp.a(altera_avalon_jtag_uart_fd.o)
 .comment       0x0000000000000000       0x24 ../../bsp/hal_my_uart//libhal_bsp.a(altera_avalon_jtag_uart_init.o)
 .comment       0x0000000000000000       0x24 ../../bsp/hal_my_uart//libhal_bsp.a(altera_avalon_jtag_uart_ioctl.o)
 .comment       0x0000000000000000       0x24 ../../bsp/hal_my_uart//libhal_bsp.a(altera_avalon_jtag_uart_read.o)
 .comment       0x0000000000000000       0x24 ../../bsp/hal_my_uart//libhal_bsp.a(altera_avalon_jtag_uart_write.o)
 .comment       0x0000000000000000       0x24 ../../bsp/hal_my_uart//libhal_bsp.a(altera_avalon_timer_sc.o)
 .comment       0x0000000000000000       0x24 ../../bsp/hal_my_uart//libhal_bsp.a(altera_vic_irq_init.o)
 .comment       0x0000000000000000       0x24 ../../bsp/hal_my_uart//libhal_bsp.a(altera_vic_isr_register.o)
 .comment       0x0000000000000000       0x24 ../../bsp/hal_my_uart//libhal_bsp.a(my_uart_fd.o)
 .comment       0x0000000000000000       0x24 ../../bsp/hal_my_uart//libhal_bsp.a(my_uart_init.o)
 .comment       0x0000000000000000       0x24 ../../bsp/hal_my_uart//libhal_bsp.a(my_uart_read.o)
 .comment       0x0000000000000000       0x24 ../../bsp/hal_my_uart//libhal_bsp.a(my_uart_write.o)
 .comment       0x0000000000000000       0x24 ../../bsp/hal_my_uart//libhal_bsp.a(alt_alarm_start.o)
 .comment       0x0000000000000000       0x24 ../../bsp/hal_my_uart//libhal_bsp.a(alt_close.o)
 .comment       0x0000000000000000       0x24 ../../bsp/hal_my_uart//libhal_bsp.a(alt_dev.o)
 .comment       0x0000000000000000       0x24 ../../bsp/hal_my_uart//libhal_bsp.a(alt_dev_llist_insert.o)
 .comment       0x0000000000000000       0x24 ../../bsp/hal_my_uart//libhal_bsp.a(alt_errno.o)
 .comment       0x0000000000000000       0x24 ../../bsp/hal_my_uart//libhal_bsp.a(alt_io_redirect.o)
 .comment       0x0000000000000000       0x24 ../../bsp/hal_my_uart//libhal_bsp.a(alt_open.o)
 .comment       0x0000000000000000       0x24 ../../bsp/hal_my_uart//libhal_bsp.a(alt_release_fd.o)
 .comment       0x0000000000000000       0x24 ../../bsp/hal_my_uart//libhal_bsp.a(alt_find_dev.o)
 .comment       0x0000000000000000       0x24 ../../bsp/hal_my_uart//libhal_bsp.a(alt_find_file.o)
 .comment       0x0000000000000000       0x24 ../../bsp/hal_my_uart//libhal_bsp.a(alt_get_fd.o)
 .comment       0x0000000000000000       0x24 /acds_releases/acds/15.0/142/linux64/nios2eds/bin/gnu/H-x86_64-pc-linux-gnu/bin/../lib/gcc/nios2-elf/4.9.1/../../../../../H-x86_64-pc-linux-gnu/nios2-elf/lib/libsmallc.a(lib_a-exit.o)
 .comment       0x0000000000000000       0x24 /acds_releases/acds/15.0/142/linux64/nios2eds/bin/gnu/H-x86_64-pc-linux-gnu/bin/../lib/gcc/nios2-elf/4.9.1/../../../../../H-x86_64-pc-linux-gnu/nios2-elf/lib/libsmallc.a(lib_a-int_errno.o)
 .comment       0x0000000000000000       0x24 /acds_releases/acds/15.0/142/linux64/nios2eds/bin/gnu/H-x86_64-pc-linux-gnu/bin/../lib/gcc/nios2-elf/4.9.1/../../../../../H-x86_64-pc-linux-gnu/nios2-elf/lib/libsmallc.a(lib_a-memcmp.o)
 .comment       0x0000000000000000       0x24 /acds_releases/acds/15.0/142/linux64/nios2eds/bin/gnu/H-x86_64-pc-linux-gnu/bin/../lib/gcc/nios2-elf/4.9.1/../../../../../H-x86_64-pc-linux-gnu/nios2-elf/lib/libsmallc.a(lib_a-strlen.o)
 .comment       0x0000000000000000       0x24 /acds_releases/acds/15.0/142/linux64/nios2eds/bin/gnu/H-x86_64-pc-linux-gnu/bin/../lib/gcc/nios2-elf/4.9.1/../../../../../H-x86_64-pc-linux-gnu/nios2-elf/lib/libsmallc.a(lib_a-strncpy.o)
 .comment       0x0000000000000000       0x24 /acds_releases/acds/15.0/142/linux64/nios2eds/bin/gnu/H-x86_64-pc-linux-gnu/bin/../lib/gcc/nios2-elf/4.9.1/../../../../../H-x86_64-pc-linux-gnu/nios2-elf/lib/libsmallc.a(lib_a-__call_atexit.o)
 .comment       0x0000000000000000       0x24 /acds_releases/acds/15.0/142/linux64/nios2eds/bin/gnu/H-x86_64-pc-linux-gnu/bin/../lib/gcc/nios2-elf/4.9.1/../../../../../H-x86_64-pc-linux-gnu/nios2-elf/lib/libsmallc.a(lib_a-impure.o)
 .comment       0x0000000000000000       0x24 /acds_releases/acds/15.0/142/linux64/nios2eds/bin/gnu/H-x86_64-pc-linux-gnu/bin/../lib/gcc/nios2-elf/4.9.1/libgcc.a(lib2-divmod.o)
 .comment       0x0000000000000000       0x24 ../../bsp/hal_my_uart//libhal_bsp.a(alt_exit.o)

.debug
 *(.debug)

.line
 *(.line)

.debug_srcinfo
 *(.debug_srcinfo)

.debug_sfnames
 *(.debug_sfnames)

.debug_aranges  0x0000000000000000      0x530
 *(.debug_aranges)
 .debug_aranges
                0x0000000000000000       0x28 ../../bsp/hal_my_uart//obj/HAL/src/crt0.o
 .debug_aranges
                0x0000000000000028       0x20 obj/default/./bit_bang_uart.o
 .debug_aranges
                0x0000000000000048       0x20 /acds_releases/acds/15.0/142/linux64/nios2eds/bin/gnu/H-x86_64-pc-linux-gnu/bin/../lib/gcc/nios2-elf/4.9.1/../../../../../H-x86_64-pc-linux-gnu/nios2-elf/lib/libsmallc.a(lib_a-memcpy.o)
 .debug_aranges
                0x0000000000000068       0x20 ../../bsp/hal_my_uart//libhal_bsp.a(alt_log_macro.o)
 .debug_aranges
                0x0000000000000088       0x20 ../../bsp/hal_my_uart//libhal_bsp.a(alt_log_printf.o)
 .debug_aranges
                0x00000000000000a8       0x20 ../../bsp/hal_my_uart//libhal_bsp.a(alt_main.o)
 .debug_aranges
                0x00000000000000c8       0x20 ../../bsp/hal_my_uart//libhal_bsp.a(alt_tick.o)
 .debug_aranges
                0x00000000000000e8       0x20 ../../bsp/hal_my_uart//libhal_bsp.a(alt_sys_init.o)
 .debug_aranges
                0x0000000000000108       0x20 ../../bsp/hal_my_uart//libhal_bsp.a(altera_avalon_jtag_uart_fd.o)
 .debug_aranges
                0x0000000000000128       0x20 ../../bsp/hal_my_uart//libhal_bsp.a(altera_avalon_jtag_uart_init.o)
 .debug_aranges
                0x0000000000000148       0x20 ../../bsp/hal_my_uart//libhal_bsp.a(altera_avalon_jtag_uart_ioctl.o)
 .debug_aranges
                0x0000000000000168       0x20 ../../bsp/hal_my_uart//libhal_bsp.a(altera_avalon_jtag_uart_read.o)
 .debug_aranges
                0x0000000000000188       0x20 ../../bsp/hal_my_uart//libhal_bsp.a(altera_avalon_jtag_uart_write.o)
 .debug_aranges
                0x00000000000001a8       0x20 ../../bsp/hal_my_uart//libhal_bsp.a(altera_avalon_timer_sc.o)
 .debug_aranges
                0x00000000000001c8       0x20 ../../bsp/hal_my_uart//libhal_bsp.a(altera_vic_0_vector_tbl.o)
 .debug_aranges
                0x00000000000001e8       0x20 ../../bsp/hal_my_uart//libhal_bsp.a(altera_vic_funnel_non_preemptive.o)
 .debug_aranges
                0x0000000000000208       0x20 ../../bsp/hal_my_uart//libhal_bsp.a(altera_vic_irq_init.o)
 .debug_aranges
                0x0000000000000228       0x20 ../../bsp/hal_my_uart//libhal_bsp.a(altera_vic_isr_register.o)
 .debug_aranges
                0x0000000000000248       0x20 ../../bsp/hal_my_uart//libhal_bsp.a(my_uart_fd.o)
 .debug_aranges
                0x0000000000000268       0x20 ../../bsp/hal_my_uart//libhal_bsp.a(my_uart_init.o)
 .debug_aranges
                0x0000000000000288       0x20 ../../bsp/hal_my_uart//libhal_bsp.a(my_uart_read.o)
 .debug_aranges
                0x00000000000002a8       0x20 ../../bsp/hal_my_uart//libhal_bsp.a(my_uart_write.o)
 .debug_aranges
                0x00000000000002c8       0x20 ../../bsp/hal_my_uart//libhal_bsp.a(alt_alarm_start.o)
 .debug_aranges
                0x00000000000002e8       0x20 ../../bsp/hal_my_uart//libhal_bsp.a(alt_close.o)
 .debug_aranges
                0x0000000000000308       0x20 ../../bsp/hal_my_uart//libhal_bsp.a(alt_dev.o)
 .debug_aranges
                0x0000000000000328       0x20 ../../bsp/hal_my_uart//libhal_bsp.a(alt_dev_llist_insert.o)
 .debug_aranges
                0x0000000000000348       0x18 ../../bsp/hal_my_uart//libhal_bsp.a(alt_errno.o)
 .debug_aranges
                0x0000000000000360       0x20 ../../bsp/hal_my_uart//libhal_bsp.a(alt_io_redirect.o)
 .debug_aranges
                0x0000000000000380       0x20 ../../bsp/hal_my_uart//libhal_bsp.a(alt_open.o)
 .debug_aranges
                0x00000000000003a0       0x20 ../../bsp/hal_my_uart//libhal_bsp.a(alt_release_fd.o)
 .debug_aranges
                0x00000000000003c0       0x20 ../../bsp/hal_my_uart//libhal_bsp.a(alt_find_dev.o)
 .debug_aranges
                0x00000000000003e0       0x20 ../../bsp/hal_my_uart//libhal_bsp.a(alt_find_file.o)
 .debug_aranges
                0x0000000000000400       0x20 ../../bsp/hal_my_uart//libhal_bsp.a(alt_get_fd.o)
 .debug_aranges
                0x0000000000000420       0x20 /acds_releases/acds/15.0/142/linux64/nios2eds/bin/gnu/H-x86_64-pc-linux-gnu/bin/../lib/gcc/nios2-elf/4.9.1/../../../../../H-x86_64-pc-linux-gnu/nios2-elf/lib/libsmallc.a(lib_a-exit.o)
 .debug_aranges
                0x0000000000000440       0x18 /acds_releases/acds/15.0/142/linux64/nios2eds/bin/gnu/H-x86_64-pc-linux-gnu/bin/../lib/gcc/nios2-elf/4.9.1/../../../../../H-x86_64-pc-linux-gnu/nios2-elf/lib/libsmallc.a(lib_a-int_errno.o)
 .debug_aranges
                0x0000000000000458       0x20 /acds_releases/acds/15.0/142/linux64/nios2eds/bin/gnu/H-x86_64-pc-linux-gnu/bin/../lib/gcc/nios2-elf/4.9.1/../../../../../H-x86_64-pc-linux-gnu/nios2-elf/lib/libsmallc.a(lib_a-memcmp.o)
 .debug_aranges
                0x0000000000000478       0x20 /acds_releases/acds/15.0/142/linux64/nios2eds/bin/gnu/H-x86_64-pc-linux-gnu/bin/../lib/gcc/nios2-elf/4.9.1/../../../../../H-x86_64-pc-linux-gnu/nios2-elf/lib/libsmallc.a(lib_a-strlen.o)
 .debug_aranges
                0x0000000000000498       0x20 /acds_releases/acds/15.0/142/linux64/nios2eds/bin/gnu/H-x86_64-pc-linux-gnu/bin/../lib/gcc/nios2-elf/4.9.1/../../../../../H-x86_64-pc-linux-gnu/nios2-elf/lib/libsmallc.a(lib_a-strncpy.o)
 .debug_aranges
                0x00000000000004b8       0x20 /acds_releases/acds/15.0/142/linux64/nios2eds/bin/gnu/H-x86_64-pc-linux-gnu/bin/../lib/gcc/nios2-elf/4.9.1/../../../../../H-x86_64-pc-linux-gnu/nios2-elf/lib/libsmallc.a(lib_a-__call_atexit.o)
 .debug_aranges
                0x00000000000004d8       0x18 /acds_releases/acds/15.0/142/linux64/nios2eds/bin/gnu/H-x86_64-pc-linux-gnu/bin/../lib/gcc/nios2-elf/4.9.1/../../../../../H-x86_64-pc-linux-gnu/nios2-elf/lib/libsmallc.a(lib_a-impure.o)
 .debug_aranges
                0x00000000000004f0       0x20 /acds_releases/acds/15.0/142/linux64/nios2eds/bin/gnu/H-x86_64-pc-linux-gnu/bin/../lib/gcc/nios2-elf/4.9.1/libgcc.a(lib2-divmod.o)
 .debug_aranges
                0x0000000000000510       0x20 ../../bsp/hal_my_uart//libhal_bsp.a(alt_exit.o)

.debug_pubnames
 *(.debug_pubnames)

.debug_info     0x0000000000000000     0x7120
 *(.debug_info .gnu.linkonce.wi.*)
 .debug_info    0x0000000000000000       0x73 ../../bsp/hal_my_uart//obj/HAL/src/crt0.o
 .debug_info    0x0000000000000073      0x1b0 obj/default/./bit_bang_uart.o
 .debug_info    0x0000000000000223      0x106 /acds_releases/acds/15.0/142/linux64/nios2eds/bin/gnu/H-x86_64-pc-linux-gnu/bin/../lib/gcc/nios2-elf/4.9.1/../../../../../H-x86_64-pc-linux-gnu/nios2-elf/lib/libsmallc.a(lib_a-memcpy.o)
 .debug_info    0x0000000000000329       0x80 ../../bsp/hal_my_uart//libhal_bsp.a(alt_log_macro.o)
 .debug_info    0x00000000000003a9      0x7e8 ../../bsp/hal_my_uart//libhal_bsp.a(alt_log_printf.o)
 .debug_info    0x0000000000000b91      0x15b ../../bsp/hal_my_uart//libhal_bsp.a(alt_main.o)
 .debug_info    0x0000000000000cec      0x2af ../../bsp/hal_my_uart//libhal_bsp.a(alt_tick.o)
 .debug_info    0x0000000000000f9b      0x63c ../../bsp/hal_my_uart//libhal_bsp.a(alt_sys_init.o)
 .debug_info    0x00000000000015d7      0x527 ../../bsp/hal_my_uart//libhal_bsp.a(altera_avalon_jtag_uart_fd.o)
 .debug_info    0x0000000000001afe      0x3d6 ../../bsp/hal_my_uart//libhal_bsp.a(altera_avalon_jtag_uart_init.o)
 .debug_info    0x0000000000001ed4      0x279 ../../bsp/hal_my_uart//libhal_bsp.a(altera_avalon_jtag_uart_ioctl.o)
 .debug_info    0x000000000000214d      0x35f ../../bsp/hal_my_uart//libhal_bsp.a(altera_avalon_jtag_uart_read.o)
 .debug_info    0x00000000000024ac      0x356 ../../bsp/hal_my_uart//libhal_bsp.a(altera_avalon_jtag_uart_write.o)
 .debug_info    0x0000000000002802      0x23c ../../bsp/hal_my_uart//libhal_bsp.a(altera_avalon_timer_sc.o)
 .debug_info    0x0000000000002a3e       0x8e ../../bsp/hal_my_uart//libhal_bsp.a(altera_vic_0_vector_tbl.o)
 .debug_info    0x0000000000002acc       0x97 ../../bsp/hal_my_uart//libhal_bsp.a(altera_vic_funnel_non_preemptive.o)
 .debug_info    0x0000000000002b63      0x193 ../../bsp/hal_my_uart//libhal_bsp.a(altera_vic_irq_init.o)
 .debug_info    0x0000000000002cf6      0x27d ../../bsp/hal_my_uart//libhal_bsp.a(altera_vic_isr_register.o)
 .debug_info    0x0000000000002f73      0x401 ../../bsp/hal_my_uart//libhal_bsp.a(my_uart_fd.o)
 .debug_info    0x0000000000003374      0x2dc ../../bsp/hal_my_uart//libhal_bsp.a(my_uart_init.o)
 .debug_info    0x0000000000003650      0x337 ../../bsp/hal_my_uart//libhal_bsp.a(my_uart_read.o)
 .debug_info    0x0000000000003987      0x33c ../../bsp/hal_my_uart//libhal_bsp.a(my_uart_write.o)
 .debug_info    0x0000000000003cc3      0x2e2 ../../bsp/hal_my_uart//libhal_bsp.a(alt_alarm_start.o)
 .debug_info    0x0000000000003fa5      0x31a ../../bsp/hal_my_uart//libhal_bsp.a(alt_close.o)
 .debug_info    0x00000000000042bf      0x495 ../../bsp/hal_my_uart//libhal_bsp.a(alt_dev.o)
 .debug_info    0x0000000000004754      0x1a2 ../../bsp/hal_my_uart//libhal_bsp.a(alt_dev_llist_insert.o)
 .debug_info    0x00000000000048f6       0x9f ../../bsp/hal_my_uart//libhal_bsp.a(alt_errno.o)
 .debug_info    0x0000000000004995      0x49e ../../bsp/hal_my_uart//libhal_bsp.a(alt_io_redirect.o)
 .debug_info    0x0000000000004e33      0x3b4 ../../bsp/hal_my_uart//libhal_bsp.a(alt_open.o)
 .debug_info    0x00000000000051e7      0x2b0 ../../bsp/hal_my_uart//libhal_bsp.a(alt_release_fd.o)
 .debug_info    0x0000000000005497      0x2e2 ../../bsp/hal_my_uart//libhal_bsp.a(alt_find_dev.o)
 .debug_info    0x0000000000005779      0x2df ../../bsp/hal_my_uart//libhal_bsp.a(alt_find_file.o)
 .debug_info    0x0000000000005a58      0x309 ../../bsp/hal_my_uart//libhal_bsp.a(alt_get_fd.o)
 .debug_info    0x0000000000005d61       0xed /acds_releases/acds/15.0/142/linux64/nios2eds/bin/gnu/H-x86_64-pc-linux-gnu/bin/../lib/gcc/nios2-elf/4.9.1/../../../../../H-x86_64-pc-linux-gnu/nios2-elf/lib/libsmallc.a(lib_a-exit.o)
 .debug_info    0x0000000000005e4e       0x83 /acds_releases/acds/15.0/142/linux64/nios2eds/bin/gnu/H-x86_64-pc-linux-gnu/bin/../lib/gcc/nios2-elf/4.9.1/../../../../../H-x86_64-pc-linux-gnu/nios2-elf/lib/libsmallc.a(lib_a-int_errno.o)
 .debug_info    0x0000000000005ed1       0xed /acds_releases/acds/15.0/142/linux64/nios2eds/bin/gnu/H-x86_64-pc-linux-gnu/bin/../lib/gcc/nios2-elf/4.9.1/../../../../../H-x86_64-pc-linux-gnu/nios2-elf/lib/libsmallc.a(lib_a-memcmp.o)
 .debug_info    0x0000000000005fbe       0xc2 /acds_releases/acds/15.0/142/linux64/nios2eds/bin/gnu/H-x86_64-pc-linux-gnu/bin/../lib/gcc/nios2-elf/4.9.1/../../../../../H-x86_64-pc-linux-gnu/nios2-elf/lib/libsmallc.a(lib_a-strlen.o)
 .debug_info    0x0000000000006080       0xf7 /acds_releases/acds/15.0/142/linux64/nios2eds/bin/gnu/H-x86_64-pc-linux-gnu/bin/../lib/gcc/nios2-elf/4.9.1/../../../../../H-x86_64-pc-linux-gnu/nios2-elf/lib/libsmallc.a(lib_a-strncpy.o)
 .debug_info    0x0000000000006177      0x673 /acds_releases/acds/15.0/142/linux64/nios2eds/bin/gnu/H-x86_64-pc-linux-gnu/bin/../lib/gcc/nios2-elf/4.9.1/../../../../../H-x86_64-pc-linux-gnu/nios2-elf/lib/libsmallc.a(lib_a-__call_atexit.o)
 .debug_info    0x00000000000067ea      0x5a7 /acds_releases/acds/15.0/142/linux64/nios2eds/bin/gnu/H-x86_64-pc-linux-gnu/bin/../lib/gcc/nios2-elf/4.9.1/../../../../../H-x86_64-pc-linux-gnu/nios2-elf/lib/libsmallc.a(lib_a-impure.o)
 .debug_info    0x0000000000006d91      0x234 /acds_releases/acds/15.0/142/linux64/nios2eds/bin/gnu/H-x86_64-pc-linux-gnu/bin/../lib/gcc/nios2-elf/4.9.1/libgcc.a(lib2-divmod.o)
 .debug_info    0x0000000000006fc5      0x15b ../../bsp/hal_my_uart//libhal_bsp.a(alt_exit.o)

.debug_abbrev   0x0000000000000000     0x2a06
 *(.debug_abbrev)
 .debug_abbrev  0x0000000000000000       0x12 ../../bsp/hal_my_uart//obj/HAL/src/crt0.o
 .debug_abbrev  0x0000000000000012       0xe1 obj/default/./bit_bang_uart.o
 .debug_abbrev  0x00000000000000f3       0xa4 /acds_releases/acds/15.0/142/linux64/nios2eds/bin/gnu/H-x86_64-pc-linux-gnu/bin/../lib/gcc/nios2-elf/4.9.1/../../../../../H-x86_64-pc-linux-gnu/nios2-elf/lib/libsmallc.a(lib_a-memcpy.o)
 .debug_abbrev  0x0000000000000197       0x14 ../../bsp/hal_my_uart//libhal_bsp.a(alt_log_macro.o)
 .debug_abbrev  0x00000000000001ab      0x244 ../../bsp/hal_my_uart//libhal_bsp.a(alt_log_printf.o)
 .debug_abbrev  0x00000000000003ef       0xc1 ../../bsp/hal_my_uart//libhal_bsp.a(alt_main.o)
 .debug_abbrev  0x00000000000004b0      0x15a ../../bsp/hal_my_uart//libhal_bsp.a(alt_tick.o)
 .debug_abbrev  0x000000000000060a      0x190 ../../bsp/hal_my_uart//libhal_bsp.a(alt_sys_init.o)
 .debug_abbrev  0x000000000000079a      0x127 ../../bsp/hal_my_uart//libhal_bsp.a(altera_avalon_jtag_uart_fd.o)
 .debug_abbrev  0x00000000000008c1      0x197 ../../bsp/hal_my_uart//libhal_bsp.a(altera_avalon_jtag_uart_init.o)
 .debug_abbrev  0x0000000000000a58      0x111 ../../bsp/hal_my_uart//libhal_bsp.a(altera_avalon_jtag_uart_ioctl.o)
 .debug_abbrev  0x0000000000000b69      0x1ac ../../bsp/hal_my_uart//libhal_bsp.a(altera_avalon_jtag_uart_read.o)
 .debug_abbrev  0x0000000000000d15      0x1a8 ../../bsp/hal_my_uart//libhal_bsp.a(altera_avalon_jtag_uart_write.o)
 .debug_abbrev  0x0000000000000ebd      0x155 ../../bsp/hal_my_uart//libhal_bsp.a(altera_avalon_timer_sc.o)
 .debug_abbrev  0x0000000000001012       0x14 ../../bsp/hal_my_uart//libhal_bsp.a(altera_vic_0_vector_tbl.o)
 .debug_abbrev  0x0000000000001026       0x14 ../../bsp/hal_my_uart//libhal_bsp.a(altera_vic_funnel_non_preemptive.o)
 .debug_abbrev  0x000000000000103a       0xd4 ../../bsp/hal_my_uart//libhal_bsp.a(altera_vic_irq_init.o)
 .debug_abbrev  0x000000000000110e      0x158 ../../bsp/hal_my_uart//libhal_bsp.a(altera_vic_isr_register.o)
 .debug_abbrev  0x0000000000001266      0x109 ../../bsp/hal_my_uart//libhal_bsp.a(my_uart_fd.o)
 .debug_abbrev  0x000000000000136f      0x13e ../../bsp/hal_my_uart//libhal_bsp.a(my_uart_init.o)
 .debug_abbrev  0x00000000000014ad      0x183 ../../bsp/hal_my_uart//libhal_bsp.a(my_uart_read.o)
 .debug_abbrev  0x0000000000001630      0x18a ../../bsp/hal_my_uart//libhal_bsp.a(my_uart_write.o)
 .debug_abbrev  0x00000000000017ba      0x162 ../../bsp/hal_my_uart//libhal_bsp.a(alt_alarm_start.o)
 .debug_abbrev  0x000000000000191c      0x11f ../../bsp/hal_my_uart//libhal_bsp.a(alt_close.o)
 .debug_abbrev  0x0000000000001a3b       0xd9 ../../bsp/hal_my_uart//libhal_bsp.a(alt_dev.o)
 .debug_abbrev  0x0000000000001b14      0x114 ../../bsp/hal_my_uart//libhal_bsp.a(alt_dev_llist_insert.o)
 .debug_abbrev  0x0000000000001c28       0x5a ../../bsp/hal_my_uart//libhal_bsp.a(alt_errno.o)
 .debug_abbrev  0x0000000000001c82      0x114 ../../bsp/hal_my_uart//libhal_bsp.a(alt_io_redirect.o)
 .debug_abbrev  0x0000000000001d96      0x148 ../../bsp/hal_my_uart//libhal_bsp.a(alt_open.o)
 .debug_abbrev  0x0000000000001ede       0xde ../../bsp/hal_my_uart//libhal_bsp.a(alt_release_fd.o)
 .debug_abbrev  0x0000000000001fbc       0xf0 ../../bsp/hal_my_uart//libhal_bsp.a(alt_find_dev.o)
 .debug_abbrev  0x00000000000020ac       0xf0 ../../bsp/hal_my_uart//libhal_bsp.a(alt_find_file.o)
 .debug_abbrev  0x000000000000219c      0x10d ../../bsp/hal_my_uart//libhal_bsp.a(alt_get_fd.o)
 .debug_abbrev  0x00000000000022a9       0xa9 /acds_releases/acds/15.0/142/linux64/nios2eds/bin/gnu/H-x86_64-pc-linux-gnu/bin/../lib/gcc/nios2-elf/4.9.1/../../../../../H-x86_64-pc-linux-gnu/nios2-elf/lib/libsmallc.a(lib_a-exit.o)
 .debug_abbrev  0x0000000000002352       0x37 /acds_releases/acds/15.0/142/linux64/nios2eds/bin/gnu/H-x86_64-pc-linux-gnu/bin/../lib/gcc/nios2-elf/4.9.1/../../../../../H-x86_64-pc-linux-gnu/nios2-elf/lib/libsmallc.a(lib_a-int_errno.o)
 .debug_abbrev  0x0000000000002389       0x7f /acds_releases/acds/15.0/142/linux64/nios2eds/bin/gnu/H-x86_64-pc-linux-gnu/bin/../lib/gcc/nios2-elf/4.9.1/../../../../../H-x86_64-pc-linux-gnu/nios2-elf/lib/libsmallc.a(lib_a-memcmp.o)
 .debug_abbrev  0x0000000000002408       0x7f /acds_releases/acds/15.0/142/linux64/nios2eds/bin/gnu/H-x86_64-pc-linux-gnu/bin/../lib/gcc/nios2-elf/4.9.1/../../../../../H-x86_64-pc-linux-gnu/nios2-elf/lib/libsmallc.a(lib_a-strlen.o)
 .debug_abbrev  0x0000000000002487       0x7f /acds_releases/acds/15.0/142/linux64/nios2eds/bin/gnu/H-x86_64-pc-linux-gnu/bin/../lib/gcc/nios2-elf/4.9.1/../../../../../H-x86_64-pc-linux-gnu/nios2-elf/lib/libsmallc.a(lib_a-strncpy.o)
 .debug_abbrev  0x0000000000002506      0x1e9 /acds_releases/acds/15.0/142/linux64/nios2eds/bin/gnu/H-x86_64-pc-linux-gnu/bin/../lib/gcc/nios2-elf/4.9.1/../../../../../H-x86_64-pc-linux-gnu/nios2-elf/lib/libsmallc.a(lib_a-__call_atexit.o)
 .debug_abbrev  0x00000000000026ef      0x14a /acds_releases/acds/15.0/142/linux64/nios2eds/bin/gnu/H-x86_64-pc-linux-gnu/bin/../lib/gcc/nios2-elf/4.9.1/../../../../../H-x86_64-pc-linux-gnu/nios2-elf/lib/libsmallc.a(lib_a-impure.o)
 .debug_abbrev  0x0000000000002839       0xd9 /acds_releases/acds/15.0/142/linux64/nios2eds/bin/gnu/H-x86_64-pc-linux-gnu/bin/../lib/gcc/nios2-elf/4.9.1/libgcc.a(lib2-divmod.o)
 .debug_abbrev  0x0000000000002912       0xf4 ../../bsp/hal_my_uart//libhal_bsp.a(alt_exit.o)

.debug_line     0x0000000000000000     0x2ec4
 *(.debug_line)
 .debug_line    0x0000000000000000       0x8c ../../bsp/hal_my_uart//obj/HAL/src/crt0.o
 .debug_line    0x000000000000008c      0x15c obj/default/./bit_bang_uart.o
 .debug_line    0x00000000000001e8      0x15d /acds_releases/acds/15.0/142/linux64/nios2eds/bin/gnu/H-x86_64-pc-linux-gnu/bin/../lib/gcc/nios2-elf/4.9.1/../../../../../H-x86_64-pc-linux-gnu/nios2-elf/lib/libsmallc.a(lib_a-memcpy.o)
 .debug_line    0x0000000000000345       0x53 ../../bsp/hal_my_uart//libhal_bsp.a(alt_log_macro.o)
 .debug_line    0x0000000000000398      0x2b5 ../../bsp/hal_my_uart//libhal_bsp.a(alt_log_printf.o)
 .debug_line    0x000000000000064d      0x117 ../../bsp/hal_my_uart//libhal_bsp.a(alt_main.o)
 .debug_line    0x0000000000000764      0x102 ../../bsp/hal_my_uart//libhal_bsp.a(alt_tick.o)
 .debug_line    0x0000000000000866      0x190 ../../bsp/hal_my_uart//libhal_bsp.a(alt_sys_init.o)
 .debug_line    0x00000000000009f6      0x12f ../../bsp/hal_my_uart//libhal_bsp.a(altera_avalon_jtag_uart_fd.o)
 .debug_line    0x0000000000000b25      0x1bb ../../bsp/hal_my_uart//libhal_bsp.a(altera_avalon_jtag_uart_init.o)
 .debug_line    0x0000000000000ce0      0x12e ../../bsp/hal_my_uart//libhal_bsp.a(altera_avalon_jtag_uart_ioctl.o)
 .debug_line    0x0000000000000e0e      0x16e ../../bsp/hal_my_uart//libhal_bsp.a(altera_avalon_jtag_uart_read.o)
 .debug_line    0x0000000000000f7c      0x16e ../../bsp/hal_my_uart//libhal_bsp.a(altera_avalon_jtag_uart_write.o)
 .debug_line    0x00000000000010ea      0x102 ../../bsp/hal_my_uart//libhal_bsp.a(altera_avalon_timer_sc.o)
 .debug_line    0x00000000000011ec       0x5c ../../bsp/hal_my_uart//libhal_bsp.a(altera_vic_0_vector_tbl.o)
 .debug_line    0x0000000000001248       0x67 ../../bsp/hal_my_uart//libhal_bsp.a(altera_vic_funnel_non_preemptive.o)
 .debug_line    0x00000000000012af       0xbf ../../bsp/hal_my_uart//libhal_bsp.a(altera_vic_irq_init.o)
 .debug_line    0x000000000000136e       0xd7 ../../bsp/hal_my_uart//libhal_bsp.a(altera_vic_isr_register.o)
 .debug_line    0x0000000000001445       0xcf ../../bsp/hal_my_uart//libhal_bsp.a(my_uart_fd.o)
 .debug_line    0x0000000000001514      0x173 ../../bsp/hal_my_uart//libhal_bsp.a(my_uart_init.o)
 .debug_line    0x0000000000001687      0x17e ../../bsp/hal_my_uart//libhal_bsp.a(my_uart_read.o)
 .debug_line    0x0000000000001805      0x163 ../../bsp/hal_my_uart//libhal_bsp.a(my_uart_write.o)
 .debug_line    0x0000000000001968       0xfe ../../bsp/hal_my_uart//libhal_bsp.a(alt_alarm_start.o)
 .debug_line    0x0000000000001a66      0x179 ../../bsp/hal_my_uart//libhal_bsp.a(alt_close.o)
 .debug_line    0x0000000000001bdf      0x10b ../../bsp/hal_my_uart//libhal_bsp.a(alt_dev.o)
 .debug_line    0x0000000000001cea       0xd0 ../../bsp/hal_my_uart//libhal_bsp.a(alt_dev_llist_insert.o)
 .debug_line    0x0000000000001dba       0x51 ../../bsp/hal_my_uart//libhal_bsp.a(alt_errno.o)
 .debug_line    0x0000000000001e0b      0x146 ../../bsp/hal_my_uart//libhal_bsp.a(alt_io_redirect.o)
 .debug_line    0x0000000000001f51      0x12a ../../bsp/hal_my_uart//libhal_bsp.a(alt_open.o)
 .debug_line    0x000000000000207b       0xae ../../bsp/hal_my_uart//libhal_bsp.a(alt_release_fd.o)
 .debug_line    0x0000000000002129       0xb5 ../../bsp/hal_my_uart//libhal_bsp.a(alt_find_dev.o)
 .debug_line    0x00000000000021de       0xd1 ../../bsp/hal_my_uart//libhal_bsp.a(alt_find_file.o)
 .debug_line    0x00000000000022af       0xd5 ../../bsp/hal_my_uart//libhal_bsp.a(alt_get_fd.o)
 .debug_line    0x0000000000002384      0x157 /acds_releases/acds/15.0/142/linux64/nios2eds/bin/gnu/H-x86_64-pc-linux-gnu/bin/../lib/gcc/nios2-elf/4.9.1/../../../../../H-x86_64-pc-linux-gnu/nios2-elf/lib/libsmallc.a(lib_a-exit.o)
 .debug_line    0x00000000000024db       0x5d /acds_releases/acds/15.0/142/linux64/nios2eds/bin/gnu/H-x86_64-pc-linux-gnu/bin/../lib/gcc/nios2-elf/4.9.1/../../../../../H-x86_64-pc-linux-gnu/nios2-elf/lib/libsmallc.a(lib_a-int_errno.o)
 .debug_line    0x0000000000002538      0x15f /acds_releases/acds/15.0/142/linux64/nios2eds/bin/gnu/H-x86_64-pc-linux-gnu/bin/../lib/gcc/nios2-elf/4.9.1/../../../../../H-x86_64-pc-linux-gnu/nios2-elf/lib/libsmallc.a(lib_a-memcmp.o)
 .debug_line    0x0000000000002697      0x15b /acds_releases/acds/15.0/142/linux64/nios2eds/bin/gnu/H-x86_64-pc-linux-gnu/bin/../lib/gcc/nios2-elf/4.9.1/../../../../../H-x86_64-pc-linux-gnu/nios2-elf/lib/libsmallc.a(lib_a-strlen.o)
 .debug_line    0x00000000000027f2      0x163 /acds_releases/acds/15.0/142/linux64/nios2eds/bin/gnu/H-x86_64-pc-linux-gnu/bin/../lib/gcc/nios2-elf/4.9.1/../../../../../H-x86_64-pc-linux-gnu/nios2-elf/lib/libsmallc.a(lib_a-strncpy.o)
 .debug_line    0x0000000000002955      0x24f /acds_releases/acds/15.0/142/linux64/nios2eds/bin/gnu/H-x86_64-pc-linux-gnu/bin/../lib/gcc/nios2-elf/4.9.1/../../../../../H-x86_64-pc-linux-gnu/nios2-elf/lib/libsmallc.a(lib_a-__call_atexit.o)
 .debug_line    0x0000000000002ba4      0x155 /acds_releases/acds/15.0/142/linux64/nios2eds/bin/gnu/H-x86_64-pc-linux-gnu/bin/../lib/gcc/nios2-elf/4.9.1/../../../../../H-x86_64-pc-linux-gnu/nios2-elf/lib/libsmallc.a(lib_a-impure.o)
 .debug_line    0x0000000000002cf9       0xc4 /acds_releases/acds/15.0/142/linux64/nios2eds/bin/gnu/H-x86_64-pc-linux-gnu/bin/../lib/gcc/nios2-elf/4.9.1/libgcc.a(lib2-divmod.o)
 .debug_line    0x0000000000002dbd      0x107 ../../bsp/hal_my_uart//libhal_bsp.a(alt_exit.o)

.debug_frame    0x0000000000000000      0xc50
 *(.debug_frame)
 .debug_frame   0x0000000000000000       0x78 obj/default/./bit_bang_uart.o
 .debug_frame   0x0000000000000078       0x20 /acds_releases/acds/15.0/142/linux64/nios2eds/bin/gnu/H-x86_64-pc-linux-gnu/bin/../lib/gcc/nios2-elf/4.9.1/../../../../../H-x86_64-pc-linux-gnu/nios2-elf/lib/libsmallc.a(lib_a-memcpy.o)
 .debug_frame   0x0000000000000098      0x1a4 ../../bsp/hal_my_uart//libhal_bsp.a(alt_log_printf.o)
 .debug_frame   0x000000000000023c       0x2c ../../bsp/hal_my_uart//libhal_bsp.a(alt_main.o)
 .debug_frame   0x0000000000000268       0x5c ../../bsp/hal_my_uart//libhal_bsp.a(alt_tick.o)
 .debug_frame   0x00000000000002c4       0x88 ../../bsp/hal_my_uart//libhal_bsp.a(alt_sys_init.o)
 .debug_frame   0x000000000000034c       0xb0 ../../bsp/hal_my_uart//libhal_bsp.a(altera_avalon_jtag_uart_fd.o)
 .debug_frame   0x00000000000003fc       0xa8 ../../bsp/hal_my_uart//libhal_bsp.a(altera_avalon_jtag_uart_init.o)
 .debug_frame   0x00000000000004a4       0x34 ../../bsp/hal_my_uart//libhal_bsp.a(altera_avalon_jtag_uart_ioctl.o)
 .debug_frame   0x00000000000004d8       0x38 ../../bsp/hal_my_uart//libhal_bsp.a(altera_avalon_jtag_uart_read.o)
 .debug_frame   0x0000000000000510       0x38 ../../bsp/hal_my_uart//libhal_bsp.a(altera_avalon_jtag_uart_write.o)
 .debug_frame   0x0000000000000548       0x60 ../../bsp/hal_my_uart//libhal_bsp.a(altera_avalon_timer_sc.o)
 .debug_frame   0x00000000000005a8       0x34 ../../bsp/hal_my_uart//libhal_bsp.a(altera_vic_irq_init.o)
 .debug_frame   0x00000000000005dc       0x34 ../../bsp/hal_my_uart//libhal_bsp.a(altera_vic_isr_register.o)
 .debug_frame   0x0000000000000610       0x60 ../../bsp/hal_my_uart//libhal_bsp.a(my_uart_fd.o)
 .debug_frame   0x0000000000000670       0xa8 ../../bsp/hal_my_uart//libhal_bsp.a(my_uart_init.o)
 .debug_frame   0x0000000000000718       0x60 ../../bsp/hal_my_uart//libhal_bsp.a(my_uart_read.o)
 .debug_frame   0x0000000000000778       0x60 ../../bsp/hal_my_uart//libhal_bsp.a(my_uart_write.o)
 .debug_frame   0x00000000000007d8       0x34 ../../bsp/hal_my_uart//libhal_bsp.a(alt_alarm_start.o)
 .debug_frame   0x000000000000080c       0x60 ../../bsp/hal_my_uart//libhal_bsp.a(alt_close.o)
 .debug_frame   0x000000000000086c       0x34 ../../bsp/hal_my_uart//libhal_bsp.a(alt_dev.o)
 .debug_frame   0x00000000000008a0       0x60 ../../bsp/hal_my_uart//libhal_bsp.a(alt_dev_llist_insert.o)
 .debug_frame   0x0000000000000900       0x60 ../../bsp/hal_my_uart//libhal_bsp.a(alt_io_redirect.o)
 .debug_frame   0x0000000000000960       0x84 ../../bsp/hal_my_uart//libhal_bsp.a(alt_open.o)
 .debug_frame   0x00000000000009e4       0x34 ../../bsp/hal_my_uart//libhal_bsp.a(alt_release_fd.o)
 .debug_frame   0x0000000000000a18       0x38 ../../bsp/hal_my_uart//libhal_bsp.a(alt_find_dev.o)
 .debug_frame   0x0000000000000a50       0x38 ../../bsp/hal_my_uart//libhal_bsp.a(alt_find_file.o)
 .debug_frame   0x0000000000000a88       0x34 ../../bsp/hal_my_uart//libhal_bsp.a(alt_get_fd.o)
 .debug_frame   0x0000000000000abc       0x28 /acds_releases/acds/15.0/142/linux64/nios2eds/bin/gnu/H-x86_64-pc-linux-gnu/bin/../lib/gcc/nios2-elf/4.9.1/../../../../../H-x86_64-pc-linux-gnu/nios2-elf/lib/libsmallc.a(lib_a-exit.o)
 .debug_frame   0x0000000000000ae4       0x20 /acds_releases/acds/15.0/142/linux64/nios2eds/bin/gnu/H-x86_64-pc-linux-gnu/bin/../lib/gcc/nios2-elf/4.9.1/../../../../../H-x86_64-pc-linux-gnu/nios2-elf/lib/libsmallc.a(lib_a-memcmp.o)
 .debug_frame   0x0000000000000b04       0x20 /acds_releases/acds/15.0/142/linux64/nios2eds/bin/gnu/H-x86_64-pc-linux-gnu/bin/../lib/gcc/nios2-elf/4.9.1/../../../../../H-x86_64-pc-linux-gnu/nios2-elf/lib/libsmallc.a(lib_a-strlen.o)
 .debug_frame   0x0000000000000b24       0x20 /acds_releases/acds/15.0/142/linux64/nios2eds/bin/gnu/H-x86_64-pc-linux-gnu/bin/../lib/gcc/nios2-elf/4.9.1/../../../../../H-x86_64-pc-linux-gnu/nios2-elf/lib/libsmallc.a(lib_a-strncpy.o)
 .debug_frame   0x0000000000000b44       0x54 /acds_releases/acds/15.0/142/linux64/nios2eds/bin/gnu/H-x86_64-pc-linux-gnu/bin/../lib/gcc/nios2-elf/4.9.1/../../../../../H-x86_64-pc-linux-gnu/nios2-elf/lib/libsmallc.a(lib_a-__call_atexit.o)
 .debug_frame   0x0000000000000b98       0x8c /acds_releases/acds/15.0/142/linux64/nios2eds/bin/gnu/H-x86_64-pc-linux-gnu/bin/../lib/gcc/nios2-elf/4.9.1/libgcc.a(lib2-divmod.o)
 .debug_frame   0x0000000000000c24       0x2c ../../bsp/hal_my_uart//libhal_bsp.a(alt_exit.o)

.debug_str      0x0000000000000000     0x1864
 *(.debug_str)
 .debug_str     0x0000000000000000      0x197 obj/default/./bit_bang_uart.o
                                        0x1da (size before relaxing)
 .debug_str     0x0000000000000197      0x10c /acds_releases/acds/15.0/142/linux64/nios2eds/bin/gnu/H-x86_64-pc-linux-gnu/bin/../lib/gcc/nios2-elf/4.9.1/../../../../../H-x86_64-pc-linux-gnu/nios2-elf/lib/libsmallc.a(lib_a-memcpy.o)
                                        0x19e (size before relaxing)
 .debug_str     0x00000000000002a3      0x43d ../../bsp/hal_my_uart//libhal_bsp.a(alt_log_printf.o)
                                        0x5ba (size before relaxing)
 .debug_str     0x00000000000006e0       0x3b ../../bsp/hal_my_uart//libhal_bsp.a(alt_main.o)
                                        0x1ba (size before relaxing)
 .debug_str     0x000000000000071b       0x96 ../../bsp/hal_my_uart//libhal_bsp.a(alt_tick.o)
                                        0x23e (size before relaxing)
 .debug_str     0x00000000000007b1      0x1f8 ../../bsp/hal_my_uart//libhal_bsp.a(alt_sys_init.o)
                                        0x44e (size before relaxing)
 .debug_str     0x00000000000009a9       0xb3 ../../bsp/hal_my_uart//libhal_bsp.a(altera_avalon_jtag_uart_fd.o)
                                        0x389 (size before relaxing)
 .debug_str     0x0000000000000a5c       0xb4 ../../bsp/hal_my_uart//libhal_bsp.a(altera_avalon_jtag_uart_init.o)
                                        0x37e (size before relaxing)
 .debug_str     0x0000000000000b10       0x4a ../../bsp/hal_my_uart//libhal_bsp.a(altera_avalon_jtag_uart_ioctl.o)
                                        0x278 (size before relaxing)
 .debug_str     0x0000000000000b5a       0x48 ../../bsp/hal_my_uart//libhal_bsp.a(altera_avalon_jtag_uart_read.o)
                                        0x2d4 (size before relaxing)
 .debug_str     0x0000000000000ba2       0x4a ../../bsp/hal_my_uart//libhal_bsp.a(altera_avalon_jtag_uart_write.o)
                                        0x2d5 (size before relaxing)
 .debug_str     0x0000000000000bec       0x6d ../../bsp/hal_my_uart//libhal_bsp.a(altera_avalon_timer_sc.o)
                                        0x237 (size before relaxing)
 .debug_str     0x0000000000000c59       0x58 ../../bsp/hal_my_uart//libhal_bsp.a(altera_vic_irq_init.o)
                                        0x1de (size before relaxing)
 .debug_str     0x0000000000000cb1       0x60 ../../bsp/hal_my_uart//libhal_bsp.a(altera_vic_isr_register.o)
                                        0x248 (size before relaxing)
 .debug_str     0x0000000000000d11       0x3a ../../bsp/hal_my_uart//libhal_bsp.a(my_uart_fd.o)
                                        0x271 (size before relaxing)
 .debug_str     0x0000000000000d4b       0x5a ../../bsp/hal_my_uart//libhal_bsp.a(my_uart_init.o)
                                        0x224 (size before relaxing)
 .debug_str     0x0000000000000da5       0x36 ../../bsp/hal_my_uart//libhal_bsp.a(my_uart_read.o)
                                        0x247 (size before relaxing)
 .debug_str     0x0000000000000ddb       0x33 ../../bsp/hal_my_uart//libhal_bsp.a(my_uart_write.o)
                                        0x24c (size before relaxing)
 .debug_str     0x0000000000000e0e       0x4a ../../bsp/hal_my_uart//libhal_bsp.a(alt_alarm_start.o)
                                        0x26a (size before relaxing)
 .debug_str     0x0000000000000e58       0x2c ../../bsp/hal_my_uart//libhal_bsp.a(alt_close.o)
                                        0x1f0 (size before relaxing)
 .debug_str     0x0000000000000e84      0x120 ../../bsp/hal_my_uart//libhal_bsp.a(alt_dev.o)
                                        0x2ea (size before relaxing)
 .debug_str     0x0000000000000fa4       0x34 ../../bsp/hal_my_uart//libhal_bsp.a(alt_dev_llist_insert.o)
                                        0x1b1 (size before relaxing)
 .debug_str     0x0000000000000fd8       0x14 ../../bsp/hal_my_uart//libhal_bsp.a(alt_errno.o)
                                        0x12a (size before relaxing)
 .debug_str     0x0000000000000fec       0x56 ../../bsp/hal_my_uart//libhal_bsp.a(alt_io_redirect.o)
                                        0x2fb (size before relaxing)
 .debug_str     0x0000000000001042       0x29 ../../bsp/hal_my_uart//libhal_bsp.a(alt_open.o)
                                        0x230 (size before relaxing)
 .debug_str     0x000000000000106b       0x28 ../../bsp/hal_my_uart//libhal_bsp.a(alt_release_fd.o)
                                        0x1c4 (size before relaxing)
 .debug_str     0x0000000000001093       0x24 ../../bsp/hal_my_uart//libhal_bsp.a(alt_find_dev.o)
                                        0x1d1 (size before relaxing)
 .debug_str     0x00000000000010b7       0x26 ../../bsp/hal_my_uart//libhal_bsp.a(alt_find_file.o)
                                        0x1df (size before relaxing)
 .debug_str     0x00000000000010dd       0x30 ../../bsp/hal_my_uart//libhal_bsp.a(alt_get_fd.o)
                                        0x201 (size before relaxing)
 .debug_str     0x000000000000110d       0xd5 /acds_releases/acds/15.0/142/linux64/nios2eds/bin/gnu/H-x86_64-pc-linux-gnu/bin/../lib/gcc/nios2-elf/4.9.1/../../../../../H-x86_64-pc-linux-gnu/nios2-elf/lib/libsmallc.a(lib_a-exit.o)
                                        0x19b (size before relaxing)
 .debug_str     0x00000000000011e2       0xc7 /acds_releases/acds/15.0/142/linux64/nios2eds/bin/gnu/H-x86_64-pc-linux-gnu/bin/../lib/gcc/nios2-elf/4.9.1/../../../../../H-x86_64-pc-linux-gnu/nios2-elf/lib/libsmallc.a(lib_a-int_errno.o)
                                        0x183 (size before relaxing)
 .debug_str     0x00000000000012a9       0x42 /acds_releases/acds/15.0/142/linux64/nios2eds/bin/gnu/H-x86_64-pc-linux-gnu/bin/../lib/gcc/nios2-elf/4.9.1/../../../../../H-x86_64-pc-linux-gnu/nios2-elf/lib/libsmallc.a(lib_a-memcmp.o)
                                        0x18a (size before relaxing)
 .debug_str     0x00000000000012eb       0x42 /acds_releases/acds/15.0/142/linux64/nios2eds/bin/gnu/H-x86_64-pc-linux-gnu/bin/../lib/gcc/nios2-elf/4.9.1/../../../../../H-x86_64-pc-linux-gnu/nios2-elf/lib/libsmallc.a(lib_a-strlen.o)
                                        0x190 (size before relaxing)
 .debug_str     0x000000000000132d       0x50 /acds_releases/acds/15.0/142/linux64/nios2eds/bin/gnu/H-x86_64-pc-linux-gnu/bin/../lib/gcc/nios2-elf/4.9.1/../../../../../H-x86_64-pc-linux-gnu/nios2-elf/lib/libsmallc.a(lib_a-strncpy.o)
                                        0x1a8 (size before relaxing)
 .debug_str     0x000000000000137d      0x30b /acds_releases/acds/15.0/142/linux64/nios2eds/bin/gnu/H-x86_64-pc-linux-gnu/bin/../lib/gcc/nios2-elf/4.9.1/../../../../../H-x86_64-pc-linux-gnu/nios2-elf/lib/libsmallc.a(lib_a-__call_atexit.o)
                                        0x488 (size before relaxing)
 .debug_str     0x0000000000001688       0x46 /acds_releases/acds/15.0/142/linux64/nios2eds/bin/gnu/H-x86_64-pc-linux-gnu/bin/../lib/gcc/nios2-elf/4.9.1/../../../../../H-x86_64-pc-linux-gnu/nios2-elf/lib/libsmallc.a(lib_a-impure.o)
                                        0x469 (size before relaxing)
 .debug_str     0x00000000000016ce      0x16c /acds_releases/acds/15.0/142/linux64/nios2eds/bin/gnu/H-x86_64-pc-linux-gnu/bin/../lib/gcc/nios2-elf/4.9.1/libgcc.a(lib2-divmod.o)
                                        0x1b7 (size before relaxing)
 .debug_str     0x000000000000183a       0x2a ../../bsp/hal_my_uart//libhal_bsp.a(alt_exit.o)
                                        0x19f (size before relaxing)

.debug_loc      0x0000000000000000      0x680
 *(.debug_loc)
 .debug_loc     0x0000000000000000      0x11b /acds_releases/acds/15.0/142/linux64/nios2eds/bin/gnu/H-x86_64-pc-linux-gnu/bin/../lib/gcc/nios2-elf/4.9.1/../../../../../H-x86_64-pc-linux-gnu/nios2-elf/lib/libsmallc.a(lib_a-memcpy.o)
 .debug_loc     0x000000000000011b       0x1e /acds_releases/acds/15.0/142/linux64/nios2eds/bin/gnu/H-x86_64-pc-linux-gnu/bin/../lib/gcc/nios2-elf/4.9.1/../../../../../H-x86_64-pc-linux-gnu/nios2-elf/lib/libsmallc.a(lib_a-exit.o)
 .debug_loc     0x0000000000000139       0x94 /acds_releases/acds/15.0/142/linux64/nios2eds/bin/gnu/H-x86_64-pc-linux-gnu/bin/../lib/gcc/nios2-elf/4.9.1/../../../../../H-x86_64-pc-linux-gnu/nios2-elf/lib/libsmallc.a(lib_a-memcmp.o)
 .debug_loc     0x00000000000001cd       0x1e /acds_releases/acds/15.0/142/linux64/nios2eds/bin/gnu/H-x86_64-pc-linux-gnu/bin/../lib/gcc/nios2-elf/4.9.1/../../../../../H-x86_64-pc-linux-gnu/nios2-elf/lib/libsmallc.a(lib_a-strlen.o)
 .debug_loc     0x00000000000001eb      0x11d /acds_releases/acds/15.0/142/linux64/nios2eds/bin/gnu/H-x86_64-pc-linux-gnu/bin/../lib/gcc/nios2-elf/4.9.1/../../../../../H-x86_64-pc-linux-gnu/nios2-elf/lib/libsmallc.a(lib_a-strncpy.o)
 .debug_loc     0x0000000000000308      0x105 /acds_releases/acds/15.0/142/linux64/nios2eds/bin/gnu/H-x86_64-pc-linux-gnu/bin/../lib/gcc/nios2-elf/4.9.1/../../../../../H-x86_64-pc-linux-gnu/nios2-elf/lib/libsmallc.a(lib_a-__call_atexit.o)
 .debug_loc     0x000000000000040d      0x273 /acds_releases/acds/15.0/142/linux64/nios2eds/bin/gnu/H-x86_64-pc-linux-gnu/bin/../lib/gcc/nios2-elf/4.9.1/libgcc.a(lib2-divmod.o)

.debug_macinfo
 *(.debug_macinfo)

.debug_weaknames
 *(.debug_weaknames)

.debug_funcnames
 *(.debug_funcnames)

.debug_typenames
 *(.debug_typenames)

.debug_varnames
 *(.debug_varnames)

.debug_alt_sim_info
                0x0000000000000000       0x30
 *(.debug_alt_sim_info)
 .debug_alt_sim_info
                0x0000000000000000       0x30 ../../bsp/hal_my_uart//obj/HAL/src/crt0.o
                0x0000000000008000                __alt_data_end = 0x8000
                0x0000000000008000                PROVIDE (__alt_stack_pointer, __alt_data_end)
                0x00000000000090d0                PROVIDE (__alt_stack_limit, __alt_stack_base)
                0x00000000000090d0                PROVIDE (__alt_heap_start, end)
                0x0000000000008000                PROVIDE (__alt_heap_limit, 0x8000)
OUTPUT(bit_bang_uart.elf elf32-littlenios2)

.debug_ranges   0x0000000000000000       0x20
 .debug_ranges  0x0000000000000000       0x20 ../../bsp/hal_my_uart//obj/HAL/src/crt0.o
