Component: ARM Compiler 5.06 update 1 (build 61) Tool: armlink [4d35a8]

==============================================================================

Section Cross References

    hal_gpio_driver.o(i.EXTI0_IRQHandler) refers to hal_gpio_driver.o(.data) for callback_ptr
    hal_gpio_driver.o(i.hal_gpio_configure_interrupt) refers to hal_gpio_driver.o(.data) for callback_ptr
    hal_gpio_driver.o(i.hal_gpio_init) refers to hal_gpio_driver.o(i.hal_gpio_configure_pin_mode) for hal_gpio_configure_pin_mode
    hal_gpio_driver.o(i.hal_gpio_init) refers to hal_gpio_driver.o(i.hal_gpio_configure_pin_speed) for hal_gpio_configure_pin_speed
    hal_gpio_driver.o(i.hal_gpio_init) refers to hal_gpio_driver.o(i.hal_gpio_configure_pin_otype) for hal_gpio_configure_pin_otype
    hal_gpio_driver.o(i.hal_gpio_init) refers to hal_gpio_driver.o(i.hal_gpio_configure_pin_pupd) for hal_gpio_configure_pin_pupd
    hal_i2c_driver.o(i.hal_i2c_clk_init) refers to hal_i2c_driver.o(i.hal_i2c_rise_time_configuration) for hal_i2c_rise_time_configuration
    hal_i2c_driver.o(i.hal_i2c_clk_init) refers to hal_i2c_driver.o(i.hal_i2c_configure_ccr) for hal_i2c_configure_ccr
    hal_i2c_driver.o(i.hal_i2c_init) refers to hal_i2c_driver.o(i.hal_i2c_clk_init) for hal_i2c_clk_init
    hal_i2c_driver.o(i.hal_i2c_init) refers to hal_i2c_driver.o(i.hal_i2c_set_addressing_mode) for hal_i2c_set_addressing_mode
    hal_i2c_driver.o(i.hal_i2c_init) refers to hal_i2c_driver.o(i.hal_i2c_manage_ack) for hal_i2c_manage_ack
    hal_i2c_driver.o(i.hal_i2c_init) refers to hal_i2c_driver.o(i.hal_i2c_manage_clock_stretch) for hal_i2c_manage_clock_stretch
    hal_i2c_driver.o(i.hal_i2c_init) refers to hal_i2c_driver.o(i.hal_i2c_set_own_address1) for hal_i2c_set_own_address1
    hal_i2c_driver.o(i.hal_i2c_master_rx) refers to hal_i2c_driver.o(i.hal_i2c_enable_peripheral) for hal_i2c_enable_peripheral
    hal_i2c_driver.o(i.hal_i2c_master_rx) refers to hal_i2c_driver.o(i.is_bus_busy) for is_bus_busy
    hal_i2c_driver.o(i.hal_i2c_master_rx) refers to hal_i2c_driver.o(i.hal_i2c_generate_start_condition) for hal_i2c_generate_start_condition
    hal_i2c_driver.o(i.hal_i2c_master_rx) refers to hal_i2c_driver.o(i.i2c_wait_untill_sb_set) for i2c_wait_untill_sb_set
    hal_i2c_driver.o(i.hal_i2c_master_rx) refers to hal_i2c_driver.o(i.hal_i2c_send_addr_first) for hal_i2c_send_addr_first
    hal_i2c_driver.o(i.hal_i2c_master_rx) refers to hal_i2c_driver.o(i.i2c_wait_untill_addr_set) for i2c_wait_untill_addr_set
    hal_i2c_driver.o(i.hal_i2c_master_rx) refers to hal_i2c_driver.o(i.clear_addr_flag) for clear_addr_flag
    hal_i2c_driver.o(i.hal_i2c_master_rx) refers to hal_i2c_driver.o(i.hal_i2c_configure_tx_rx_interrupt) for hal_i2c_configure_tx_rx_interrupt
    hal_i2c_driver.o(i.hal_i2c_master_rx) refers to hal_i2c_driver.o(i.hal_i2c_configure_error_interrupt) for hal_i2c_configure_error_interrupt
    hal_i2c_driver.o(i.hal_i2c_master_rx) refers to hal_i2c_driver.o(i.hal_i2c_configure_evt_interrupt) for hal_i2c_configure_evt_interrupt
    hal_i2c_driver.o(i.hal_i2c_master_tx) refers to hal_i2c_driver.o(i.hal_i2c_enable_peripheral) for hal_i2c_enable_peripheral
    hal_i2c_driver.o(i.hal_i2c_master_tx) refers to hal_i2c_driver.o(i.is_bus_busy) for is_bus_busy
    hal_i2c_driver.o(i.hal_i2c_master_tx) refers to hal_i2c_driver.o(i.hal_i2c_generate_start_condition) for hal_i2c_generate_start_condition
    hal_i2c_driver.o(i.hal_i2c_master_tx) refers to hal_i2c_driver.o(i.i2c_wait_untill_sb_set) for i2c_wait_untill_sb_set
    hal_i2c_driver.o(i.hal_i2c_master_tx) refers to hal_i2c_driver.o(i.hal_i2c_send_addr_first) for hal_i2c_send_addr_first
    hal_i2c_driver.o(i.hal_i2c_master_tx) refers to hal_i2c_driver.o(i.i2c_wait_untill_addr_set) for i2c_wait_untill_addr_set
    hal_i2c_driver.o(i.hal_i2c_master_tx) refers to hal_i2c_driver.o(i.clear_addr_flag) for clear_addr_flag
    hal_i2c_driver.o(i.hal_i2c_master_tx) refers to hal_i2c_driver.o(i.hal_i2c_configure_tx_rx_interrupt) for hal_i2c_configure_tx_rx_interrupt
    hal_i2c_driver.o(i.hal_i2c_master_tx) refers to hal_i2c_driver.o(i.hal_i2c_configure_error_interrupt) for hal_i2c_configure_error_interrupt
    hal_i2c_driver.o(i.hal_i2c_master_tx) refers to hal_i2c_driver.o(i.hal_i2c_configure_evt_interrupt) for hal_i2c_configure_evt_interrupt
    hal_i2c_driver.o(i.hal_i2c_slave_rx) refers to hal_i2c_driver.o(i.hal_i2c_enable_peripheral) for hal_i2c_enable_peripheral
    hal_i2c_driver.o(i.hal_i2c_slave_rx) refers to hal_i2c_driver.o(i.hal_i2c_configure_tx_rx_interrupt) for hal_i2c_configure_tx_rx_interrupt
    hal_i2c_driver.o(i.hal_i2c_slave_rx) refers to hal_i2c_driver.o(i.hal_i2c_configure_error_interrupt) for hal_i2c_configure_error_interrupt
    hal_i2c_driver.o(i.hal_i2c_slave_rx) refers to hal_i2c_driver.o(i.hal_i2c_configure_evt_interrupt) for hal_i2c_configure_evt_interrupt
    hal_i2c_driver.o(i.hal_i2c_slave_tx) refers to hal_i2c_driver.o(i.hal_i2c_enable_peripheral) for hal_i2c_enable_peripheral
    hal_i2c_driver.o(i.hal_i2c_slave_tx) refers to hal_i2c_driver.o(i.hal_i2c_configure_tx_rx_interrupt) for hal_i2c_configure_tx_rx_interrupt
    hal_i2c_driver.o(i.hal_i2c_slave_tx) refers to hal_i2c_driver.o(i.hal_i2c_configure_error_interrupt) for hal_i2c_configure_error_interrupt
    hal_i2c_driver.o(i.hal_i2c_slave_tx) refers to hal_i2c_driver.o(i.hal_i2c_configure_evt_interrupt) for hal_i2c_configure_evt_interrupt
    i2c_main.o(i.HAL_GPIO_EXTI_Callback) refers to i2c_main.o(.data) for TestReady
    i2c_main.o(i.I2C1_ER_IRQHandler) refers to i2c_int_handler.o(i.HAL_I2C_ER_IRQHandler) for HAL_I2C_ER_IRQHandler
    i2c_main.o(i.I2C1_ER_IRQHandler) refers to i2c_main.o(.bss) for i2c_handle
    i2c_main.o(i.I2C1_EV_IRQHandler) refers to i2c_int_handler.o(i.HAL_I2C_EV_IRQHandler) for HAL_I2C_EV_IRQHandler
    i2c_main.o(i.I2C1_EV_IRQHandler) refers to i2c_main.o(.bss) for i2c_handle
    i2c_main.o(i.gpio_btn_interrupt_handler) refers to hal_gpio_driver.o(i.hal_gpio_clear_interrupt) for hal_gpio_clear_interrupt
    i2c_main.o(i.gpio_btn_interrupt_handler) refers to i2c_main.o(.data) for TestReady
    i2c_main.o(i.i2c_gpio_init) refers to hal_gpio_driver.o(i.hal_gpio_set_alt_function) for hal_gpio_set_alt_function
    i2c_main.o(i.i2c_gpio_init) refers to hal_gpio_driver.o(i.hal_gpio_init) for hal_gpio_init
    i2c_main.o(i.main) refers to led.o(i.led_init) for led_init
    i2c_main.o(i.main) refers to i2c_main.o(i.i2c_gpio_init) for i2c_gpio_init
    i2c_main.o(i.main) refers to i2c_main.o(i.NVIC_EnableIRQ) for NVIC_EnableIRQ
    i2c_main.o(i.main) refers to hal_i2c_driver.o(i.hal_i2c_init) for hal_i2c_init
    i2c_main.o(i.main) refers to hal_i2c_driver.o(i.hal_i2c_enable_peripheral) for hal_i2c_enable_peripheral
    i2c_main.o(i.main) refers to hal_gpio_driver.o(i.hal_gpio_enable_interrupt) for hal_gpio_enable_interrupt
    i2c_main.o(i.main) refers to hal_i2c_driver.o(i.hal_i2c_slave_rx) for hal_i2c_slave_rx
    i2c_main.o(i.main) refers to i2c_main.o(i.Buffercmp) for Buffercmp
    i2c_main.o(i.main) refers to led.o(i.led_turn_on) for led_turn_on
    i2c_main.o(i.main) refers to led.o(i.led_toggle) for led_toggle
    i2c_main.o(i.main) refers to hal_i2c_driver.o(i.hal_i2c_slave_tx) for hal_i2c_slave_tx
    i2c_main.o(i.main) refers to i2c_main.o(.bss) for i2c_handle
    i2c_main.o(i.main) refers to i2c_main.o(.data) for slave_rcv_cmd
    led.o(i.led_init) refers to hal_gpio_driver.o(i.hal_gpio_init) for hal_gpio_init
    led.o(i.led_toggle) refers to hal_gpio_driver.o(i.hal_gpio_read_from_pin) for hal_gpio_read_from_pin
    led.o(i.led_toggle) refers to hal_gpio_driver.o(i.hal_gpio_write_to_pin) for hal_gpio_write_to_pin
    led.o(i.led_turn_off) refers to hal_gpio_driver.o(i.hal_gpio_write_to_pin) for hal_gpio_write_to_pin
    led.o(i.led_turn_on) refers to hal_gpio_driver.o(i.hal_gpio_write_to_pin) for hal_gpio_write_to_pin
    i2c_int_handler.o(i.HAL_I2C_ER_IRQHandler) refers to i2c_int_handler.o(i.I2C_Slave_AF) for I2C_Slave_AF
    i2c_int_handler.o(i.HAL_I2C_ER_IRQHandler) refers to i2c_int_handler.o(i.HAL_I2C_ErrorCallback) for HAL_I2C_ErrorCallback
    i2c_int_handler.o(i.HAL_I2C_EV_IRQHandler) refers to i2c_int_handler.o(i.I2C_MasterTransmit_TXE) for I2C_MasterTransmit_TXE
    i2c_int_handler.o(i.HAL_I2C_EV_IRQHandler) refers to i2c_int_handler.o(i.I2C_MasterTransmit_BTF) for I2C_MasterTransmit_BTF
    i2c_int_handler.o(i.HAL_I2C_EV_IRQHandler) refers to i2c_int_handler.o(i.I2C_MasterReceive_RXNE) for I2C_MasterReceive_RXNE
    i2c_int_handler.o(i.HAL_I2C_EV_IRQHandler) refers to i2c_int_handler.o(i.I2C_MasterReceive_BTF) for I2C_MasterReceive_BTF
    i2c_int_handler.o(i.HAL_I2C_EV_IRQHandler) refers to led.o(i.led_turn_on) for led_turn_on
    i2c_int_handler.o(i.HAL_I2C_EV_IRQHandler) refers to i2c_int_handler.o(i.I2C_Slave_ADDR) for I2C_Slave_ADDR
    i2c_int_handler.o(i.HAL_I2C_EV_IRQHandler) refers to i2c_int_handler.o(i.I2C_Slave_STOPF) for I2C_Slave_STOPF
    i2c_int_handler.o(i.HAL_I2C_EV_IRQHandler) refers to i2c_int_handler.o(i.I2C_SlaveTransmit_TXE) for I2C_SlaveTransmit_TXE
    i2c_int_handler.o(i.HAL_I2C_EV_IRQHandler) refers to i2c_int_handler.o(i.I2C_SlaveTransmit_BTF) for I2C_SlaveTransmit_BTF
    i2c_int_handler.o(i.HAL_I2C_EV_IRQHandler) refers to i2c_int_handler.o(i.I2C_SlaveReceive_RXNE) for I2C_SlaveReceive_RXNE
    i2c_int_handler.o(i.HAL_I2C_EV_IRQHandler) refers to i2c_int_handler.o(i.I2C_SlaveReceive_BTF) for I2C_SlaveReceive_BTF
    i2c_int_handler.o(i.HAL_I2C_ErrorCallback) refers to led.o(i.led_toggle) for led_toggle
    i2c_int_handler.o(i.I2C_MasterReceive_BTF) refers to i2c_int_handler.o(i.HAL_I2C_MemRxCpltCallback) for HAL_I2C_MemRxCpltCallback
    i2c_int_handler.o(i.I2C_MasterReceive_BTF) refers to i2c_int_handler.o(i.HAL_I2C_MasterRxCpltCallback) for HAL_I2C_MasterRxCpltCallback
    i2c_int_handler.o(i.I2C_MasterReceive_RXNE) refers to i2c_int_handler.o(i.HAL_I2C_MemRxCpltCallback) for HAL_I2C_MemRxCpltCallback
    i2c_int_handler.o(i.I2C_MasterReceive_RXNE) refers to i2c_int_handler.o(i.HAL_I2C_MasterRxCpltCallback) for HAL_I2C_MasterRxCpltCallback
    i2c_int_handler.o(i.I2C_MasterTransmit_BTF) refers to i2c_int_handler.o(i.HAL_I2C_MemTxCpltCallback) for HAL_I2C_MemTxCpltCallback
    i2c_int_handler.o(i.I2C_MasterTransmit_BTF) refers to i2c_int_handler.o(i.HAL_I2C_MasterTxCpltCallback) for HAL_I2C_MasterTxCpltCallback
    i2c_int_handler.o(i.I2C_Slave_AF) refers to i2c_int_handler.o(i.HAL_I2C_SlaveTxCpltCallback) for HAL_I2C_SlaveTxCpltCallback
    i2c_int_handler.o(i.I2C_Slave_STOPF) refers to i2c_int_handler.o(i.hal_clear_stop_flag) for hal_clear_stop_flag
    i2c_int_handler.o(i.I2C_Slave_STOPF) refers to i2c_int_handler.o(i.HAL_I2C_SlaveRxCpltCallback) for HAL_I2C_SlaveRxCpltCallback
    startup_stm32f407xx.o(STACK) refers (Special) to heapauxi.o(.text) for __use_two_region_memory
    startup_stm32f407xx.o(HEAP) refers (Special) to heapauxi.o(.text) for __use_two_region_memory
    startup_stm32f407xx.o(RESET) refers (Special) to heapauxi.o(.text) for __use_two_region_memory
    startup_stm32f407xx.o(RESET) refers to startup_stm32f407xx.o(STACK) for __initial_sp
    startup_stm32f407xx.o(RESET) refers to startup_stm32f407xx.o(.text) for Reset_Handler
    startup_stm32f407xx.o(RESET) refers to hal_gpio_driver.o(i.EXTI0_IRQHandler) for EXTI0_IRQHandler
    startup_stm32f407xx.o(RESET) refers to i2c_main.o(i.I2C1_EV_IRQHandler) for I2C1_EV_IRQHandler
    startup_stm32f407xx.o(RESET) refers to i2c_main.o(i.I2C1_ER_IRQHandler) for I2C1_ER_IRQHandler
    startup_stm32f407xx.o(.text) refers (Special) to heapauxi.o(.text) for __use_two_region_memory
    startup_stm32f407xx.o(.text) refers to system_stm32f4xx.o(i.SystemInit) for SystemInit
    startup_stm32f407xx.o(.text) refers to __main.o(!!!main) for __main
    startup_stm32f407xx.o(.text) refers to startup_stm32f407xx.o(HEAP) for Heap_Mem
    startup_stm32f407xx.o(.text) refers to startup_stm32f407xx.o(STACK) for Stack_Mem
    system_stm32f4xx.o(i.SystemCoreClockUpdate) refers to system_stm32f4xx.o(.data) for SystemCoreClock
    system_stm32f4xx.o(i.SystemCoreClockUpdate) refers to system_stm32f4xx.o(.constdata) for AHBPrescTable
    __main.o(!!!main) refers to __rtentry.o(.ARM.Collect$$rtentry$$00000000) for __rt_entry
    __rtentry.o(.ARM.Collect$$rtentry$$00000000) refers (Special) to __rtentry2.o(.ARM.Collect$$rtentry$$0000000A) for __rt_entry_li
    __rtentry.o(.ARM.Collect$$rtentry$$00000000) refers (Special) to __rtentry2.o(.ARM.Collect$$rtentry$$0000000D) for __rt_entry_main
    __rtentry.o(.ARM.Collect$$rtentry$$00000000) refers (Special) to __rtentry2.o(.ARM.Collect$$rtentry$$0000000C) for __rt_entry_postli_1
    __rtentry.o(.ARM.Collect$$rtentry$$00000000) refers (Special) to __rtentry2.o(.ARM.Collect$$rtentry$$00000009) for __rt_entry_postsh_1
    __rtentry.o(.ARM.Collect$$rtentry$$00000000) refers (Special) to __rtentry2.o(.ARM.Collect$$rtentry$$00000002) for __rt_entry_presh_1
    __rtentry.o(.ARM.Collect$$rtentry$$00000000) refers (Special) to __rtentry4.o(.ARM.Collect$$rtentry$$00000004) for __rt_entry_sh
    __rtentry2.o(.ARM.Collect$$rtentry$$00000008) refers to boardinit2.o(.text) for _platform_post_stackheap_init
    __rtentry2.o(.ARM.Collect$$rtentry$$0000000A) refers to libinit.o(.ARM.Collect$$libinit$$00000000) for __rt_lib_init
    __rtentry2.o(.ARM.Collect$$rtentry$$0000000B) refers to boardinit3.o(.text) for _platform_post_lib_init
    __rtentry2.o(.ARM.Collect$$rtentry$$0000000D) refers to i2c_main.o(i.main) for main
    __rtentry2.o(.ARM.Collect$$rtentry$$0000000D) refers to exit.o(.text) for exit
    __rtentry2.o(.ARM.exidx) refers to __rtentry2.o(.ARM.Collect$$rtentry$$00000001) for .ARM.Collect$$rtentry$$00000001
    __rtentry2.o(.ARM.exidx) refers to __rtentry2.o(.ARM.Collect$$rtentry$$00000008) for .ARM.Collect$$rtentry$$00000008
    __rtentry2.o(.ARM.exidx) refers to __rtentry2.o(.ARM.Collect$$rtentry$$0000000A) for .ARM.Collect$$rtentry$$0000000A
    __rtentry2.o(.ARM.exidx) refers to __rtentry2.o(.ARM.Collect$$rtentry$$0000000B) for .ARM.Collect$$rtentry$$0000000B
    __rtentry2.o(.ARM.exidx) refers to __rtentry2.o(.ARM.Collect$$rtentry$$0000000D) for .ARM.Collect$$rtentry$$0000000D
    __rtentry4.o(.ARM.Collect$$rtentry$$00000004) refers to sys_stackheap_outer.o(.text) for __user_setup_stackheap
    __rtentry4.o(.ARM.exidx) refers to __rtentry4.o(.ARM.Collect$$rtentry$$00000004) for .ARM.Collect$$rtentry$$00000004
    sys_stackheap_outer.o(.text) refers to libspace.o(.text) for __user_perproc_libspace
    sys_stackheap_outer.o(.text) refers to startup_stm32f407xx.o(.text) for __user_initial_stackheap
    exit.o(.text) refers to rtexit.o(.ARM.Collect$$rtexit$$00000000) for __rt_exit
    libinit.o(.ARM.Collect$$libinit$$00000000) refers (Special) to libinit2.o(.ARM.Collect$$libinit$$0000002E) for __rt_lib_init_alloca_1
    libinit.o(.ARM.Collect$$libinit$$00000000) refers (Special) to libinit2.o(.ARM.Collect$$libinit$$0000002C) for __rt_lib_init_argv_1
    libinit.o(.ARM.Collect$$libinit$$00000000) refers (Special) to libinit2.o(.ARM.Collect$$libinit$$0000001B) for __rt_lib_init_atexit_1
    libinit.o(.ARM.Collect$$libinit$$00000000) refers (Special) to libinit2.o(.ARM.Collect$$libinit$$00000021) for __rt_lib_init_clock_1
    libinit.o(.ARM.Collect$$libinit$$00000000) refers (Special) to libinit2.o(.ARM.Collect$$libinit$$00000032) for __rt_lib_init_cpp_1
    libinit.o(.ARM.Collect$$libinit$$00000000) refers (Special) to libinit2.o(.ARM.Collect$$libinit$$00000030) for __rt_lib_init_exceptions_1
    libinit.o(.ARM.Collect$$libinit$$00000000) refers (Special) to libinit2.o(.ARM.Collect$$libinit$$00000001) for __rt_lib_init_fp_1
    libinit.o(.ARM.Collect$$libinit$$00000000) refers (Special) to libinit2.o(.ARM.Collect$$libinit$$0000001F) for __rt_lib_init_fp_trap_1
    libinit.o(.ARM.Collect$$libinit$$00000000) refers (Special) to libinit2.o(.ARM.Collect$$libinit$$00000023) for __rt_lib_init_getenv_1
    libinit.o(.ARM.Collect$$libinit$$00000000) refers (Special) to libinit2.o(.ARM.Collect$$libinit$$0000000A) for __rt_lib_init_heap_1
    libinit.o(.ARM.Collect$$libinit$$00000000) refers (Special) to libinit2.o(.ARM.Collect$$libinit$$00000011) for __rt_lib_init_lc_collate_1
    libinit.o(.ARM.Collect$$libinit$$00000000) refers (Special) to libinit2.o(.ARM.Collect$$libinit$$00000013) for __rt_lib_init_lc_ctype_1
    libinit.o(.ARM.Collect$$libinit$$00000000) refers (Special) to libinit2.o(.ARM.Collect$$libinit$$00000015) for __rt_lib_init_lc_monetary_1
    libinit.o(.ARM.Collect$$libinit$$00000000) refers (Special) to libinit2.o(.ARM.Collect$$libinit$$00000017) for __rt_lib_init_lc_numeric_1
    libinit.o(.ARM.Collect$$libinit$$00000000) refers (Special) to libinit2.o(.ARM.Collect$$libinit$$00000019) for __rt_lib_init_lc_time_1
    libinit.o(.ARM.Collect$$libinit$$00000000) refers (Special) to libinit2.o(.ARM.Collect$$libinit$$00000004) for __rt_lib_init_preinit_1
    libinit.o(.ARM.Collect$$libinit$$00000000) refers (Special) to libinit2.o(.ARM.Collect$$libinit$$0000000E) for __rt_lib_init_rand_1
    libinit.o(.ARM.Collect$$libinit$$00000000) refers (Special) to libinit2.o(.ARM.Collect$$libinit$$00000033) for __rt_lib_init_return
    libinit.o(.ARM.Collect$$libinit$$00000000) refers (Special) to libinit2.o(.ARM.Collect$$libinit$$0000001D) for __rt_lib_init_signal_1
    libinit.o(.ARM.Collect$$libinit$$00000000) refers (Special) to libinit2.o(.ARM.Collect$$libinit$$00000025) for __rt_lib_init_stdio_1
    libinit.o(.ARM.Collect$$libinit$$00000000) refers (Special) to libinit2.o(.ARM.Collect$$libinit$$0000000C) for __rt_lib_init_user_alloc_1
    libspace.o(.text) refers to libspace.o(.bss) for __libspace_start
    rtexit.o(.ARM.Collect$$rtexit$$00000000) refers (Special) to rtexit2.o(.ARM.Collect$$rtexit$$00000004) for __rt_exit_exit
    rtexit.o(.ARM.Collect$$rtexit$$00000000) refers (Special) to rtexit2.o(.ARM.Collect$$rtexit$$00000003) for __rt_exit_ls
    rtexit.o(.ARM.Collect$$rtexit$$00000000) refers (Special) to rtexit2.o(.ARM.Collect$$rtexit$$00000002) for __rt_exit_prels_1
    rtexit.o(.ARM.exidx) refers (Special) to rtexit2.o(.ARM.Collect$$rtexit$$00000004) for __rt_exit_exit
    rtexit.o(.ARM.exidx) refers (Special) to rtexit2.o(.ARM.Collect$$rtexit$$00000003) for __rt_exit_ls
    rtexit.o(.ARM.exidx) refers (Special) to rtexit2.o(.ARM.Collect$$rtexit$$00000002) for __rt_exit_prels_1
    rtexit.o(.ARM.exidx) refers to rtexit.o(.ARM.Collect$$rtexit$$00000000) for .ARM.Collect$$rtexit$$00000000
    libinit2.o(.ARM.Collect$$libinit$$00000001) refers to fpinit.o(x$fpl$fpinit) for _fp_init
    libinit2.o(.ARM.Collect$$libinit$$00000010) refers to libinit2.o(.ARM.Collect$$libinit$$0000000F) for .ARM.Collect$$libinit$$0000000F
    libinit2.o(.ARM.Collect$$libinit$$00000012) refers to libinit2.o(.ARM.Collect$$libinit$$0000000F) for .ARM.Collect$$libinit$$0000000F
    libinit2.o(.ARM.Collect$$libinit$$00000014) refers to libinit2.o(.ARM.Collect$$libinit$$0000000F) for .ARM.Collect$$libinit$$0000000F
    libinit2.o(.ARM.Collect$$libinit$$00000016) refers to libinit2.o(.ARM.Collect$$libinit$$0000000F) for .ARM.Collect$$libinit$$0000000F
    libinit2.o(.ARM.Collect$$libinit$$00000018) refers to libinit2.o(.ARM.Collect$$libinit$$0000000F) for .ARM.Collect$$libinit$$0000000F
    libinit2.o(.ARM.Collect$$libinit$$00000026) refers to argv_veneer.o(.emb_text) for __ARM_argv_veneer
    libinit2.o(.ARM.Collect$$libinit$$00000027) refers to argv_veneer.o(.emb_text) for __ARM_argv_veneer
    rtexit2.o(.ARM.Collect$$rtexit$$00000003) refers to libshutdown.o(.ARM.Collect$$libshutdown$$00000000) for __rt_lib_shutdown
    rtexit2.o(.ARM.Collect$$rtexit$$00000004) refers to sys_exit.o(.text) for _sys_exit
    rtexit2.o(.ARM.exidx) refers to rtexit2.o(.ARM.Collect$$rtexit$$00000001) for .ARM.Collect$$rtexit$$00000001
    rtexit2.o(.ARM.exidx) refers to rtexit2.o(.ARM.Collect$$rtexit$$00000003) for .ARM.Collect$$rtexit$$00000003
    rtexit2.o(.ARM.exidx) refers to rtexit2.o(.ARM.Collect$$rtexit$$00000004) for .ARM.Collect$$rtexit$$00000004
    argv_veneer.o(.emb_text) refers to no_argv.o(.text) for __ARM_get_argv
    sys_exit.o(.text) refers (Special) to use_no_semi.o(.text) for __I$use$semihosting
    sys_exit.o(.text) refers (Special) to indicate_semi.o(.text) for __semihosting_library_function
    _get_argv_nomalloc.o(.text) refers (Special) to hrguard.o(.text) for __heap_region$guard
    _get_argv_nomalloc.o(.text) refers to defsig_rtmem_outer.o(.text) for __rt_SIGRTMEM
    _get_argv_nomalloc.o(.text) refers to sys_command.o(.text) for _sys_command_string
    libshutdown.o(.ARM.Collect$$libshutdown$$00000000) refers (Special) to libshutdown2.o(.ARM.Collect$$libshutdown$$00000002) for __rt_lib_shutdown_cpp_1
    libshutdown.o(.ARM.Collect$$libshutdown$$00000000) refers (Special) to libshutdown2.o(.ARM.Collect$$libshutdown$$00000007) for __rt_lib_shutdown_fp_trap_1
    libshutdown.o(.ARM.Collect$$libshutdown$$00000000) refers (Special) to libshutdown2.o(.ARM.Collect$$libshutdown$$0000000F) for __rt_lib_shutdown_heap_1
    libshutdown.o(.ARM.Collect$$libshutdown$$00000000) refers (Special) to libshutdown2.o(.ARM.Collect$$libshutdown$$00000010) for __rt_lib_shutdown_return
    libshutdown.o(.ARM.Collect$$libshutdown$$00000000) refers (Special) to libshutdown2.o(.ARM.Collect$$libshutdown$$0000000A) for __rt_lib_shutdown_signal_1
    libshutdown.o(.ARM.Collect$$libshutdown$$00000000) refers (Special) to libshutdown2.o(.ARM.Collect$$libshutdown$$00000004) for __rt_lib_shutdown_stdio_1
    libshutdown.o(.ARM.Collect$$libshutdown$$00000000) refers (Special) to libshutdown2.o(.ARM.Collect$$libshutdown$$0000000C) for __rt_lib_shutdown_user_alloc_1
    sys_command.o(.text) refers (Special) to use_no_semi.o(.text) for __I$use$semihosting
    sys_command.o(.text) refers (Special) to indicate_semi.o(.text) for __semihosting_library_function
    defsig_rtmem_outer.o(.text) refers to defsig_rtmem_inner.o(.text) for __rt_SIGRTMEM_inner
    defsig_rtmem_outer.o(.text) refers to defsig_exit.o(.text) for __sig_exit
    defsig_rtmem_formal.o(.text) refers to rt_raise.o(.text) for __rt_raise
    rt_raise.o(.text) refers to __raise.o(.text) for __raise
    rt_raise.o(.text) refers to sys_exit.o(.text) for _sys_exit
    defsig_exit.o(.text) refers to sys_exit.o(.text) for _sys_exit
    defsig_rtmem_inner.o(.text) refers to defsig_general.o(.text) for __default_signal_display
    __raise.o(.text) refers to defsig.o(CL$$defsig) for __default_signal_handler
    defsig_general.o(.text) refers to sys_wrch.o(.text) for _ttywrch
    sys_wrch.o(.text) refers (Special) to use_no_semi.o(.text) for __I$use$semihosting
    sys_wrch.o(.text) refers (Special) to indicate_semi.o(.text) for __semihosting_library_function
    defsig.o(CL$$defsig) refers to defsig_rtmem_inner.o(.text) for __rt_SIGRTMEM_inner
    defsig_abrt_inner.o(.text) refers to defsig_general.o(.text) for __default_signal_display
    defsig_fpe_inner.o(.text) refers to defsig_general.o(.text) for __default_signal_display
    defsig_rtred_inner.o(.text) refers to defsig_general.o(.text) for __default_signal_display
    defsig_stak_inner.o(.text) refers to defsig_general.o(.text) for __default_signal_display
    defsig_pvfn_inner.o(.text) refers to defsig_general.o(.text) for __default_signal_display
    defsig_cppl_inner.o(.text) refers to defsig_general.o(.text) for __default_signal_display
    defsig_segv_inner.o(.text) refers to defsig_general.o(.text) for __default_signal_display
    defsig_other.o(.text) refers to defsig_general.o(.text) for __default_signal_display


==============================================================================

Removing Unused input sections from the image.

    Removing hal_gpio_driver.o(.rev16_text), (4 bytes).
    Removing hal_gpio_driver.o(.revsh_text), (4 bytes).
    Removing hal_gpio_driver.o(.rrx_text), (6 bytes).
    Removing hal_gpio_driver.o(i.hal_gpio_clear_interrupt), (20 bytes).
    Removing hal_gpio_driver.o(i.hal_gpio_configure_interrupt), (96 bytes).
    Removing hal_i2c_driver.o(.rev16_text), (4 bytes).
    Removing hal_i2c_driver.o(.revsh_text), (4 bytes).
    Removing hal_i2c_driver.o(.rrx_text), (6 bytes).
    Removing hal_i2c_driver.o(i.clear_addr_flag), (10 bytes).
    Removing hal_i2c_driver.o(i.hal_i2c_disable_peripheral), (10 bytes).
    Removing hal_i2c_driver.o(i.hal_i2c_generate_start_condition), (10 bytes).
    Removing hal_i2c_driver.o(i.hal_i2c_generate_stop_condition), (10 bytes).
    Removing hal_i2c_driver.o(i.hal_i2c_master_rx), (132 bytes).
    Removing hal_i2c_driver.o(i.hal_i2c_master_tx), (120 bytes).
    Removing hal_i2c_driver.o(i.hal_i2c_send_addr_first), (4 bytes).
    Removing hal_i2c_driver.o(i.hal_i2c_set_fm_mode_duty_cycle), (24 bytes).
    Removing hal_i2c_driver.o(i.i2c_wait_untill_addr_set), (18 bytes).
    Removing hal_i2c_driver.o(i.i2c_wait_untill_sb_set), (18 bytes).
    Removing hal_i2c_driver.o(i.is_bus_busy), (18 bytes).
    Removing i2c_main.o(.rev16_text), (4 bytes).
    Removing i2c_main.o(.revsh_text), (4 bytes).
    Removing i2c_main.o(.rrx_text), (6 bytes).
    Removing i2c_main.o(i.HAL_GPIO_EXTI_Callback), (16 bytes).
    Removing i2c_main.o(i.delay_gen), (20 bytes).
    Removing i2c_main.o(i.gpio_btn_interrupt_handler), (20 bytes).
    Removing led.o(.rev16_text), (4 bytes).
    Removing led.o(.revsh_text), (4 bytes).
    Removing led.o(.rrx_text), (6 bytes).
    Removing led.o(i.led_turn_off), (18 bytes).
    Removing i2c_int_handler.o(.rev16_text), (4 bytes).
    Removing i2c_int_handler.o(.revsh_text), (4 bytes).
    Removing i2c_int_handler.o(.rrx_text), (6 bytes).
    Removing system_stm32f4xx.o(.rev16_text), (4 bytes).
    Removing system_stm32f4xx.o(.revsh_text), (4 bytes).
    Removing system_stm32f4xx.o(.rrx_text), (6 bytes).
    Removing system_stm32f4xx.o(i.SystemCoreClockUpdate), (192 bytes).
    Removing system_stm32f4xx.o(.constdata), (16 bytes).
    Removing system_stm32f4xx.o(.data), (4 bytes).

38 unused section(s) (total 860 bytes) removed from the image.

==============================================================================

Image Symbol Table

    Local Symbols

    Symbol Name                              Value     Ov Type        Size  Object(Section)

    ../clib/angel/boardlib.s                 0x00000000   Number         0  boardinit1.o ABSOLUTE
    ../clib/angel/boardlib.s                 0x00000000   Number         0  boardinit2.o ABSOLUTE
    ../clib/angel/boardlib.s                 0x00000000   Number         0  boardinit3.o ABSOLUTE
    ../clib/angel/boardlib.s                 0x00000000   Number         0  boardshut.o ABSOLUTE
    ../clib/angel/handlers.s                 0x00000000   Number         0  __scatter_copy.o ABSOLUTE
    ../clib/angel/handlers.s                 0x00000000   Number         0  __scatter_zi.o ABSOLUTE
    ../clib/angel/kernel.s                   0x00000000   Number         0  __rtentry.o ABSOLUTE
    ../clib/angel/kernel.s                   0x00000000   Number         0  rtexit2.o ABSOLUTE
    ../clib/angel/kernel.s                   0x00000000   Number         0  rtexit.o ABSOLUTE
    ../clib/angel/kernel.s                   0x00000000   Number         0  __rtentry2.o ABSOLUTE
    ../clib/angel/kernel.s                   0x00000000   Number         0  __rtentry4.o ABSOLUTE
    ../clib/angel/rt.s                       0x00000000   Number         0  rt_raise.o ABSOLUTE
    ../clib/angel/scatter.s                  0x00000000   Number         0  __scatter.o ABSOLUTE
    ../clib/angel/startup.s                  0x00000000   Number         0  __main.o ABSOLUTE
    ../clib/angel/sys.s                      0x00000000   Number         0  libspace.o ABSOLUTE
    ../clib/angel/sys.s                      0x00000000   Number         0  sys_stackheap_outer.o ABSOLUTE
    ../clib/angel/sys.s                      0x00000000   Number         0  indicate_semi.o ABSOLUTE
    ../clib/angel/sys.s                      0x00000000   Number         0  use_no_semi.o ABSOLUTE
    ../clib/angel/sysapp.c                   0x00000000   Number         0  sys_exit.o ABSOLUTE
    ../clib/angel/sysapp.c                   0x00000000   Number         0  sys_command.o ABSOLUTE
    ../clib/angel/sysapp.c                   0x00000000   Number         0  sys_wrch.o ABSOLUTE
    ../clib/armsys.c                         0x00000000   Number         0  argv_veneer.o ABSOLUTE
    ../clib/armsys.c                         0x00000000   Number         0  no_argv.o ABSOLUTE
    ../clib/armsys.c                         0x00000000   Number         0  argv_veneer.o ABSOLUTE
    ../clib/armsys.c                         0x00000000   Number         0  _get_argv_nomalloc.o ABSOLUTE
    ../clib/heapalloc.c                      0x00000000   Number         0  hrguard.o ABSOLUTE
    ../clib/heapaux.c                        0x00000000   Number         0  heapauxi.o ABSOLUTE
    ../clib/libinit.s                        0x00000000   Number         0  libshutdown2.o ABSOLUTE
    ../clib/libinit.s                        0x00000000   Number         0  libinit2.o ABSOLUTE
    ../clib/libinit.s                        0x00000000   Number         0  libshutdown.o ABSOLUTE
    ../clib/libinit.s                        0x00000000   Number         0  libinit.o ABSOLUTE
    ../clib/signal.c                         0x00000000   Number         0  defsig_other.o ABSOLUTE
    ../clib/signal.c                         0x00000000   Number         0  defsig_segv_inner.o ABSOLUTE
    ../clib/signal.c                         0x00000000   Number         0  defsig_cppl_inner.o ABSOLUTE
    ../clib/signal.c                         0x00000000   Number         0  defsig_rtmem_inner.o ABSOLUTE
    ../clib/signal.c                         0x00000000   Number         0  defsig_exit.o ABSOLUTE
    ../clib/signal.c                         0x00000000   Number         0  defsig_general.o ABSOLUTE
    ../clib/signal.c                         0x00000000   Number         0  defsig_rtmem_outer.o ABSOLUTE
    ../clib/signal.c                         0x00000000   Number         0  __raise.o ABSOLUTE
    ../clib/signal.c                         0x00000000   Number         0  defsig_abrt_inner.o ABSOLUTE
    ../clib/signal.c                         0x00000000   Number         0  defsig_fpe_inner.o ABSOLUTE
    ../clib/signal.c                         0x00000000   Number         0  defsig_rtred_inner.o ABSOLUTE
    ../clib/signal.c                         0x00000000   Number         0  defsig_stak_inner.o ABSOLUTE
    ../clib/signal.c                         0x00000000   Number         0  defsig_pvfn_inner.o ABSOLUTE
    ../clib/signal.c                         0x00000000   Number         0  defsig_rtmem_formal.o ABSOLUTE
    ../clib/signal.s                         0x00000000   Number         0  defsig.o ABSOLUTE
    ../clib/stdlib.c                         0x00000000   Number         0  exit.o ABSOLUTE
    ../fplib/fpinit.s                        0x00000000   Number         0  fpinit.o ABSOLUTE
    ..\\led\\led.c                           0x00000000   Number         0  led.o ABSOLUTE
    ..\led\led.c                             0x00000000   Number         0  led.o ABSOLUTE
    RTE\Device\STM32F407VGTx\startup_stm32f407xx.s 0x00000000   Number         0  startup_stm32f407xx.o ABSOLUTE
    RTE\Device\STM32F407VGTx\system_stm32f4xx.c 0x00000000   Number         0  system_stm32f4xx.o ABSOLUTE
    RTE\\Device\\STM32F407VGTx\\system_stm32f4xx.c 0x00000000   Number         0  system_stm32f4xx.o ABSOLUTE
    dc.s                                     0x00000000   Number         0  dc.o ABSOLUTE
    drivers\\hal_gpio_driver.c               0x00000000   Number         0  hal_gpio_driver.o ABSOLUTE
    drivers\\hal_i2c_driver.c                0x00000000   Number         0  hal_i2c_driver.o ABSOLUTE
    drivers\hal_gpio_driver.c                0x00000000   Number         0  hal_gpio_driver.o ABSOLUTE
    drivers\hal_i2c_driver.c                 0x00000000   Number         0  hal_i2c_driver.o ABSOLUTE
    userApp\\i2c_int_handler.c               0x00000000   Number         0  i2c_int_handler.o ABSOLUTE
    userApp\\i2c_main.c                      0x00000000   Number         0  i2c_main.o ABSOLUTE
    userApp\i2c_int_handler.c                0x00000000   Number         0  i2c_int_handler.o ABSOLUTE
    userApp\i2c_main.c                       0x00000000   Number         0  i2c_main.o ABSOLUTE
    RESET                                    0x08000000   Section      392  startup_stm32f407xx.o(RESET)
    !!!main                                  0x08000188   Section        8  __main.o(!!!main)
    !!!scatter                               0x08000190   Section       52  __scatter.o(!!!scatter)
    !!handler_copy                           0x080001c4   Section       26  __scatter_copy.o(!!handler_copy)
    !!handler_zi                             0x080001e0   Section       28  __scatter_zi.o(!!handler_zi)
    .ARM.Collect$$libinit$$00000000          0x080001fc   Section        2  libinit.o(.ARM.Collect$$libinit$$00000000)
    .ARM.Collect$$libinit$$00000001          0x080001fe   Section        4  libinit2.o(.ARM.Collect$$libinit$$00000001)
    .ARM.Collect$$libinit$$00000004          0x08000202   Section        0  libinit2.o(.ARM.Collect$$libinit$$00000004)
    .ARM.Collect$$libinit$$0000000A          0x08000202   Section        0  libinit2.o(.ARM.Collect$$libinit$$0000000A)
    .ARM.Collect$$libinit$$0000000C          0x08000202   Section        0  libinit2.o(.ARM.Collect$$libinit$$0000000C)
    .ARM.Collect$$libinit$$0000000E          0x08000202   Section        0  libinit2.o(.ARM.Collect$$libinit$$0000000E)
    .ARM.Collect$$libinit$$00000011          0x08000202   Section        0  libinit2.o(.ARM.Collect$$libinit$$00000011)
    .ARM.Collect$$libinit$$00000013          0x08000202   Section        0  libinit2.o(.ARM.Collect$$libinit$$00000013)
    .ARM.Collect$$libinit$$00000015          0x08000202   Section        0  libinit2.o(.ARM.Collect$$libinit$$00000015)
    .ARM.Collect$$libinit$$00000017          0x08000202   Section        0  libinit2.o(.ARM.Collect$$libinit$$00000017)
    .ARM.Collect$$libinit$$00000019          0x08000202   Section        0  libinit2.o(.ARM.Collect$$libinit$$00000019)
    .ARM.Collect$$libinit$$0000001B          0x08000202   Section        0  libinit2.o(.ARM.Collect$$libinit$$0000001B)
    .ARM.Collect$$libinit$$0000001D          0x08000202   Section        0  libinit2.o(.ARM.Collect$$libinit$$0000001D)
    .ARM.Collect$$libinit$$0000001F          0x08000202   Section        0  libinit2.o(.ARM.Collect$$libinit$$0000001F)
    .ARM.Collect$$libinit$$00000021          0x08000202   Section        0  libinit2.o(.ARM.Collect$$libinit$$00000021)
    .ARM.Collect$$libinit$$00000023          0x08000202   Section        0  libinit2.o(.ARM.Collect$$libinit$$00000023)
    .ARM.Collect$$libinit$$00000025          0x08000202   Section        0  libinit2.o(.ARM.Collect$$libinit$$00000025)
    .ARM.Collect$$libinit$$0000002C          0x08000202   Section        0  libinit2.o(.ARM.Collect$$libinit$$0000002C)
    .ARM.Collect$$libinit$$0000002E          0x08000202   Section        0  libinit2.o(.ARM.Collect$$libinit$$0000002E)
    .ARM.Collect$$libinit$$00000030          0x08000202   Section        0  libinit2.o(.ARM.Collect$$libinit$$00000030)
    .ARM.Collect$$libinit$$00000032          0x08000202   Section        0  libinit2.o(.ARM.Collect$$libinit$$00000032)
    .ARM.Collect$$libinit$$00000033          0x08000202   Section        2  libinit2.o(.ARM.Collect$$libinit$$00000033)
    .ARM.Collect$$libshutdown$$00000000      0x08000204   Section        2  libshutdown.o(.ARM.Collect$$libshutdown$$00000000)
    .ARM.Collect$$libshutdown$$00000002      0x08000206   Section        0  libshutdown2.o(.ARM.Collect$$libshutdown$$00000002)
    .ARM.Collect$$libshutdown$$00000004      0x08000206   Section        0  libshutdown2.o(.ARM.Collect$$libshutdown$$00000004)
    .ARM.Collect$$libshutdown$$00000007      0x08000206   Section        0  libshutdown2.o(.ARM.Collect$$libshutdown$$00000007)
    .ARM.Collect$$libshutdown$$0000000A      0x08000206   Section        0  libshutdown2.o(.ARM.Collect$$libshutdown$$0000000A)
    .ARM.Collect$$libshutdown$$0000000C      0x08000206   Section        0  libshutdown2.o(.ARM.Collect$$libshutdown$$0000000C)
    .ARM.Collect$$libshutdown$$0000000F      0x08000206   Section        0  libshutdown2.o(.ARM.Collect$$libshutdown$$0000000F)
    .ARM.Collect$$libshutdown$$00000010      0x08000206   Section        2  libshutdown2.o(.ARM.Collect$$libshutdown$$00000010)
    .ARM.Collect$$rtentry$$00000000          0x08000208   Section        0  __rtentry.o(.ARM.Collect$$rtentry$$00000000)
    .ARM.Collect$$rtentry$$00000002          0x08000208   Section        0  __rtentry2.o(.ARM.Collect$$rtentry$$00000002)
    .ARM.Collect$$rtentry$$00000004          0x08000208   Section        6  __rtentry4.o(.ARM.Collect$$rtentry$$00000004)
    .ARM.Collect$$rtentry$$00000009          0x0800020e   Section        0  __rtentry2.o(.ARM.Collect$$rtentry$$00000009)
    .ARM.Collect$$rtentry$$0000000A          0x0800020e   Section        4  __rtentry2.o(.ARM.Collect$$rtentry$$0000000A)
    .ARM.Collect$$rtentry$$0000000C          0x08000212   Section        0  __rtentry2.o(.ARM.Collect$$rtentry$$0000000C)
    .ARM.Collect$$rtentry$$0000000D          0x08000212   Section        8  __rtentry2.o(.ARM.Collect$$rtentry$$0000000D)
    .ARM.Collect$$rtexit$$00000000           0x0800021a   Section        2  rtexit.o(.ARM.Collect$$rtexit$$00000000)
    .ARM.Collect$$rtexit$$00000002           0x0800021c   Section        0  rtexit2.o(.ARM.Collect$$rtexit$$00000002)
    .ARM.Collect$$rtexit$$00000003           0x0800021c   Section        4  rtexit2.o(.ARM.Collect$$rtexit$$00000003)
    .ARM.Collect$$rtexit$$00000004           0x08000220   Section        6  rtexit2.o(.ARM.Collect$$rtexit$$00000004)
    .text                                    0x08000228   Section       64  startup_stm32f407xx.o(.text)
    $v0                                      0x08000228   Number         0  startup_stm32f407xx.o(.text)
    .text                                    0x08000268   Section        0  heapauxi.o(.text)
    .text                                    0x0800026e   Section       74  sys_stackheap_outer.o(.text)
    .text                                    0x080002b8   Section        0  exit.o(.text)
    .text                                    0x080002cc   Section        8  libspace.o(.text)
    .text                                    0x080002d4   Section        0  sys_exit.o(.text)
    .text                                    0x080002e0   Section        2  use_no_semi.o(.text)
    .text                                    0x080002e2   Section        0  indicate_semi.o(.text)
    i.Buffercmp                              0x080002e2   Section        0  i2c_main.o(i.Buffercmp)
    Buffercmp                                0x080002e3   Thumb Code    36  i2c_main.o(i.Buffercmp)
    i.EXTI0_IRQHandler                       0x08000308   Section        0  hal_gpio_driver.o(i.EXTI0_IRQHandler)
    i.HAL_I2C_ER_IRQHandler                  0x0800031c   Section        0  i2c_int_handler.o(i.HAL_I2C_ER_IRQHandler)
    i.HAL_I2C_EV_IRQHandler                  0x08000408   Section        0  i2c_int_handler.o(i.HAL_I2C_EV_IRQHandler)
    i.HAL_I2C_ErrorCallback                  0x08000574   Section        0  i2c_int_handler.o(i.HAL_I2C_ErrorCallback)
    i.HAL_I2C_MasterRxCpltCallback           0x08000584   Section        0  i2c_int_handler.o(i.HAL_I2C_MasterRxCpltCallback)
    i.HAL_I2C_MasterTxCpltCallback           0x08000586   Section        0  i2c_int_handler.o(i.HAL_I2C_MasterTxCpltCallback)
    i.HAL_I2C_MemRxCpltCallback              0x08000588   Section        0  i2c_int_handler.o(i.HAL_I2C_MemRxCpltCallback)
    i.HAL_I2C_MemTxCpltCallback              0x0800058a   Section        0  i2c_int_handler.o(i.HAL_I2C_MemTxCpltCallback)
    i.HAL_I2C_SlaveRxCpltCallback            0x0800058c   Section        0  i2c_int_handler.o(i.HAL_I2C_SlaveRxCpltCallback)
    i.HAL_I2C_SlaveTxCpltCallback            0x0800058e   Section        0  i2c_int_handler.o(i.HAL_I2C_SlaveTxCpltCallback)
    i.I2C1_ER_IRQHandler                     0x08000590   Section        0  i2c_main.o(i.I2C1_ER_IRQHandler)
    i.I2C1_EV_IRQHandler                     0x080005a0   Section        0  i2c_main.o(i.I2C1_EV_IRQHandler)
    i.I2C_MasterReceive_BTF                  0x080005b0   Section        0  i2c_int_handler.o(i.I2C_MasterReceive_BTF)
    I2C_MasterReceive_BTF                    0x080005b1   Thumb Code   184  i2c_int_handler.o(i.I2C_MasterReceive_BTF)
    i.I2C_MasterReceive_RXNE                 0x08000668   Section        0  i2c_int_handler.o(i.I2C_MasterReceive_RXNE)
    I2C_MasterReceive_RXNE                   0x08000669   Thumb Code   148  i2c_int_handler.o(i.I2C_MasterReceive_RXNE)
    i.I2C_MasterTransmit_BTF                 0x080006fc   Section        0  i2c_int_handler.o(i.I2C_MasterTransmit_BTF)
    I2C_MasterTransmit_BTF                   0x080006fd   Thumb Code   112  i2c_int_handler.o(i.I2C_MasterTransmit_BTF)
    i.I2C_MasterTransmit_TXE                 0x0800076c   Section        0  i2c_int_handler.o(i.I2C_MasterTransmit_TXE)
    I2C_MasterTransmit_TXE                   0x0800076d   Thumb Code    36  i2c_int_handler.o(i.I2C_MasterTransmit_TXE)
    i.I2C_SlaveReceive_BTF                   0x08000790   Section        0  i2c_int_handler.o(i.I2C_SlaveReceive_BTF)
    I2C_SlaveReceive_BTF                     0x08000791   Thumb Code    26  i2c_int_handler.o(i.I2C_SlaveReceive_BTF)
    i.I2C_SlaveReceive_RXNE                  0x080007aa   Section        0  i2c_int_handler.o(i.I2C_SlaveReceive_RXNE)
    I2C_SlaveReceive_RXNE                    0x080007ab   Thumb Code    26  i2c_int_handler.o(i.I2C_SlaveReceive_RXNE)
    i.I2C_SlaveTransmit_BTF                  0x080007c4   Section        0  i2c_int_handler.o(i.I2C_SlaveTransmit_BTF)
    I2C_SlaveTransmit_BTF                    0x080007c5   Thumb Code    24  i2c_int_handler.o(i.I2C_SlaveTransmit_BTF)
    i.I2C_SlaveTransmit_TXE                  0x080007dc   Section        0  i2c_int_handler.o(i.I2C_SlaveTransmit_TXE)
    I2C_SlaveTransmit_TXE                    0x080007dd   Thumb Code    24  i2c_int_handler.o(i.I2C_SlaveTransmit_TXE)
    i.I2C_Slave_ADDR                         0x080007f4   Section        0  i2c_int_handler.o(i.I2C_Slave_ADDR)
    I2C_Slave_ADDR                           0x080007f5   Thumb Code    10  i2c_int_handler.o(i.I2C_Slave_ADDR)
    i.I2C_Slave_AF                           0x080007fe   Section        0  i2c_int_handler.o(i.I2C_Slave_AF)
    I2C_Slave_AF                             0x080007ff   Thumb Code    78  i2c_int_handler.o(i.I2C_Slave_AF)
    i.I2C_Slave_STOPF                        0x0800084c   Section        0  i2c_int_handler.o(i.I2C_Slave_STOPF)
    I2C_Slave_STOPF                          0x0800084d   Thumb Code    72  i2c_int_handler.o(i.I2C_Slave_STOPF)
    i.NVIC_EnableIRQ                         0x08000894   Section        0  i2c_main.o(i.NVIC_EnableIRQ)
    NVIC_EnableIRQ                           0x08000895   Thumb Code    22  i2c_main.o(i.NVIC_EnableIRQ)
    i.SystemInit                             0x080008ac   Section        0  system_stm32f4xx.o(i.SystemInit)
    i.hal_clear_stop_flag                    0x08000910   Section        0  i2c_int_handler.o(i.hal_clear_stop_flag)
    i.hal_gpio_configure_pin_mode            0x08000922   Section        0  hal_gpio_driver.o(i.hal_gpio_configure_pin_mode)
    i.hal_gpio_configure_pin_otype           0x08000932   Section        0  hal_gpio_driver.o(i.hal_gpio_configure_pin_otype)
    i.hal_gpio_configure_pin_pupd            0x08000940   Section        0  hal_gpio_driver.o(i.hal_gpio_configure_pin_pupd)
    i.hal_gpio_configure_pin_speed           0x08000950   Section        0  hal_gpio_driver.o(i.hal_gpio_configure_pin_speed)
    i.hal_gpio_enable_interrupt              0x08000960   Section        0  hal_gpio_driver.o(i.hal_gpio_enable_interrupt)
    i.hal_gpio_init                          0x0800098c   Section        0  hal_gpio_driver.o(i.hal_gpio_init)
    i.hal_gpio_read_from_pin                 0x080009c4   Section        0  hal_gpio_driver.o(i.hal_gpio_read_from_pin)
    i.hal_gpio_set_alt_function              0x080009d0   Section        0  hal_gpio_driver.o(i.hal_gpio_set_alt_function)
    i.hal_gpio_write_to_pin                  0x08000a00   Section        0  hal_gpio_driver.o(i.hal_gpio_write_to_pin)
    i.hal_i2c_clk_init                       0x08000a1c   Section        0  hal_i2c_driver.o(i.hal_i2c_clk_init)
    i.hal_i2c_configure_ccr                  0x08000a44   Section        0  hal_i2c_driver.o(i.hal_i2c_configure_ccr)
    i.hal_i2c_configure_error_interrupt      0x08000a8c   Section        0  hal_i2c_driver.o(i.hal_i2c_configure_error_interrupt)
    i.hal_i2c_configure_evt_interrupt        0x08000aa2   Section        0  hal_i2c_driver.o(i.hal_i2c_configure_evt_interrupt)
    i.hal_i2c_configure_tx_rx_interrupt      0x08000ab8   Section        0  hal_i2c_driver.o(i.hal_i2c_configure_tx_rx_interrupt)
    i.hal_i2c_enable_peripheral              0x08000ace   Section        0  hal_i2c_driver.o(i.hal_i2c_enable_peripheral)
    i.hal_i2c_init                           0x08000ad8   Section        0  hal_i2c_driver.o(i.hal_i2c_init)
    i.hal_i2c_manage_ack                     0x08000b06   Section        0  hal_i2c_driver.o(i.hal_i2c_manage_ack)
    i.hal_i2c_manage_clock_stretch           0x08000b1e   Section        0  hal_i2c_driver.o(i.hal_i2c_manage_clock_stretch)
    i.hal_i2c_rise_time_configuration        0x08000b34   Section        0  hal_i2c_driver.o(i.hal_i2c_rise_time_configuration)
    i.hal_i2c_set_addressing_mode            0x08000b68   Section        0  hal_i2c_driver.o(i.hal_i2c_set_addressing_mode)
    i.hal_i2c_set_own_address1               0x08000b80   Section        0  hal_i2c_driver.o(i.hal_i2c_set_own_address1)
    i.hal_i2c_slave_rx                       0x08000b92   Section        0  hal_i2c_driver.o(i.hal_i2c_slave_rx)
    i.hal_i2c_slave_tx                       0x08000bde   Section        0  hal_i2c_driver.o(i.hal_i2c_slave_tx)
    i.i2c_gpio_init                          0x08000c2c   Section        0  i2c_main.o(i.i2c_gpio_init)
    i.led_init                               0x08000c90   Section        0  led.o(i.led_init)
    i.led_toggle                             0x08000cec   Section        0  led.o(i.led_toggle)
    i.led_turn_on                            0x08000d14   Section        0  led.o(i.led_turn_on)
    i.main                                   0x08000d28   Section        0  i2c_main.o(i.main)
    x$fpl$fpinit                             0x08000e64   Section       10  fpinit.o(x$fpl$fpinit)
    $v0                                      0x08000e64   Number         0  fpinit.o(x$fpl$fpinit)
    .data                                    0x20000000   Section        4  hal_gpio_driver.o(.data)
    .data                                    0x20000004   Section       28  i2c_main.o(.data)
    .bss                                     0x20000020   Section       64  i2c_main.o(.bss)
    .bss                                     0x20000060   Section       96  libspace.o(.bss)
    HEAP                                     0x200000c0   Section      512  startup_stm32f407xx.o(HEAP)
    Heap_Mem                                 0x200000c0   Data         512  startup_stm32f407xx.o(HEAP)
    STACK                                    0x200002c0   Section     1024  startup_stm32f407xx.o(STACK)
    Stack_Mem                                0x200002c0   Data        1024  startup_stm32f407xx.o(STACK)
    __initial_sp                             0x200006c0   Data           0  startup_stm32f407xx.o(STACK)

    Global Symbols

    Symbol Name                              Value     Ov Type        Size  Object(Section)

    BuildAttributes$$THM_ISAv4$E$P$D$K$B$S$7EM$VFPi3$EXTD16$VFPS$VFMA$PE$A:L22UL41UL21$X:L11$S22US41US21$IEEE1$IW$USESV6$~STKCKD$USESV7$~SHL$OSPACE$ROPI$EBA8$UX$STANDARDLIB$REQ8$PRES8$EABIv2 0x00000000   Number         0  anon$$obj.o ABSOLUTE
    __ARM_use_no_argv                        0x00000000   Number         0  i2c_main.o ABSOLUTE
    __ARM_exceptions_init                     - Undefined Weak Reference
    __alloca_initialize                       - Undefined Weak Reference
    __arm_preinit_                            - Undefined Weak Reference
    __cpp_initialize__aeabi_                  - Undefined Weak Reference
    __cxa_finalize                            - Undefined Weak Reference
    __rt_locale                               - Undefined Weak Reference
    __sigvec_lookup                           - Undefined Weak Reference
    _atexit_init                              - Undefined Weak Reference
    _call_atexit_fns                          - Undefined Weak Reference
    _clock_init                               - Undefined Weak Reference
    _fp_trap_init                             - Undefined Weak Reference
    _fp_trap_shutdown                         - Undefined Weak Reference
    _get_lc_collate                           - Undefined Weak Reference
    _get_lc_ctype                             - Undefined Weak Reference
    _get_lc_monetary                          - Undefined Weak Reference
    _get_lc_numeric                           - Undefined Weak Reference
    _get_lc_time                              - Undefined Weak Reference
    _getenv_init                              - Undefined Weak Reference
    _handle_redirection                       - Undefined Weak Reference
    _init_alloc                               - Undefined Weak Reference
    _init_user_alloc                          - Undefined Weak Reference
    _initio                                   - Undefined Weak Reference
    _rand_init                                - Undefined Weak Reference
    _signal_finish                            - Undefined Weak Reference
    _signal_init                              - Undefined Weak Reference
    _terminate_alloc                          - Undefined Weak Reference
    _terminate_user_alloc                     - Undefined Weak Reference
    _terminateio                              - Undefined Weak Reference
    __Vectors_Size                           0x00000188   Number         0  startup_stm32f407xx.o ABSOLUTE
    __Vectors                                0x08000000   Data           4  startup_stm32f407xx.o(RESET)
    __Vectors_End                            0x08000188   Data           0  startup_stm32f407xx.o(RESET)
    __main                                   0x08000189   Thumb Code     8  __main.o(!!!main)
    __scatterload                            0x08000191   Thumb Code     0  __scatter.o(!!!scatter)
    __scatterload_rt2                        0x08000191   Thumb Code    44  __scatter.o(!!!scatter)
    __scatterload_rt2_thumb_only             0x08000191   Thumb Code     0  __scatter.o(!!!scatter)
    __scatterload_null                       0x0800019f   Thumb Code     0  __scatter.o(!!!scatter)
    __scatterload_copy                       0x080001c5   Thumb Code    26  __scatter_copy.o(!!handler_copy)
    __scatterload_zeroinit                   0x080001e1   Thumb Code    28  __scatter_zi.o(!!handler_zi)
    __rt_lib_init                            0x080001fd   Thumb Code     0  libinit.o(.ARM.Collect$$libinit$$00000000)
    __rt_lib_init_fp_1                       0x080001ff   Thumb Code     0  libinit2.o(.ARM.Collect$$libinit$$00000001)
    __rt_lib_init_alloca_1                   0x08000203   Thumb Code     0  libinit2.o(.ARM.Collect$$libinit$$0000002E)
    __rt_lib_init_argv_1                     0x08000203   Thumb Code     0  libinit2.o(.ARM.Collect$$libinit$$0000002C)
    __rt_lib_init_atexit_1                   0x08000203   Thumb Code     0  libinit2.o(.ARM.Collect$$libinit$$0000001B)
    __rt_lib_init_clock_1                    0x08000203   Thumb Code     0  libinit2.o(.ARM.Collect$$libinit$$00000021)
    __rt_lib_init_cpp_1                      0x08000203   Thumb Code     0  libinit2.o(.ARM.Collect$$libinit$$00000032)
    __rt_lib_init_exceptions_1               0x08000203   Thumb Code     0  libinit2.o(.ARM.Collect$$libinit$$00000030)
    __rt_lib_init_fp_trap_1                  0x08000203   Thumb Code     0  libinit2.o(.ARM.Collect$$libinit$$0000001F)
    __rt_lib_init_getenv_1                   0x08000203   Thumb Code     0  libinit2.o(.ARM.Collect$$libinit$$00000023)
    __rt_lib_init_heap_1                     0x08000203   Thumb Code     0  libinit2.o(.ARM.Collect$$libinit$$0000000A)
    __rt_lib_init_lc_collate_1               0x08000203   Thumb Code     0  libinit2.o(.ARM.Collect$$libinit$$00000011)
    __rt_lib_init_lc_ctype_1                 0x08000203   Thumb Code     0  libinit2.o(.ARM.Collect$$libinit$$00000013)
    __rt_lib_init_lc_monetary_1              0x08000203   Thumb Code     0  libinit2.o(.ARM.Collect$$libinit$$00000015)
    __rt_lib_init_lc_numeric_1               0x08000203   Thumb Code     0  libinit2.o(.ARM.Collect$$libinit$$00000017)
    __rt_lib_init_lc_time_1                  0x08000203   Thumb Code     0  libinit2.o(.ARM.Collect$$libinit$$00000019)
    __rt_lib_init_preinit_1                  0x08000203   Thumb Code     0  libinit2.o(.ARM.Collect$$libinit$$00000004)
    __rt_lib_init_rand_1                     0x08000203   Thumb Code     0  libinit2.o(.ARM.Collect$$libinit$$0000000E)
    __rt_lib_init_return                     0x08000203   Thumb Code     0  libinit2.o(.ARM.Collect$$libinit$$00000033)
    __rt_lib_init_signal_1                   0x08000203   Thumb Code     0  libinit2.o(.ARM.Collect$$libinit$$0000001D)
    __rt_lib_init_stdio_1                    0x08000203   Thumb Code     0  libinit2.o(.ARM.Collect$$libinit$$00000025)
    __rt_lib_init_user_alloc_1               0x08000203   Thumb Code     0  libinit2.o(.ARM.Collect$$libinit$$0000000C)
    __rt_lib_shutdown                        0x08000205   Thumb Code     0  libshutdown.o(.ARM.Collect$$libshutdown$$00000000)
    __rt_lib_shutdown_cpp_1                  0x08000207   Thumb Code     0  libshutdown2.o(.ARM.Collect$$libshutdown$$00000002)
    __rt_lib_shutdown_fp_trap_1              0x08000207   Thumb Code     0  libshutdown2.o(.ARM.Collect$$libshutdown$$00000007)
    __rt_lib_shutdown_heap_1                 0x08000207   Thumb Code     0  libshutdown2.o(.ARM.Collect$$libshutdown$$0000000F)
    __rt_lib_shutdown_return                 0x08000207   Thumb Code     0  libshutdown2.o(.ARM.Collect$$libshutdown$$00000010)
    __rt_lib_shutdown_signal_1               0x08000207   Thumb Code     0  libshutdown2.o(.ARM.Collect$$libshutdown$$0000000A)
    __rt_lib_shutdown_stdio_1                0x08000207   Thumb Code     0  libshutdown2.o(.ARM.Collect$$libshutdown$$00000004)
    __rt_lib_shutdown_user_alloc_1           0x08000207   Thumb Code     0  libshutdown2.o(.ARM.Collect$$libshutdown$$0000000C)
    __rt_entry                               0x08000209   Thumb Code     0  __rtentry.o(.ARM.Collect$$rtentry$$00000000)
    __rt_entry_presh_1                       0x08000209   Thumb Code     0  __rtentry2.o(.ARM.Collect$$rtentry$$00000002)
    __rt_entry_sh                            0x08000209   Thumb Code     0  __rtentry4.o(.ARM.Collect$$rtentry$$00000004)
    __rt_entry_li                            0x0800020f   Thumb Code     0  __rtentry2.o(.ARM.Collect$$rtentry$$0000000A)
    __rt_entry_postsh_1                      0x0800020f   Thumb Code     0  __rtentry2.o(.ARM.Collect$$rtentry$$00000009)
    __rt_entry_main                          0x08000213   Thumb Code     0  __rtentry2.o(.ARM.Collect$$rtentry$$0000000D)
    __rt_entry_postli_1                      0x08000213   Thumb Code     0  __rtentry2.o(.ARM.Collect$$rtentry$$0000000C)
    __rt_exit                                0x0800021b   Thumb Code     0  rtexit.o(.ARM.Collect$$rtexit$$00000000)
    __rt_exit_ls                             0x0800021d   Thumb Code     0  rtexit2.o(.ARM.Collect$$rtexit$$00000003)
    __rt_exit_prels_1                        0x0800021d   Thumb Code     0  rtexit2.o(.ARM.Collect$$rtexit$$00000002)
    __rt_exit_exit                           0x08000221   Thumb Code     0  rtexit2.o(.ARM.Collect$$rtexit$$00000004)
    Reset_Handler                            0x08000229   Thumb Code     8  startup_stm32f407xx.o(.text)
    NMI_Handler                              0x08000231   Thumb Code     2  startup_stm32f407xx.o(.text)
    HardFault_Handler                        0x08000233   Thumb Code     2  startup_stm32f407xx.o(.text)
    MemManage_Handler                        0x08000235   Thumb Code     2  startup_stm32f407xx.o(.text)
    BusFault_Handler                         0x08000237   Thumb Code     2  startup_stm32f407xx.o(.text)
    UsageFault_Handler                       0x08000239   Thumb Code     2  startup_stm32f407xx.o(.text)
    SVC_Handler                              0x0800023b   Thumb Code     2  startup_stm32f407xx.o(.text)
    DebugMon_Handler                         0x0800023d   Thumb Code     2  startup_stm32f407xx.o(.text)
    PendSV_Handler                           0x0800023f   Thumb Code     2  startup_stm32f407xx.o(.text)
    SysTick_Handler                          0x08000241   Thumb Code     2  startup_stm32f407xx.o(.text)
    ADC_IRQHandler                           0x08000243   Thumb Code     0  startup_stm32f407xx.o(.text)
    CAN1_RX0_IRQHandler                      0x08000243   Thumb Code     0  startup_stm32f407xx.o(.text)
    CAN1_RX1_IRQHandler                      0x08000243   Thumb Code     0  startup_stm32f407xx.o(.text)
    CAN1_SCE_IRQHandler                      0x08000243   Thumb Code     0  startup_stm32f407xx.o(.text)
    CAN1_TX_IRQHandler                       0x08000243   Thumb Code     0  startup_stm32f407xx.o(.text)
    CAN2_RX0_IRQHandler                      0x08000243   Thumb Code     0  startup_stm32f407xx.o(.text)
    CAN2_RX1_IRQHandler                      0x08000243   Thumb Code     0  startup_stm32f407xx.o(.text)
    CAN2_SCE_IRQHandler                      0x08000243   Thumb Code     0  startup_stm32f407xx.o(.text)
    CAN2_TX_IRQHandler                       0x08000243   Thumb Code     0  startup_stm32f407xx.o(.text)
    DCMI_IRQHandler                          0x08000243   Thumb Code     0  startup_stm32f407xx.o(.text)
    DMA1_Stream0_IRQHandler                  0x08000243   Thumb Code     0  startup_stm32f407xx.o(.text)
    DMA1_Stream1_IRQHandler                  0x08000243   Thumb Code     0  startup_stm32f407xx.o(.text)
    DMA1_Stream2_IRQHandler                  0x08000243   Thumb Code     0  startup_stm32f407xx.o(.text)
    DMA1_Stream3_IRQHandler                  0x08000243   Thumb Code     0  startup_stm32f407xx.o(.text)
    DMA1_Stream4_IRQHandler                  0x08000243   Thumb Code     0  startup_stm32f407xx.o(.text)
    DMA1_Stream5_IRQHandler                  0x08000243   Thumb Code     0  startup_stm32f407xx.o(.text)
    DMA1_Stream6_IRQHandler                  0x08000243   Thumb Code     0  startup_stm32f407xx.o(.text)
    DMA1_Stream7_IRQHandler                  0x08000243   Thumb Code     0  startup_stm32f407xx.o(.text)
    DMA2_Stream0_IRQHandler                  0x08000243   Thumb Code     0  startup_stm32f407xx.o(.text)
    DMA2_Stream1_IRQHandler                  0x08000243   Thumb Code     0  startup_stm32f407xx.o(.text)
    DMA2_Stream2_IRQHandler                  0x08000243   Thumb Code     0  startup_stm32f407xx.o(.text)
    DMA2_Stream3_IRQHandler                  0x08000243   Thumb Code     0  startup_stm32f407xx.o(.text)
    DMA2_Stream4_IRQHandler                  0x08000243   Thumb Code     0  startup_stm32f407xx.o(.text)
    DMA2_Stream5_IRQHandler                  0x08000243   Thumb Code     0  startup_stm32f407xx.o(.text)
    DMA2_Stream6_IRQHandler                  0x08000243   Thumb Code     0  startup_stm32f407xx.o(.text)
    DMA2_Stream7_IRQHandler                  0x08000243   Thumb Code     0  startup_stm32f407xx.o(.text)
    ETH_IRQHandler                           0x08000243   Thumb Code     0  startup_stm32f407xx.o(.text)
    ETH_WKUP_IRQHandler                      0x08000243   Thumb Code     0  startup_stm32f407xx.o(.text)
    EXTI15_10_IRQHandler                     0x08000243   Thumb Code     0  startup_stm32f407xx.o(.text)
    EXTI1_IRQHandler                         0x08000243   Thumb Code     0  startup_stm32f407xx.o(.text)
    EXTI2_IRQHandler                         0x08000243   Thumb Code     0  startup_stm32f407xx.o(.text)
    EXTI3_IRQHandler                         0x08000243   Thumb Code     0  startup_stm32f407xx.o(.text)
    EXTI4_IRQHandler                         0x08000243   Thumb Code     0  startup_stm32f407xx.o(.text)
    EXTI9_5_IRQHandler                       0x08000243   Thumb Code     0  startup_stm32f407xx.o(.text)
    FLASH_IRQHandler                         0x08000243   Thumb Code     0  startup_stm32f407xx.o(.text)
    FMC_IRQHandler                           0x08000243   Thumb Code     0  startup_stm32f407xx.o(.text)
    FPU_IRQHandler                           0x08000243   Thumb Code     0  startup_stm32f407xx.o(.text)
    HASH_RNG_IRQHandler                      0x08000243   Thumb Code     0  startup_stm32f407xx.o(.text)
    I2C2_ER_IRQHandler                       0x08000243   Thumb Code     0  startup_stm32f407xx.o(.text)
    I2C2_EV_IRQHandler                       0x08000243   Thumb Code     0  startup_stm32f407xx.o(.text)
    I2C3_ER_IRQHandler                       0x08000243   Thumb Code     0  startup_stm32f407xx.o(.text)
    I2C3_EV_IRQHandler                       0x08000243   Thumb Code     0  startup_stm32f407xx.o(.text)
    OTG_FS_IRQHandler                        0x08000243   Thumb Code     0  startup_stm32f407xx.o(.text)
    OTG_FS_WKUP_IRQHandler                   0x08000243   Thumb Code     0  startup_stm32f407xx.o(.text)
    OTG_HS_EP1_IN_IRQHandler                 0x08000243   Thumb Code     0  startup_stm32f407xx.o(.text)
    OTG_HS_EP1_OUT_IRQHandler                0x08000243   Thumb Code     0  startup_stm32f407xx.o(.text)
    OTG_HS_IRQHandler                        0x08000243   Thumb Code     0  startup_stm32f407xx.o(.text)
    OTG_HS_WKUP_IRQHandler                   0x08000243   Thumb Code     0  startup_stm32f407xx.o(.text)
    PVD_IRQHandler                           0x08000243   Thumb Code     0  startup_stm32f407xx.o(.text)
    RCC_IRQHandler                           0x08000243   Thumb Code     0  startup_stm32f407xx.o(.text)
    RTC_Alarm_IRQHandler                     0x08000243   Thumb Code     0  startup_stm32f407xx.o(.text)
    RTC_WKUP_IRQHandler                      0x08000243   Thumb Code     0  startup_stm32f407xx.o(.text)
    SDIO_IRQHandler                          0x08000243   Thumb Code     0  startup_stm32f407xx.o(.text)
    SPI1_IRQHandler                          0x08000243   Thumb Code     0  startup_stm32f407xx.o(.text)
    SPI2_IRQHandler                          0x08000243   Thumb Code     0  startup_stm32f407xx.o(.text)
    SPI3_IRQHandler                          0x08000243   Thumb Code     0  startup_stm32f407xx.o(.text)
    TAMP_STAMP_IRQHandler                    0x08000243   Thumb Code     0  startup_stm32f407xx.o(.text)
    TIM1_BRK_TIM9_IRQHandler                 0x08000243   Thumb Code     0  startup_stm32f407xx.o(.text)
    TIM1_CC_IRQHandler                       0x08000243   Thumb Code     0  startup_stm32f407xx.o(.text)
    TIM1_TRG_COM_TIM11_IRQHandler            0x08000243   Thumb Code     0  startup_stm32f407xx.o(.text)
    TIM1_UP_TIM10_IRQHandler                 0x08000243   Thumb Code     0  startup_stm32f407xx.o(.text)
    TIM2_IRQHandler                          0x08000243   Thumb Code     0  startup_stm32f407xx.o(.text)
    TIM3_IRQHandler                          0x08000243   Thumb Code     0  startup_stm32f407xx.o(.text)
    TIM4_IRQHandler                          0x08000243   Thumb Code     0  startup_stm32f407xx.o(.text)
    TIM5_IRQHandler                          0x08000243   Thumb Code     0  startup_stm32f407xx.o(.text)
    TIM6_DAC_IRQHandler                      0x08000243   Thumb Code     0  startup_stm32f407xx.o(.text)
    TIM7_IRQHandler                          0x08000243   Thumb Code     0  startup_stm32f407xx.o(.text)
    TIM8_BRK_TIM12_IRQHandler                0x08000243   Thumb Code     0  startup_stm32f407xx.o(.text)
    TIM8_CC_IRQHandler                       0x08000243   Thumb Code     0  startup_stm32f407xx.o(.text)
    TIM8_TRG_COM_TIM14_IRQHandler            0x08000243   Thumb Code     0  startup_stm32f407xx.o(.text)
    TIM8_UP_TIM13_IRQHandler                 0x08000243   Thumb Code     0  startup_stm32f407xx.o(.text)
    UART4_IRQHandler                         0x08000243   Thumb Code     0  startup_stm32f407xx.o(.text)
    UART5_IRQHandler                         0x08000243   Thumb Code     0  startup_stm32f407xx.o(.text)
    USART1_IRQHandler                        0x08000243   Thumb Code     0  startup_stm32f407xx.o(.text)
    USART2_IRQHandler                        0x08000243   Thumb Code     0  startup_stm32f407xx.o(.text)
    USART3_IRQHandler                        0x08000243   Thumb Code     0  startup_stm32f407xx.o(.text)
    USART6_IRQHandler                        0x08000243   Thumb Code     0  startup_stm32f407xx.o(.text)
    WWDG_IRQHandler                          0x08000243   Thumb Code     0  startup_stm32f407xx.o(.text)
    __user_initial_stackheap                 0x08000245   Thumb Code     0  startup_stm32f407xx.o(.text)
    __use_two_region_memory                  0x08000269   Thumb Code     2  heapauxi.o(.text)
    __rt_heap_escrow$2region                 0x0800026b   Thumb Code     2  heapauxi.o(.text)
    __rt_heap_expand$2region                 0x0800026d   Thumb Code     2  heapauxi.o(.text)
    __user_setup_stackheap                   0x0800026f   Thumb Code    74  sys_stackheap_outer.o(.text)
    exit                                     0x080002b9   Thumb Code    18  exit.o(.text)
    __user_libspace                          0x080002cd   Thumb Code     8  libspace.o(.text)
    __user_perproc_libspace                  0x080002cd   Thumb Code     0  libspace.o(.text)
    __user_perthread_libspace                0x080002cd   Thumb Code     0  libspace.o(.text)
    _sys_exit                                0x080002d5   Thumb Code     8  sys_exit.o(.text)
    __I$use$semihosting                      0x080002e1   Thumb Code     0  use_no_semi.o(.text)
    __use_no_semihosting_swi                 0x080002e1   Thumb Code     2  use_no_semi.o(.text)
    __semihosting_library_function           0x080002e3   Thumb Code     0  indicate_semi.o(.text)
    EXTI0_IRQHandler                         0x08000309   Thumb Code    16  hal_gpio_driver.o(i.EXTI0_IRQHandler)
    HAL_I2C_ER_IRQHandler                    0x0800031d   Thumb Code   234  i2c_int_handler.o(i.HAL_I2C_ER_IRQHandler)
    HAL_I2C_EV_IRQHandler                    0x08000409   Thumb Code   360  i2c_int_handler.o(i.HAL_I2C_EV_IRQHandler)
    HAL_I2C_ErrorCallback                    0x08000575   Thumb Code    12  i2c_int_handler.o(i.HAL_I2C_ErrorCallback)
    HAL_I2C_MasterRxCpltCallback             0x08000585   Thumb Code     2  i2c_int_handler.o(i.HAL_I2C_MasterRxCpltCallback)
    HAL_I2C_MasterTxCpltCallback             0x08000587   Thumb Code     2  i2c_int_handler.o(i.HAL_I2C_MasterTxCpltCallback)
    HAL_I2C_MemRxCpltCallback                0x08000589   Thumb Code     2  i2c_int_handler.o(i.HAL_I2C_MemRxCpltCallback)
    HAL_I2C_MemTxCpltCallback                0x0800058b   Thumb Code     2  i2c_int_handler.o(i.HAL_I2C_MemTxCpltCallback)
    HAL_I2C_SlaveRxCpltCallback              0x0800058d   Thumb Code     2  i2c_int_handler.o(i.HAL_I2C_SlaveRxCpltCallback)
    HAL_I2C_SlaveTxCpltCallback              0x0800058f   Thumb Code     2  i2c_int_handler.o(i.HAL_I2C_SlaveTxCpltCallback)
    I2C1_ER_IRQHandler                       0x08000591   Thumb Code    10  i2c_main.o(i.I2C1_ER_IRQHandler)
    I2C1_EV_IRQHandler                       0x080005a1   Thumb Code    10  i2c_main.o(i.I2C1_EV_IRQHandler)
    SystemInit                               0x080008ad   Thumb Code    82  system_stm32f4xx.o(i.SystemInit)
    hal_clear_stop_flag                      0x08000911   Thumb Code    18  i2c_int_handler.o(i.hal_clear_stop_flag)
    hal_gpio_configure_pin_mode              0x08000923   Thumb Code    16  hal_gpio_driver.o(i.hal_gpio_configure_pin_mode)
    hal_gpio_configure_pin_otype             0x08000933   Thumb Code    14  hal_gpio_driver.o(i.hal_gpio_configure_pin_otype)
    hal_gpio_configure_pin_pupd              0x08000941   Thumb Code    16  hal_gpio_driver.o(i.hal_gpio_configure_pin_pupd)
    hal_gpio_configure_pin_speed             0x08000951   Thumb Code    16  hal_gpio_driver.o(i.hal_gpio_configure_pin_speed)
    hal_gpio_enable_interrupt                0x08000961   Thumb Code    38  hal_gpio_driver.o(i.hal_gpio_enable_interrupt)
    hal_gpio_init                            0x0800098d   Thumb Code    56  hal_gpio_driver.o(i.hal_gpio_init)
    hal_gpio_read_from_pin                   0x080009c5   Thumb Code    12  hal_gpio_driver.o(i.hal_gpio_read_from_pin)
    hal_gpio_set_alt_function                0x080009d1   Thumb Code    48  hal_gpio_driver.o(i.hal_gpio_set_alt_function)
    hal_gpio_write_to_pin                    0x08000a01   Thumb Code    28  hal_gpio_driver.o(i.hal_gpio_write_to_pin)
    hal_i2c_clk_init                         0x08000a1d   Thumb Code    40  hal_i2c_driver.o(i.hal_i2c_clk_init)
    hal_i2c_configure_ccr                    0x08000a45   Thumb Code    64  hal_i2c_driver.o(i.hal_i2c_configure_ccr)
    hal_i2c_configure_error_interrupt        0x08000a8d   Thumb Code    22  hal_i2c_driver.o(i.hal_i2c_configure_error_interrupt)
    hal_i2c_configure_evt_interrupt          0x08000aa3   Thumb Code    22  hal_i2c_driver.o(i.hal_i2c_configure_evt_interrupt)
    hal_i2c_configure_tx_rx_interrupt        0x08000ab9   Thumb Code    22  hal_i2c_driver.o(i.hal_i2c_configure_tx_rx_interrupt)
    hal_i2c_enable_peripheral                0x08000acf   Thumb Code    10  hal_i2c_driver.o(i.hal_i2c_enable_peripheral)
    hal_i2c_init                             0x08000ad9   Thumb Code    46  hal_i2c_driver.o(i.hal_i2c_init)
    hal_i2c_manage_ack                       0x08000b07   Thumb Code    24  hal_i2c_driver.o(i.hal_i2c_manage_ack)
    hal_i2c_manage_clock_stretch             0x08000b1f   Thumb Code    22  hal_i2c_driver.o(i.hal_i2c_manage_clock_stretch)
    hal_i2c_rise_time_configuration          0x08000b35   Thumb Code    46  hal_i2c_driver.o(i.hal_i2c_rise_time_configuration)
    hal_i2c_set_addressing_mode              0x08000b69   Thumb Code    24  hal_i2c_driver.o(i.hal_i2c_set_addressing_mode)
    hal_i2c_set_own_address1                 0x08000b81   Thumb Code    18  hal_i2c_driver.o(i.hal_i2c_set_own_address1)
    hal_i2c_slave_rx                         0x08000b93   Thumb Code    76  hal_i2c_driver.o(i.hal_i2c_slave_rx)
    hal_i2c_slave_tx                         0x08000bdf   Thumb Code    76  hal_i2c_driver.o(i.hal_i2c_slave_tx)
    i2c_gpio_init                            0x08000c2d   Thumb Code    92  i2c_main.o(i.i2c_gpio_init)
    led_init                                 0x08000c91   Thumb Code    84  led.o(i.led_init)
    led_toggle                               0x08000ced   Thumb Code    40  led.o(i.led_toggle)
    led_turn_on                              0x08000d15   Thumb Code    18  led.o(i.led_turn_on)
    main                                     0x08000d29   Thumb Code   280  i2c_main.o(i.main)
    _fp_init                                 0x08000e65   Thumb Code    10  fpinit.o(x$fpl$fpinit)
    __fplib_config_fpu_vfp                   0x08000e6d   Thumb Code     0  fpinit.o(x$fpl$fpinit)
    __fplib_config_pureend_doubles           0x08000e6d   Thumb Code     0  fpinit.o(x$fpl$fpinit)
    Region$$Table$$Base                      0x08000e70   Number         0  anon$$obj.o(Region$$Table)
    Region$$Table$$Limit                     0x08000e90   Number         0  anon$$obj.o(Region$$Table)
    callback_ptr                             0x20000000   Data           4  hal_gpio_driver.o(.data)
    master_tx_buffer                         0x20000004   Data           5  i2c_main.o(.data)
    master_rx_buffer                         0x20000009   Data           5  i2c_main.o(.data)
    slave_tx_buffer                          0x2000000e   Data           5  i2c_main.o(.data)
    slave_rx_buffer                          0x20000013   Data           5  i2c_main.o(.data)
    master_write_req                         0x20000018   Data           1  i2c_main.o(.data)
    master_read_req                          0x20000019   Data           1  i2c_main.o(.data)
    slave_rcv_cmd                            0x2000001a   Data           1  i2c_main.o(.data)
    TestReady                                0x2000001c   Data           4  i2c_main.o(.data)
    i2c_handle                               0x20000020   Data          64  i2c_main.o(.bss)
    __libspace_start                         0x20000060   Data          96  libspace.o(.bss)
    __temporary_stack_top$libspace           0x200000c0   Data           0  libspace.o(.bss)



==============================================================================

Memory Map of the image

  Image Entry point : 0x08000229

  Load Region LR_1 (Base: 0x08000000, Size: 0x00000eb0, Max: 0xffffffff, ABSOLUTE)

    Execution Region ER_RO (Base: 0x08000000, Size: 0x00000e90, Max: 0xffffffff, ABSOLUTE)

    Base Addr    Size         Type   Attr      Idx    E Section Name        Object

    0x08000000   0x00000188   Data   RO          567    RESET               startup_stm32f407xx.o
    0x08000188   0x00000008   Code   RO          616  * !!!main             c_w.l(__main.o)
    0x08000190   0x00000034   Code   RO          773    !!!scatter          c_w.l(__scatter.o)
    0x080001c4   0x0000001a   Code   RO          775    !!handler_copy      c_w.l(__scatter_copy.o)
    0x080001de   0x00000002   PAD
    0x080001e0   0x0000001c   Code   RO          777    !!handler_zi        c_w.l(__scatter_zi.o)
    0x080001fc   0x00000002   Code   RO          643    .ARM.Collect$$libinit$$00000000  c_w.l(libinit.o)
    0x080001fe   0x00000004   Code   RO          649    .ARM.Collect$$libinit$$00000001  c_w.l(libinit2.o)
    0x08000202   0x00000000   Code   RO          652    .ARM.Collect$$libinit$$00000004  c_w.l(libinit2.o)
    0x08000202   0x00000000   Code   RO          655    .ARM.Collect$$libinit$$0000000A  c_w.l(libinit2.o)
    0x08000202   0x00000000   Code   RO          657    .ARM.Collect$$libinit$$0000000C  c_w.l(libinit2.o)
    0x08000202   0x00000000   Code   RO          659    .ARM.Collect$$libinit$$0000000E  c_w.l(libinit2.o)
    0x08000202   0x00000000   Code   RO          662    .ARM.Collect$$libinit$$00000011  c_w.l(libinit2.o)
    0x08000202   0x00000000   Code   RO          664    .ARM.Collect$$libinit$$00000013  c_w.l(libinit2.o)
    0x08000202   0x00000000   Code   RO          666    .ARM.Collect$$libinit$$00000015  c_w.l(libinit2.o)
    0x08000202   0x00000000   Code   RO          668    .ARM.Collect$$libinit$$00000017  c_w.l(libinit2.o)
    0x08000202   0x00000000   Code   RO          670    .ARM.Collect$$libinit$$00000019  c_w.l(libinit2.o)
    0x08000202   0x00000000   Code   RO          672    .ARM.Collect$$libinit$$0000001B  c_w.l(libinit2.o)
    0x08000202   0x00000000   Code   RO          674    .ARM.Collect$$libinit$$0000001D  c_w.l(libinit2.o)
    0x08000202   0x00000000   Code   RO          676    .ARM.Collect$$libinit$$0000001F  c_w.l(libinit2.o)
    0x08000202   0x00000000   Code   RO          678    .ARM.Collect$$libinit$$00000021  c_w.l(libinit2.o)
    0x08000202   0x00000000   Code   RO          680    .ARM.Collect$$libinit$$00000023  c_w.l(libinit2.o)
    0x08000202   0x00000000   Code   RO          682    .ARM.Collect$$libinit$$00000025  c_w.l(libinit2.o)
    0x08000202   0x00000000   Code   RO          686    .ARM.Collect$$libinit$$0000002C  c_w.l(libinit2.o)
    0x08000202   0x00000000   Code   RO          688    .ARM.Collect$$libinit$$0000002E  c_w.l(libinit2.o)
    0x08000202   0x00000000   Code   RO          690    .ARM.Collect$$libinit$$00000030  c_w.l(libinit2.o)
    0x08000202   0x00000000   Code   RO          692    .ARM.Collect$$libinit$$00000032  c_w.l(libinit2.o)
    0x08000202   0x00000002   Code   RO          693    .ARM.Collect$$libinit$$00000033  c_w.l(libinit2.o)
    0x08000204   0x00000002   Code   RO          713    .ARM.Collect$$libshutdown$$00000000  c_w.l(libshutdown.o)
    0x08000206   0x00000000   Code   RO          726    .ARM.Collect$$libshutdown$$00000002  c_w.l(libshutdown2.o)
    0x08000206   0x00000000   Code   RO          728    .ARM.Collect$$libshutdown$$00000004  c_w.l(libshutdown2.o)
    0x08000206   0x00000000   Code   RO          731    .ARM.Collect$$libshutdown$$00000007  c_w.l(libshutdown2.o)
    0x08000206   0x00000000   Code   RO          734    .ARM.Collect$$libshutdown$$0000000A  c_w.l(libshutdown2.o)
    0x08000206   0x00000000   Code   RO          736    .ARM.Collect$$libshutdown$$0000000C  c_w.l(libshutdown2.o)
    0x08000206   0x00000000   Code   RO          739    .ARM.Collect$$libshutdown$$0000000F  c_w.l(libshutdown2.o)
    0x08000206   0x00000002   Code   RO          740    .ARM.Collect$$libshutdown$$00000010  c_w.l(libshutdown2.o)
    0x08000208   0x00000000   Code   RO          618    .ARM.Collect$$rtentry$$00000000  c_w.l(__rtentry.o)
    0x08000208   0x00000000   Code   RO          620    .ARM.Collect$$rtentry$$00000002  c_w.l(__rtentry2.o)
    0x08000208   0x00000006   Code   RO          632    .ARM.Collect$$rtentry$$00000004  c_w.l(__rtentry4.o)
    0x0800020e   0x00000000   Code   RO          622    .ARM.Collect$$rtentry$$00000009  c_w.l(__rtentry2.o)
    0x0800020e   0x00000004   Code   RO          623    .ARM.Collect$$rtentry$$0000000A  c_w.l(__rtentry2.o)
    0x08000212   0x00000000   Code   RO          625    .ARM.Collect$$rtentry$$0000000C  c_w.l(__rtentry2.o)
    0x08000212   0x00000008   Code   RO          626    .ARM.Collect$$rtentry$$0000000D  c_w.l(__rtentry2.o)
    0x0800021a   0x00000002   Code   RO          647    .ARM.Collect$$rtexit$$00000000  c_w.l(rtexit.o)
    0x0800021c   0x00000000   Code   RO          695    .ARM.Collect$$rtexit$$00000002  c_w.l(rtexit2.o)
    0x0800021c   0x00000004   Code   RO          696    .ARM.Collect$$rtexit$$00000003  c_w.l(rtexit2.o)
    0x08000220   0x00000006   Code   RO          697    .ARM.Collect$$rtexit$$00000004  c_w.l(rtexit2.o)
    0x08000226   0x00000002   PAD
    0x08000228   0x00000040   Code   RO          568  * .text               startup_stm32f407xx.o
    0x08000268   0x00000006   Code   RO          614    .text               c_w.l(heapauxi.o)
    0x0800026e   0x0000004a   Code   RO          634    .text               c_w.l(sys_stackheap_outer.o)
    0x080002b8   0x00000012   Code   RO          636    .text               c_w.l(exit.o)
    0x080002ca   0x00000002   PAD
    0x080002cc   0x00000008   Code   RO          644    .text               c_w.l(libspace.o)
    0x080002d4   0x0000000c   Code   RO          705    .text               c_w.l(sys_exit.o)
    0x080002e0   0x00000002   Code   RO          716    .text               c_w.l(use_no_semi.o)
    0x080002e2   0x00000000   Code   RO          718    .text               c_w.l(indicate_semi.o)
    0x080002e2   0x00000024   Code   RO          310    i.Buffercmp         i2c_main.o
    0x08000306   0x00000002   PAD
    0x08000308   0x00000014   Code   RO            4    i.EXTI0_IRQHandler  hal_gpio_driver.o
    0x0800031c   0x000000ea   Code   RO          432    i.HAL_I2C_ER_IRQHandler  i2c_int_handler.o
    0x08000406   0x00000002   PAD
    0x08000408   0x0000016c   Code   RO          433    i.HAL_I2C_EV_IRQHandler  i2c_int_handler.o
    0x08000574   0x00000010   Code   RO          434    i.HAL_I2C_ErrorCallback  i2c_int_handler.o
    0x08000584   0x00000002   Code   RO          435    i.HAL_I2C_MasterRxCpltCallback  i2c_int_handler.o
    0x08000586   0x00000002   Code   RO          436    i.HAL_I2C_MasterTxCpltCallback  i2c_int_handler.o
    0x08000588   0x00000002   Code   RO          437    i.HAL_I2C_MemRxCpltCallback  i2c_int_handler.o
    0x0800058a   0x00000002   Code   RO          438    i.HAL_I2C_MemTxCpltCallback  i2c_int_handler.o
    0x0800058c   0x00000002   Code   RO          439    i.HAL_I2C_SlaveRxCpltCallback  i2c_int_handler.o
    0x0800058e   0x00000002   Code   RO          440    i.HAL_I2C_SlaveTxCpltCallback  i2c_int_handler.o
    0x08000590   0x00000010   Code   RO          312    i.I2C1_ER_IRQHandler  i2c_main.o
    0x080005a0   0x00000010   Code   RO          313    i.I2C1_EV_IRQHandler  i2c_main.o
    0x080005b0   0x000000b8   Code   RO          441    i.I2C_MasterReceive_BTF  i2c_int_handler.o
    0x08000668   0x00000094   Code   RO          442    i.I2C_MasterReceive_RXNE  i2c_int_handler.o
    0x080006fc   0x00000070   Code   RO          443    i.I2C_MasterTransmit_BTF  i2c_int_handler.o
    0x0800076c   0x00000024   Code   RO          444    i.I2C_MasterTransmit_TXE  i2c_int_handler.o
    0x08000790   0x0000001a   Code   RO          445    i.I2C_SlaveReceive_BTF  i2c_int_handler.o
    0x080007aa   0x0000001a   Code   RO          446    i.I2C_SlaveReceive_RXNE  i2c_int_handler.o
    0x080007c4   0x00000018   Code   RO          447    i.I2C_SlaveTransmit_BTF  i2c_int_handler.o
    0x080007dc   0x00000018   Code   RO          448    i.I2C_SlaveTransmit_TXE  i2c_int_handler.o
    0x080007f4   0x0000000a   Code   RO          449    i.I2C_Slave_ADDR    i2c_int_handler.o
    0x080007fe   0x0000004e   Code   RO          450    i.I2C_Slave_AF      i2c_int_handler.o
    0x0800084c   0x00000048   Code   RO          451    i.I2C_Slave_STOPF   i2c_int_handler.o
    0x08000894   0x00000016   Code   RO          314    i.NVIC_EnableIRQ    i2c_main.o
    0x080008aa   0x00000002   PAD
    0x080008ac   0x00000064   Code   RO          576    i.SystemInit        system_stm32f4xx.o
    0x08000910   0x00000012   Code   RO          452    i.hal_clear_stop_flag  i2c_int_handler.o
    0x08000922   0x00000010   Code   RO            7    i.hal_gpio_configure_pin_mode  hal_gpio_driver.o
    0x08000932   0x0000000e   Code   RO            8    i.hal_gpio_configure_pin_otype  hal_gpio_driver.o
    0x08000940   0x00000010   Code   RO            9    i.hal_gpio_configure_pin_pupd  hal_gpio_driver.o
    0x08000950   0x00000010   Code   RO           10    i.hal_gpio_configure_pin_speed  hal_gpio_driver.o
    0x08000960   0x0000002c   Code   RO           11    i.hal_gpio_enable_interrupt  hal_gpio_driver.o
    0x0800098c   0x00000038   Code   RO           12    i.hal_gpio_init     hal_gpio_driver.o
    0x080009c4   0x0000000c   Code   RO           13    i.hal_gpio_read_from_pin  hal_gpio_driver.o
    0x080009d0   0x00000030   Code   RO           14    i.hal_gpio_set_alt_function  hal_gpio_driver.o
    0x08000a00   0x0000001c   Code   RO           15    i.hal_gpio_write_to_pin  hal_gpio_driver.o
    0x08000a1c   0x00000028   Code   RO          130    i.hal_i2c_clk_init  hal_i2c_driver.o
    0x08000a44   0x00000048   Code   RO          131    i.hal_i2c_configure_ccr  hal_i2c_driver.o
    0x08000a8c   0x00000016   Code   RO          132    i.hal_i2c_configure_error_interrupt  hal_i2c_driver.o
    0x08000aa2   0x00000016   Code   RO          133    i.hal_i2c_configure_evt_interrupt  hal_i2c_driver.o
    0x08000ab8   0x00000016   Code   RO          134    i.hal_i2c_configure_tx_rx_interrupt  hal_i2c_driver.o
    0x08000ace   0x0000000a   Code   RO          136    i.hal_i2c_enable_peripheral  hal_i2c_driver.o
    0x08000ad8   0x0000002e   Code   RO          139    i.hal_i2c_init      hal_i2c_driver.o
    0x08000b06   0x00000018   Code   RO          140    i.hal_i2c_manage_ack  hal_i2c_driver.o
    0x08000b1e   0x00000016   Code   RO          141    i.hal_i2c_manage_clock_stretch  hal_i2c_driver.o
    0x08000b34   0x00000034   Code   RO          144    i.hal_i2c_rise_time_configuration  hal_i2c_driver.o
    0x08000b68   0x00000018   Code   RO          146    i.hal_i2c_set_addressing_mode  hal_i2c_driver.o
    0x08000b80   0x00000012   Code   RO          148    i.hal_i2c_set_own_address1  hal_i2c_driver.o
    0x08000b92   0x0000004c   Code   RO          149    i.hal_i2c_slave_rx  hal_i2c_driver.o
    0x08000bde   0x0000004c   Code   RO          150    i.hal_i2c_slave_tx  hal_i2c_driver.o
    0x08000c2a   0x00000002   PAD
    0x08000c2c   0x00000064   Code   RO          317    i.i2c_gpio_init     i2c_main.o
    0x08000c90   0x0000005c   Code   RO          390    i.led_init          led.o
    0x08000cec   0x00000028   Code   RO          391    i.led_toggle        led.o
    0x08000d14   0x00000012   Code   RO          393    i.led_turn_on       led.o
    0x08000d26   0x00000002   PAD
    0x08000d28   0x0000013c   Code   RO          318    i.main              i2c_main.o
    0x08000e64   0x0000000a   Code   RO          703    x$fpl$fpinit        fz_wm.l(fpinit.o)
    0x08000e6e   0x00000002   PAD
    0x08000e70   0x00000020   Data   RO          771    Region$$Table       anon$$obj.o


    Execution Region ER_RW (Base: 0x20000000, Size: 0x00000020, Max: 0xffffffff, ABSOLUTE)

    Base Addr    Size         Type   Attr      Idx    E Section Name        Object

    0x20000000   0x00000004   Data   RW           16    .data               hal_gpio_driver.o
    0x20000004   0x0000001c   Data   RW          320    .data               i2c_main.o


    Execution Region ER_ZI (Base: 0x20000020, Size: 0x000006a0, Max: 0xffffffff, ABSOLUTE)

    Base Addr    Size         Type   Attr      Idx    E Section Name        Object

    0x20000020   0x00000040   Zero   RW          319    .bss                i2c_main.o
    0x20000060   0x00000060   Zero   RW          645    .bss                c_w.l(libspace.o)
    0x200000c0   0x00000200   Zero   RW          566    HEAP                startup_stm32f407xx.o
    0x200002c0   0x00000400   Zero   RW          565    STACK               startup_stm32f407xx.o


==============================================================================

Image component sizes


      Code (inc. data)   RO Data    RW Data    ZI Data      Debug   Object Name

       270         10          0          4          0     284428   hal_gpio_driver.o
       526         14          0          0          0      14261   hal_i2c_driver.o
      1384          8          0          0          0      12244   i2c_int_handler.o
       506         56          0         28         64       8177   i2c_main.o
       150          8          0          0          0       2018   led.o
        64         26        392          0       1536        872   startup_stm32f407xx.o
       100         18          0          0          0        533   system_stm32f4xx.o

    ----------------------------------------------------------------------
      3010        140        424         32       1600     322533   Object Totals
         0          0         32          0          0          0   (incl. Generated)
        10          0          0          0          0          0   (incl. Padding)

    ----------------------------------------------------------------------

      Code (inc. data)   RO Data    RW Data    ZI Data      Debug   Library Member Name

         8          0          0          0          0         68   __main.o
         0          0          0          0          0          0   __rtentry.o
        12          0          0          0          0          0   __rtentry2.o
         6          0          0          0          0          0   __rtentry4.o
        52          8          0          0          0          0   __scatter.o
        26          0          0          0          0          0   __scatter_copy.o
        28          0          0          0          0          0   __scatter_zi.o
        18          0          0          0          0         80   exit.o
         6          0          0          0          0        152   heapauxi.o
         0          0          0          0          0          0   indicate_semi.o
         2          0          0          0          0          0   libinit.o
         6          0          0          0          0          0   libinit2.o
         2          0          0          0          0          0   libshutdown.o
         2          0          0          0          0          0   libshutdown2.o
         8          4          0          0         96         68   libspace.o
         2          0          0          0          0          0   rtexit.o
        10          0          0          0          0          0   rtexit2.o
        12          4          0          0          0         68   sys_exit.o
        74          0          0          0          0         80   sys_stackheap_outer.o
         2          0          0          0          0         68   use_no_semi.o
        10          0          0          0          0        116   fpinit.o

    ----------------------------------------------------------------------
       294         16          0          0         96        700   Library Totals
         8          0          0          0          0          0   (incl. Padding)

    ----------------------------------------------------------------------

      Code (inc. data)   RO Data    RW Data    ZI Data      Debug   Library Name

       276         16          0          0         96        584   c_w.l
        10          0          0          0          0        116   fz_wm.l

    ----------------------------------------------------------------------
       294         16          0          0         96        700   Library Totals

    ----------------------------------------------------------------------

==============================================================================


      Code (inc. data)   RO Data    RW Data    ZI Data      Debug   

      3304        156        424         32       1696     318077   Grand Totals
      3304        156        424         32       1696     318077   ELF Image Totals
      3304        156        424         32          0          0   ROM Totals

==============================================================================

    Total RO  Size (Code + RO Data)                 3728 (   3.64kB)
    Total RW  Size (RW Data + ZI Data)              1728 (   1.69kB)
    Total ROM Size (Code + RO Data + RW Data)       3760 (   3.67kB)

==============================================================================

