Archive member included to satisfy reference by file (symbol)

/acds_releases/acds/15.0/141/linux64/nios2eds/bin/gnu/H-x86_64-pc-linux-gnu/bin/../lib/gcc/nios2-elf/4.9.1/../../../../../H-x86_64-pc-linux-gnu/nios2-elf/lib/libsmallc.a(lib_a-puts.o)
                              obj/default/./hello_world.o (puts)
/acds_releases/acds/15.0/141/linux64/nios2eds/bin/gnu/H-x86_64-pc-linux-gnu/bin/../lib/gcc/nios2-elf/4.9.1/../../../../../H-x86_64-pc-linux-gnu/nios2-elf/lib/libsmallc.a(lib_a-strlen.o)
                              /acds_releases/acds/15.0/141/linux64/nios2eds/bin/gnu/H-x86_64-pc-linux-gnu/bin/../lib/gcc/nios2-elf/4.9.1/../../../../../H-x86_64-pc-linux-gnu/nios2-elf/lib/libsmallc.a(lib_a-puts.o) (strlen)
/acds_releases/acds/15.0/141/linux64/nios2eds/bin/gnu/H-x86_64-pc-linux-gnu/bin/../lib/gcc/nios2-elf/4.9.1/../../../../../H-x86_64-pc-linux-gnu/nios2-elf/lib/libsmallc.a(lib_a-fvwrite_small_dev.o)
                              /acds_releases/acds/15.0/141/linux64/nios2eds/bin/gnu/H-x86_64-pc-linux-gnu/bin/../lib/gcc/nios2-elf/4.9.1/../../../../../H-x86_64-pc-linux-gnu/nios2-elf/lib/libsmallc.a(lib_a-puts.o) (__sfvwrite_small_dev)
/acds_releases/acds/15.0/141/linux64/nios2eds/bin/gnu/H-x86_64-pc-linux-gnu/bin/../lib/gcc/nios2-elf/4.9.1/../../../../../H-x86_64-pc-linux-gnu/nios2-elf/lib/libsmallc.a(lib_a-impure.o)
                              /acds_releases/acds/15.0/141/linux64/nios2eds/bin/gnu/H-x86_64-pc-linux-gnu/bin/../lib/gcc/nios2-elf/4.9.1/../../../../../H-x86_64-pc-linux-gnu/nios2-elf/lib/libsmallc.a(lib_a-puts.o) (_impure_ptr)
/acds_releases/acds/15.0/141/linux64/nios2eds/bin/gnu/H-x86_64-pc-linux-gnu/bin/../lib/gcc/nios2-elf/4.9.1/../../../../../H-x86_64-pc-linux-gnu/nios2-elf/lib/libsmallc.a(lib_a-writer.o)
                              /acds_releases/acds/15.0/141/linux64/nios2eds/bin/gnu/H-x86_64-pc-linux-gnu/bin/../lib/gcc/nios2-elf/4.9.1/../../../../../H-x86_64-pc-linux-gnu/nios2-elf/lib/libsmallc.a(lib_a-fvwrite_small_dev.o) (_write_r)
/acds_releases/acds/15.0/141/linux64/nios2eds/bin/gnu/H-x86_64-pc-linux-gnu/bin/../lib/gcc/nios2-elf/4.9.1/../../../../../H-x86_64-pc-linux-gnu/nios2-elf/lib/libsmallc.a(lib_a-int_errno.o)
                              /acds_releases/acds/15.0/141/linux64/nios2eds/bin/gnu/H-x86_64-pc-linux-gnu/bin/../lib/gcc/nios2-elf/4.9.1/../../../../../H-x86_64-pc-linux-gnu/nios2-elf/lib/libsmallc.a(lib_a-writer.o) (errno)
../../bsp/hal_my_uart//libhal_bsp.a(alt_log_macro.o)
                              ../../bsp/hal_my_uart//obj/HAL/src/crt0.o (tx_log_str)
../../bsp/hal_my_uart//libhal_bsp.a(alt_log_printf.o)
                              ../../bsp/hal_my_uart//obj/HAL/src/crt0.o (alt_log_msg_bss)
../../bsp/hal_my_uart//libhal_bsp.a(alt_main.o)
                              ../../bsp/hal_my_uart//obj/HAL/src/crt0.o (alt_main)
../../bsp/hal_my_uart//libhal_bsp.a(alt_tick.o)
                              ../../bsp/hal_my_uart//libhal_bsp.a(alt_log_printf.o) (_alt_tick_rate)
../../bsp/hal_my_uart//libhal_bsp.a(alt_write.o)
                              /acds_releases/acds/15.0/141/linux64/nios2eds/bin/gnu/H-x86_64-pc-linux-gnu/bin/../lib/gcc/nios2-elf/4.9.1/../../../../../H-x86_64-pc-linux-gnu/nios2-elf/lib/libsmallc.a(lib_a-writer.o) (write)
../../bsp/hal_my_uart//libhal_bsp.a(alt_sys_init.o)
                              ../../bsp/hal_my_uart//libhal_bsp.a(alt_main.o) (alt_irq_init)
../../bsp/hal_my_uart//libhal_bsp.a(altera_avalon_jtag_uart_fd.o)
                              ../../bsp/hal_my_uart//libhal_bsp.a(alt_sys_init.o) (altera_avalon_jtag_uart_read_fd)
../../bsp/hal_my_uart//libhal_bsp.a(altera_avalon_jtag_uart_init.o)
                              ../../bsp/hal_my_uart//libhal_bsp.a(alt_sys_init.o) (altera_avalon_jtag_uart_init)
../../bsp/hal_my_uart//libhal_bsp.a(altera_avalon_jtag_uart_ioctl.o)
                              ../../bsp/hal_my_uart//libhal_bsp.a(altera_avalon_jtag_uart_fd.o) (altera_avalon_jtag_uart_ioctl)
../../bsp/hal_my_uart//libhal_bsp.a(altera_avalon_jtag_uart_read.o)
                              ../../bsp/hal_my_uart//libhal_bsp.a(altera_avalon_jtag_uart_fd.o) (altera_avalon_jtag_uart_read)
../../bsp/hal_my_uart//libhal_bsp.a(altera_avalon_jtag_uart_write.o)
                              ../../bsp/hal_my_uart//libhal_bsp.a(altera_avalon_jtag_uart_fd.o) (altera_avalon_jtag_uart_write)
../../bsp/hal_my_uart//libhal_bsp.a(altera_avalon_timer_sc.o)
                              ../../bsp/hal_my_uart//libhal_bsp.a(alt_sys_init.o) (alt_avalon_timer_sc_init)
../../bsp/hal_my_uart//libhal_bsp.a(altera_vic_0_vector_tbl.o)
                              ../../bsp/hal_my_uart//libhal_bsp.a(alt_sys_init.o) (VIC_0_VECTOR_TABLE)
../../bsp/hal_my_uart//libhal_bsp.a(altera_vic_funnel_non_preemptive.o)
                              ../../bsp/hal_my_uart//libhal_bsp.a(altera_vic_0_vector_tbl.o) (alt_shadow_non_preemptive_interrupt)
../../bsp/hal_my_uart//libhal_bsp.a(altera_vic_irq_init.o)
                              ../../bsp/hal_my_uart//libhal_bsp.a(alt_sys_init.o) (alt_vic_irq_init)
../../bsp/hal_my_uart//libhal_bsp.a(altera_vic_isr_register.o)
                              ../../bsp/hal_my_uart//libhal_bsp.a(altera_avalon_jtag_uart_init.o) (alt_ic_isr_register)
../../bsp/hal_my_uart//libhal_bsp.a(my_uart_fd.o)
                              ../../bsp/hal_my_uart//libhal_bsp.a(alt_sys_init.o) (my_uart_read_fd)
../../bsp/hal_my_uart//libhal_bsp.a(my_uart_init.o)
                              ../../bsp/hal_my_uart//libhal_bsp.a(alt_sys_init.o) (my_uart_init)
../../bsp/hal_my_uart//libhal_bsp.a(my_uart_read.o)
                              ../../bsp/hal_my_uart//libhal_bsp.a(my_uart_fd.o) (my_uart_read)
../../bsp/hal_my_uart//libhal_bsp.a(my_uart_write.o)
                              ../../bsp/hal_my_uart//libhal_bsp.a(my_uart_fd.o) (my_uart_write)
../../bsp/hal_my_uart//libhal_bsp.a(alt_alarm_start.o)
                              ../../bsp/hal_my_uart//libhal_bsp.a(altera_avalon_jtag_uart_init.o) (alt_alarm_start)
../../bsp/hal_my_uart//libhal_bsp.a(alt_close.o)
                              ../../bsp/hal_my_uart//libhal_bsp.a(alt_main.o) (close)
../../bsp/hal_my_uart//libhal_bsp.a(alt_dev.o)
                              ../../bsp/hal_my_uart//libhal_bsp.a(alt_sys_init.o) (alt_dev_list)
../../bsp/hal_my_uart//libhal_bsp.a(alt_dev_llist_insert.o)
                              ../../bsp/hal_my_uart//libhal_bsp.a(alt_sys_init.o) (alt_dev_llist_insert)
../../bsp/hal_my_uart//libhal_bsp.a(alt_errno.o)
                              ../../bsp/hal_my_uart//libhal_bsp.a(alt_write.o) (alt_errno)
../../bsp/hal_my_uart//libhal_bsp.a(alt_io_redirect.o)
                              ../../bsp/hal_my_uart//libhal_bsp.a(alt_main.o) (alt_io_redirect)
../../bsp/hal_my_uart//libhal_bsp.a(alt_open.o)
                              ../../bsp/hal_my_uart//libhal_bsp.a(alt_io_redirect.o) (open)
../../bsp/hal_my_uart//libhal_bsp.a(alt_release_fd.o)
                              ../../bsp/hal_my_uart//libhal_bsp.a(alt_close.o) (alt_release_fd)
../../bsp/hal_my_uart//libhal_bsp.a(alt_find_dev.o)
                              ../../bsp/hal_my_uart//libhal_bsp.a(alt_open.o) (alt_find_dev)
../../bsp/hal_my_uart//libhal_bsp.a(alt_find_file.o)
                              ../../bsp/hal_my_uart//libhal_bsp.a(alt_open.o) (alt_find_file)
../../bsp/hal_my_uart//libhal_bsp.a(alt_get_fd.o)
                              ../../bsp/hal_my_uart//libhal_bsp.a(alt_open.o) (alt_get_fd)
/acds_releases/acds/15.0/141/linux64/nios2eds/bin/gnu/H-x86_64-pc-linux-gnu/bin/../lib/gcc/nios2-elf/4.9.1/../../../../../H-x86_64-pc-linux-gnu/nios2-elf/lib/libsmallc.a(lib_a-exit.o)
                              ../../bsp/hal_my_uart//libhal_bsp.a(alt_main.o) (exit)
/acds_releases/acds/15.0/141/linux64/nios2eds/bin/gnu/H-x86_64-pc-linux-gnu/bin/../lib/gcc/nios2-elf/4.9.1/../../../../../H-x86_64-pc-linux-gnu/nios2-elf/lib/libsmallc.a(lib_a-memcmp.o)
                              ../../bsp/hal_my_uart//libhal_bsp.a(alt_find_dev.o) (memcmp)
/acds_releases/acds/15.0/141/linux64/nios2eds/bin/gnu/H-x86_64-pc-linux-gnu/bin/../lib/gcc/nios2-elf/4.9.1/../../../../../H-x86_64-pc-linux-gnu/nios2-elf/lib/libsmallc.a(lib_a-memcpy.o)
                              ../../bsp/hal_my_uart//libhal_bsp.a(altera_avalon_jtag_uart_read.o) (memcpy)
/acds_releases/acds/15.0/141/linux64/nios2eds/bin/gnu/H-x86_64-pc-linux-gnu/bin/../lib/gcc/nios2-elf/4.9.1/../../../../../H-x86_64-pc-linux-gnu/nios2-elf/lib/libsmallc.a(lib_a-strncpy.o)
                              ../../bsp/hal_my_uart//libhal_bsp.a(alt_log_printf.o) (strncpy)
/acds_releases/acds/15.0/141/linux64/nios2eds/bin/gnu/H-x86_64-pc-linux-gnu/bin/../lib/gcc/nios2-elf/4.9.1/../../../../../H-x86_64-pc-linux-gnu/nios2-elf/lib/libsmallc.a(lib_a-__call_atexit.o)
                              /acds_releases/acds/15.0/141/linux64/nios2eds/bin/gnu/H-x86_64-pc-linux-gnu/bin/../lib/gcc/nios2-elf/4.9.1/../../../../../H-x86_64-pc-linux-gnu/nios2-elf/lib/libsmallc.a(lib_a-exit.o) (__call_exitprocs)
/acds_releases/acds/15.0/141/linux64/nios2eds/bin/gnu/H-x86_64-pc-linux-gnu/bin/../lib/gcc/nios2-elf/4.9.1/libgcc.a(lib2-divmod.o)
                              ../../bsp/hal_my_uart//libhal_bsp.a(alt_log_printf.o) (__udivsi3)
../../bsp/hal_my_uart//libhal_bsp.a(alt_exit.o)
                              /acds_releases/acds/15.0/141/linux64/nios2eds/bin/gnu/H-x86_64-pc-linux-gnu/bin/../lib/gcc/nios2-elf/4.9.1/../../../../../H-x86_64-pc-linux-gnu/nios2-elf/lib/libsmallc.a(lib_a-exit.o) (_exit)

Allocating common symbols
Common symbol       size              file

errno               0x4               /acds_releases/acds/15.0/141/linux64/nios2eds/bin/gnu/H-x86_64-pc-linux-gnu/bin/../lib/gcc/nios2-elf/4.9.1/../../../../../H-x86_64-pc-linux-gnu/nios2-elf/lib/libsmallc.a(lib_a-int_errno.o)
alt_log_write_buf   0x11              ../../bsp/hal_my_uart//libhal_bsp.a(alt_log_printf.o)
alt_log_jtag_uart_alarm_1
                    0x18              ../../bsp/hal_my_uart//libhal_bsp.a(alt_log_printf.o)
alt_system_clock_in_sec
                    0x4               ../../bsp/hal_my_uart//libhal_bsp.a(alt_log_printf.o)
alt_vic_dev_list    0x4               ../../bsp/hal_my_uart//libhal_bsp.a(altera_vic_irq_init.o)
alt_log_sys_clk_count
                    0x4               ../../bsp/hal_my_uart//libhal_bsp.a(alt_log_printf.o)

Memory Configuration

Name             Origin             Length             Attributes
reset            0x0000000000004000 0x0000000000000020
onchip_memory    0x0000000000004020 0x0000000000003fe0
*default*        0x0000000000000000 0xffffffffffffffff

Linker script and memory map

LOAD ../../bsp/hal_my_uart//obj/HAL/src/crt0.o
LOAD obj/default/./hello_world.o
LOAD /acds_releases/acds/15.0/141/linux64/nios2eds/bin/gnu/H-x86_64-pc-linux-gnu/bin/../lib/gcc/nios2-elf/4.9.1/../../../../../H-x86_64-pc-linux-gnu/nios2-elf/lib/libstdc++.a
LOAD /acds_releases/acds/15.0/141/linux64/nios2eds/bin/gnu/H-x86_64-pc-linux-gnu/bin/../lib/gcc/nios2-elf/4.9.1/../../../../../H-x86_64-pc-linux-gnu/nios2-elf/lib/libm.a
LOAD /acds_releases/acds/15.0/141/linux64/nios2eds/bin/gnu/H-x86_64-pc-linux-gnu/bin/../lib/gcc/nios2-elf/4.9.1/libgcc.a
START GROUP
LOAD /acds_releases/acds/15.0/141/linux64/nios2eds/bin/gnu/H-x86_64-pc-linux-gnu/bin/../lib/gcc/nios2-elf/4.9.1/../../../../../H-x86_64-pc-linux-gnu/nios2-elf/lib/libsmallc.a
LOAD /acds_releases/acds/15.0/141/linux64/nios2eds/bin/gnu/H-x86_64-pc-linux-gnu/bin/../lib/gcc/nios2-elf/4.9.1/libgcc.a
LOAD ../../bsp/hal_my_uart//libhal_bsp.a
LOAD /acds_releases/acds/15.0/141/linux64/nios2eds/bin/gnu/H-x86_64-pc-linux-gnu/bin/../lib/gcc/nios2-elf/4.9.1/../../../../../H-x86_64-pc-linux-gnu/nios2-elf/lib/libm.a
END GROUP
LOAD /acds_releases/acds/15.0/141/linux64/nios2eds/bin/gnu/H-x86_64-pc-linux-gnu/bin/../lib/gcc/nios2-elf/4.9.1/libgcc.a
                0x0000000000004000                __alt_mem_onchip_memory = 0x4000

.entry          0x0000000000004000       0x20
 *(.entry)
 .entry         0x0000000000004000       0x20 ../../bsp/hal_my_uart//obj/HAL/src/crt0.o
                0x0000000000004000                __reset

.exceptions     0x0000000000004020        0x0
                0x0000000000004020                PROVIDE (__ram_exceptions_start, ABSOLUTE (.))
                0x0000000000004020                . = ALIGN (0x20)
 *(.irq)
 *(.exceptions.entry.label)
 *(.exceptions.entry.user)
 *(.exceptions.entry.ecc_fatal)
 *(.exceptions.entry)
 *(.exceptions.irqtest.user)
 *(.exceptions.irqtest)
 *(.exceptions.irqhandler.user)
 *(.exceptions.irqhandler)
 *(.exceptions.irqreturn.user)
 *(.exceptions.irqreturn)
 *(.exceptions.notirq.label)
 *(.exceptions.notirq.user)
 *(.exceptions.notirq)
 *(.exceptions.soft.user)
 *(.exceptions.soft)
 *(.exceptions.unknown.user)
 *(.exceptions.unknown)
 *(.exceptions.exit.label)
 *(.exceptions.exit.user)
 *(.exceptions.exit)
 *(.exceptions)
                0x0000000000004020                PROVIDE (__ram_exceptions_end, ABSOLUTE (.))
                0x0000000000004020                PROVIDE (__flash_exceptions_start, LOADADDR (.exceptions))

.text           0x0000000000004020     0x39b8
                0x0000000000004020                PROVIDE (stext, ABSOLUTE (.))
 *(.interp)
 *(.hash)
 *(.dynsym)
 *(.dynstr)
 *(.gnu.version)
 *(.gnu.version_d)
 *(.gnu.version_r)
 *(.rel.init)
 *(.rela.init)
 *(.rel.text .rel.text.* .rel.gnu.linkonce.t.*)
 *(.rela.text .rela.text.* .rela.gnu.linkonce.t.*)
 *(.rel.fini)
 *(.rela.fini)
 *(.rel.rodata .rel.rodata.* .rel.gnu.linkonce.r.*)
 *(.rela.rodata .rela.rodata.* .rela.gnu.linkonce.r.*)
 *(.rel.data .rel.data.* .rel.gnu.linkonce.d.*)
 *(.rela.data .rela.data.* .rela.gnu.linkonce.d.*)
 *(.rel.tdata .rel.tdata.* .rel.gnu.linkonce.td.*)
 *(.rela.tdata .rela.tdata.* .rela.gnu.linkonce.td.*)
 *(.rel.tbss .rel.tbss.* .rel.gnu.linkonce.tb.*)
 *(.rela.tbss .rela.tbss.* .rela.gnu.linkonce.tb.*)
 *(.rel.ctors)
 *(.rela.ctors)
 *(.rel.dtors)
 *(.rela.dtors)
 *(.rel.got)
 *(.rela.got)
 *(.rel.sdata .rel.sdata.* .rel.gnu.linkonce.s.*)
 *(.rela.sdata .rela.sdata.* .rela.gnu.linkonce.s.*)
 *(.rel.sbss .rel.sbss.* .rel.gnu.linkonce.sb.*)
 *(.rela.sbss .rela.sbss.* .rela.gnu.linkonce.sb.*)
 *(.rel.sdata2 .rel.sdata2.* .rel.gnu.linkonce.s2.*)
 *(.rela.sdata2 .rela.sdata2.* .rela.gnu.linkonce.s2.*)
 *(.rel.sbss2 .rel.sbss2.* .rel.gnu.linkonce.sb2.*)
 *(.rela.sbss2 .rela.sbss2.* .rela.gnu.linkonce.sb2.*)
 *(.rel.bss .rel.bss.* .rel.gnu.linkonce.b.*)
 *(.rela.bss .rela.bss.* .rela.gnu.linkonce.b.*)
 *(.rel.plt)
 *(.rela.plt)
 *(.rel.dyn)
 *(.init)
 *(.plt)
 *(.text .stub .text.* .gnu.linkonce.t.*)
 .text          0x0000000000004020       0xf8 ../../bsp/hal_my_uart//obj/HAL/src/crt0.o
                0x0000000000004020                _start
 .text          0x0000000000004118       0x34 obj/default/./hello_world.o
                0x0000000000004118                main
 .text          0x000000000000414c       0x94 /acds_releases/acds/15.0/141/linux64/nios2eds/bin/gnu/H-x86_64-pc-linux-gnu/bin/../lib/gcc/nios2-elf/4.9.1/../../../../../H-x86_64-pc-linux-gnu/nios2-elf/lib/libsmallc.a(lib_a-puts.o)
                0x000000000000414c                _puts_r
                0x00000000000041cc                puts
 .text          0x00000000000041e0       0x1c /acds_releases/acds/15.0/141/linux64/nios2eds/bin/gnu/H-x86_64-pc-linux-gnu/bin/../lib/gcc/nios2-elf/4.9.1/../../../../../H-x86_64-pc-linux-gnu/nios2-elf/lib/libsmallc.a(lib_a-strlen.o)
                0x00000000000041e0                strlen
 .text          0x00000000000041fc       0xac /acds_releases/acds/15.0/141/linux64/nios2eds/bin/gnu/H-x86_64-pc-linux-gnu/bin/../lib/gcc/nios2-elf/4.9.1/../../../../../H-x86_64-pc-linux-gnu/nios2-elf/lib/libsmallc.a(lib_a-fvwrite_small_dev.o)
                0x00000000000041fc                __sfvwrite_small_dev
 .text          0x00000000000042a8        0x0 /acds_releases/acds/15.0/141/linux64/nios2eds/bin/gnu/H-x86_64-pc-linux-gnu/bin/../lib/gcc/nios2-elf/4.9.1/../../../../../H-x86_64-pc-linux-gnu/nios2-elf/lib/libsmallc.a(lib_a-impure.o)
 .text          0x00000000000042a8       0x58 /acds_releases/acds/15.0/141/linux64/nios2eds/bin/gnu/H-x86_64-pc-linux-gnu/bin/../lib/gcc/nios2-elf/4.9.1/../../../../../H-x86_64-pc-linux-gnu/nios2-elf/lib/libsmallc.a(lib_a-writer.o)
                0x00000000000042a8                _write_r
 .text          0x0000000000004300        0x0 /acds_releases/acds/15.0/141/linux64/nios2eds/bin/gnu/H-x86_64-pc-linux-gnu/bin/../lib/gcc/nios2-elf/4.9.1/../../../../../H-x86_64-pc-linux-gnu/nios2-elf/lib/libsmallc.a(lib_a-int_errno.o)
 .text          0x0000000000004300       0x34 ../../bsp/hal_my_uart//libhal_bsp.a(alt_log_macro.o)
                0x0000000000004300                tx_log_str
 .text          0x0000000000004334      0xa68 ../../bsp/hal_my_uart//libhal_bsp.a(alt_log_printf.o)
                0x0000000000004334                alt_log_txchar
                0x000000000000437c                alt_log_repchar
                0x00000000000043d8                alt_log_private_printf
                0x000000000000498c                alt_log_printf_proc
                0x00000000000049e0                altera_avalon_jtag_uart_report_log
                0x0000000000004a60                alt_log_jtag_uart_print_control_reg
                0x0000000000004b50                alt_log_jtag_uart_startup_info
                0x0000000000004b9c                alt_log_jtag_uart_isr_proc
                0x0000000000004bf4                alt_log_write
                0x0000000000004d28                alt_log_system_clock
 .text          0x0000000000004d9c      0x148 ../../bsp/hal_my_uart//libhal_bsp.a(alt_main.o)
                0x0000000000004d9c                alt_main
 .text          0x0000000000004ee4      0x1c8 ../../bsp/hal_my_uart//libhal_bsp.a(alt_tick.o)
                0x0000000000004ee4                alt_alarm_stop
                0x0000000000004fa8                alt_tick
 .text          0x00000000000050ac      0x154 ../../bsp/hal_my_uart//libhal_bsp.a(alt_write.o)
                0x00000000000050fc                write
 .text          0x0000000000005200       0xf0 ../../bsp/hal_my_uart//libhal_bsp.a(alt_sys_init.o)
                0x0000000000005238                alt_irq_init
                0x0000000000005278                alt_sys_init
 .text          0x00000000000052f0      0x164 ../../bsp/hal_my_uart//libhal_bsp.a(altera_avalon_jtag_uart_fd.o)
                0x00000000000052f0                altera_avalon_jtag_uart_read_fd
                0x0000000000005350                altera_avalon_jtag_uart_write_fd
                0x00000000000053b0                altera_avalon_jtag_uart_close_fd
                0x0000000000005400                altera_avalon_jtag_uart_ioctl_fd
 .text          0x0000000000005454      0x468 ../../bsp/hal_my_uart//libhal_bsp.a(altera_avalon_jtag_uart_init.o)
                0x0000000000005454                altera_avalon_jtag_uart_init
                0x0000000000005854                altera_avalon_jtag_uart_close
 .text          0x00000000000058bc       0xec ../../bsp/hal_my_uart//libhal_bsp.a(altera_avalon_jtag_uart_ioctl.o)
                0x00000000000058bc                altera_avalon_jtag_uart_ioctl
 .text          0x00000000000059a8      0x238 ../../bsp/hal_my_uart//libhal_bsp.a(altera_avalon_jtag_uart_read.o)
                0x00000000000059a8                altera_avalon_jtag_uart_read
 .text          0x0000000000005be0      0x244 ../../bsp/hal_my_uart//libhal_bsp.a(altera_avalon_jtag_uart_write.o)
                0x0000000000005be0                altera_avalon_jtag_uart_write
 .text          0x0000000000005e24      0x12c ../../bsp/hal_my_uart//libhal_bsp.a(altera_avalon_timer_sc.o)
                0x0000000000005ec8                alt_avalon_timer_sc_init
 .text          0x0000000000005f50       0x80 ../../bsp/hal_my_uart//libhal_bsp.a(altera_vic_0_vector_tbl.o)
                0x0000000000005f50                VIC_0_VECTOR_TABLE
 .text          0x0000000000005fd0       0x18 ../../bsp/hal_my_uart//libhal_bsp.a(altera_vic_funnel_non_preemptive.o)
                0x0000000000005fd0                alt_shadow_non_preemptive_interrupt
 .text          0x0000000000005fe8      0x13c ../../bsp/hal_my_uart//libhal_bsp.a(altera_vic_irq_init.o)
                0x0000000000005fe8                alt_vic_irq_init
 .text          0x0000000000006124      0x158 ../../bsp/hal_my_uart//libhal_bsp.a(altera_vic_isr_register.o)
                0x0000000000006124                alt_ic_isr_register
 .text          0x000000000000627c       0xc0 ../../bsp/hal_my_uart//libhal_bsp.a(my_uart_fd.o)
                0x000000000000627c                my_uart_read_fd
                0x00000000000062dc                my_uart_write_fd
 .text          0x000000000000633c      0x344 ../../bsp/hal_my_uart//libhal_bsp.a(my_uart_init.o)
                0x000000000000633c                my_uart_init
 .text          0x0000000000006680      0x28c ../../bsp/hal_my_uart//libhal_bsp.a(my_uart_read.o)
                0x00000000000066d0                my_uart_read
 .text          0x000000000000690c      0x254 ../../bsp/hal_my_uart//libhal_bsp.a(my_uart_write.o)
                0x000000000000695c                my_uart_write
 .text          0x0000000000006b60      0x16c ../../bsp/hal_my_uart//libhal_bsp.a(alt_alarm_start.o)
                0x0000000000006b60                alt_alarm_start
 .text          0x0000000000006ccc      0x120 ../../bsp/hal_my_uart//libhal_bsp.a(alt_close.o)
                0x0000000000006d1c                close
 .text          0x0000000000006dec       0x2c ../../bsp/hal_my_uart//libhal_bsp.a(alt_dev.o)
 .text          0x0000000000006e18       0xf4 ../../bsp/hal_my_uart//libhal_bsp.a(alt_dev_llist_insert.o)
                0x0000000000006e68                alt_dev_llist_insert
 .text          0x0000000000006f0c        0x0 ../../bsp/hal_my_uart//libhal_bsp.a(alt_errno.o)
 .text          0x0000000000006f0c      0x138 ../../bsp/hal_my_uart//libhal_bsp.a(alt_io_redirect.o)
                0x0000000000006fcc                alt_io_redirect
 .text          0x0000000000007044      0x274 ../../bsp/hal_my_uart//libhal_bsp.a(alt_open.o)
                0x0000000000007160                open
 .text          0x00000000000072b8       0x60 ../../bsp/hal_my_uart//libhal_bsp.a(alt_release_fd.o)
                0x00000000000072b8                alt_release_fd
 .text          0x0000000000007318       0x90 ../../bsp/hal_my_uart//libhal_bsp.a(alt_find_dev.o)
                0x0000000000007318                alt_find_dev
 .text          0x00000000000073a8      0x114 ../../bsp/hal_my_uart//libhal_bsp.a(alt_find_file.o)
                0x00000000000073a8                alt_find_file
 .text          0x00000000000074bc       0xb4 ../../bsp/hal_my_uart//libhal_bsp.a(alt_get_fd.o)
                0x00000000000074bc                alt_get_fd
 .text          0x0000000000007570       0x20 /acds_releases/acds/15.0/141/linux64/nios2eds/bin/gnu/H-x86_64-pc-linux-gnu/bin/../lib/gcc/nios2-elf/4.9.1/../../../../../H-x86_64-pc-linux-gnu/nios2-elf/lib/libsmallc.a(lib_a-exit.o)
                0x0000000000007570                exit
 .text          0x0000000000007590       0x30 /acds_releases/acds/15.0/141/linux64/nios2eds/bin/gnu/H-x86_64-pc-linux-gnu/bin/../lib/gcc/nios2-elf/4.9.1/../../../../../H-x86_64-pc-linux-gnu/nios2-elf/lib/libsmallc.a(lib_a-memcmp.o)
                0x0000000000007590                memcmp
 .text          0x00000000000075c0       0x28 /acds_releases/acds/15.0/141/linux64/nios2eds/bin/gnu/H-x86_64-pc-linux-gnu/bin/../lib/gcc/nios2-elf/4.9.1/../../../../../H-x86_64-pc-linux-gnu/nios2-elf/lib/libsmallc.a(lib_a-memcpy.o)
                0x00000000000075c0                memcpy
 .text          0x00000000000075e8       0x4c /acds_releases/acds/15.0/141/linux64/nios2eds/bin/gnu/H-x86_64-pc-linux-gnu/bin/../lib/gcc/nios2-elf/4.9.1/../../../../../H-x86_64-pc-linux-gnu/nios2-elf/lib/libsmallc.a(lib_a-strncpy.o)
                0x00000000000075e8                strncpy
 .text          0x0000000000007634      0x19c /acds_releases/acds/15.0/141/linux64/nios2eds/bin/gnu/H-x86_64-pc-linux-gnu/bin/../lib/gcc/nios2-elf/4.9.1/../../../../../H-x86_64-pc-linux-gnu/nios2-elf/lib/libsmallc.a(lib_a-__call_atexit.o)
                0x0000000000007634                __call_exitprocs
 .text          0x00000000000077d0      0x12c /acds_releases/acds/15.0/141/linux64/nios2eds/bin/gnu/H-x86_64-pc-linux-gnu/bin/../lib/gcc/nios2-elf/4.9.1/libgcc.a(lib2-divmod.o)
                0x000000000000783c                __divsi3
                0x0000000000007890                __modsi3
                0x00000000000078ec                __udivsi3
                0x00000000000078f4                __umodsi3
 .text          0x00000000000078fc       0xdc ../../bsp/hal_my_uart//libhal_bsp.a(alt_exit.o)
                0x00000000000078fc                _exit
 *(.gnu.warning.*)
 *(.fini)
                0x00000000000079d8                PROVIDE (__etext, ABSOLUTE (.))
                0x00000000000079d8                PROVIDE (_etext, ABSOLUTE (.))
                0x00000000000079d8                PROVIDE (etext, ABSOLUTE (.))
 *(.eh_frame_hdr)
                0x00000000000079d8                . = ALIGN (0x4)
                0x00000000000079d8                PROVIDE (__preinit_array_start, ABSOLUTE (.))
 *(.preinit_array)
                0x00000000000079d8                PROVIDE (__preinit_array_end, ABSOLUTE (.))
                0x00000000000079d8                PROVIDE (__init_array_start, ABSOLUTE (.))
 *(.init_array)
                0x00000000000079d8                PROVIDE (__init_array_end, ABSOLUTE (.))
                0x00000000000079d8                PROVIDE (__fini_array_start, ABSOLUTE (.))
 *(.fini_array)
                0x00000000000079d8                PROVIDE (__fini_array_end, ABSOLUTE (.))
 *(.eh_frame)
 *(.gcc_except_table .gcc_except_table.*)
 *(.dynamic)
                0x00000000000079d8                PROVIDE (__CTOR_LIST__, ABSOLUTE (.))
 *(.ctors)
 *(SORT(.ctors.*))
                0x00000000000079d8                PROVIDE (__CTOR_END__, ABSOLUTE (.))
                0x00000000000079d8                PROVIDE (__DTOR_LIST__, ABSOLUTE (.))
 *(.dtors)
 *(SORT(.dtors.*))
                0x00000000000079d8                PROVIDE (__DTOR_END__, ABSOLUTE (.))
 *(.jcr)
                0x00000000000079d8                . = ALIGN (0x4)

.rodata         0x00000000000079d8      0x308
                0x00000000000079d8                PROVIDE (__ram_rodata_start, ABSOLUTE (.))
                0x00000000000079d8                . = ALIGN (0x4)
 *(.rodata .rodata.* .gnu.linkonce.r.*)
 .rodata        0x00000000000079d8       0x14 obj/default/./hello_world.o
 .rodata.str1.4
                0x00000000000079ec        0x4 /acds_releases/acds/15.0/141/linux64/nios2eds/bin/gnu/H-x86_64-pc-linux-gnu/bin/../lib/gcc/nios2-elf/4.9.1/../../../../../H-x86_64-pc-linux-gnu/nios2-elf/lib/libsmallc.a(lib_a-puts.o)
 .rodata        0x00000000000079f0       0x9c ../../bsp/hal_my_uart//libhal_bsp.a(alt_log_printf.o)
 .rodata        0x0000000000007a8c      0x140 ../../bsp/hal_my_uart//libhal_bsp.a(alt_main.o)
 .rodata        0x0000000000007bcc       0x1c ../../bsp/hal_my_uart//libhal_bsp.a(alt_sys_init.o)
 .rodata        0x0000000000007be8       0x20 ../../bsp/hal_my_uart//libhal_bsp.a(altera_vic_irq_init.o)
 .rodata        0x0000000000007c08        0xc ../../bsp/hal_my_uart//libhal_bsp.a(alt_dev.o)
 .rodata        0x0000000000007c14       0xcc ../../bsp/hal_my_uart//libhal_bsp.a(alt_exit.o)
 *(.rodata1)
                0x0000000000007ce0                . = ALIGN (0x4)
                0x0000000000007ce0                PROVIDE (__ram_rodata_end, ABSOLUTE (.))
                0x00000000000079d8                PROVIDE (__flash_rodata_start, LOADADDR (.rodata))

.rwdata         0x0000000000007ce0     0x13c8
                0x0000000000007ce0                PROVIDE (__ram_rwdata_start, ABSOLUTE (.))
                0x0000000000007ce0                . = ALIGN (0x4)
 *(.got.plt)
 *(.got)
 *(.data1)
 *(.data .data.* .gnu.linkonce.d.*)
 .data          0x0000000000007ce0        0x0 ../../bsp/hal_my_uart//obj/HAL/src/crt0.o
 .data          0x0000000000007ce0        0x0 obj/default/./hello_world.o
 .data          0x0000000000007ce0        0x0 /acds_releases/acds/15.0/141/linux64/nios2eds/bin/gnu/H-x86_64-pc-linux-gnu/bin/../lib/gcc/nios2-elf/4.9.1/../../../../../H-x86_64-pc-linux-gnu/nios2-elf/lib/libsmallc.a(lib_a-puts.o)
 .data          0x0000000000007ce0        0x0 /acds_releases/acds/15.0/141/linux64/nios2eds/bin/gnu/H-x86_64-pc-linux-gnu/bin/../lib/gcc/nios2-elf/4.9.1/../../../../../H-x86_64-pc-linux-gnu/nios2-elf/lib/libsmallc.a(lib_a-strlen.o)
 .data          0x0000000000007ce0        0x0 /acds_releases/acds/15.0/141/linux64/nios2eds/bin/gnu/H-x86_64-pc-linux-gnu/bin/../lib/gcc/nios2-elf/4.9.1/../../../../../H-x86_64-pc-linux-gnu/nios2-elf/lib/libsmallc.a(lib_a-fvwrite_small_dev.o)
 .data          0x0000000000007ce0       0xe0 /acds_releases/acds/15.0/141/linux64/nios2eds/bin/gnu/H-x86_64-pc-linux-gnu/bin/../lib/gcc/nios2-elf/4.9.1/../../../../../H-x86_64-pc-linux-gnu/nios2-elf/lib/libsmallc.a(lib_a-impure.o)
 .data          0x0000000000007dc0        0x0 /acds_releases/acds/15.0/141/linux64/nios2eds/bin/gnu/H-x86_64-pc-linux-gnu/bin/../lib/gcc/nios2-elf/4.9.1/../../../../../H-x86_64-pc-linux-gnu/nios2-elf/lib/libsmallc.a(lib_a-writer.o)
 .data          0x0000000000007dc0        0x0 /acds_releases/acds/15.0/141/linux64/nios2eds/bin/gnu/H-x86_64-pc-linux-gnu/bin/../lib/gcc/nios2-elf/4.9.1/../../../../../H-x86_64-pc-linux-gnu/nios2-elf/lib/libsmallc.a(lib_a-int_errno.o)
 .data          0x0000000000007dc0        0x0 ../../bsp/hal_my_uart//libhal_bsp.a(alt_log_macro.o)
 .data          0x0000000000007dc0       0xa0 ../../bsp/hal_my_uart//libhal_bsp.a(alt_log_printf.o)
                0x0000000000007dc0                alt_log_msg_bss
                0x0000000000007ddc                alt_log_msg_alt_main
                0x0000000000007dfc                alt_log_msg_stackpointer
                0x0000000000007e30                alt_log_msg_cache
                0x0000000000007e5c                alt_log_boot_on_flag
 .data          0x0000000000007e60        0x0 ../../bsp/hal_my_uart//libhal_bsp.a(alt_main.o)
 .data          0x0000000000007e60        0x0 ../../bsp/hal_my_uart//libhal_bsp.a(alt_tick.o)
 .data          0x0000000000007e60        0x0 ../../bsp/hal_my_uart//libhal_bsp.a(alt_write.o)
 .data          0x0000000000007e60     0x11c0 ../../bsp/hal_my_uart//libhal_bsp.a(alt_sys_init.o)
 .data          0x0000000000009020        0x0 ../../bsp/hal_my_uart//libhal_bsp.a(altera_avalon_jtag_uart_fd.o)
 .data          0x0000000000009020        0x0 ../../bsp/hal_my_uart//libhal_bsp.a(altera_avalon_jtag_uart_init.o)
 .data          0x0000000000009020        0x0 ../../bsp/hal_my_uart//libhal_bsp.a(altera_avalon_jtag_uart_ioctl.o)
 .data          0x0000000000009020        0x0 ../../bsp/hal_my_uart//libhal_bsp.a(altera_avalon_jtag_uart_read.o)
 .data          0x0000000000009020        0x0 ../../bsp/hal_my_uart//libhal_bsp.a(altera_avalon_jtag_uart_write.o)
 .data          0x0000000000009020        0x0 ../../bsp/hal_my_uart//libhal_bsp.a(altera_avalon_timer_sc.o)
 .data          0x0000000000009020        0x0 ../../bsp/hal_my_uart//libhal_bsp.a(altera_vic_0_vector_tbl.o)
 .data          0x0000000000009020        0x0 ../../bsp/hal_my_uart//libhal_bsp.a(altera_vic_funnel_non_preemptive.o)
 .data          0x0000000000009020        0x0 ../../bsp/hal_my_uart//libhal_bsp.a(altera_vic_irq_init.o)
 .data          0x0000000000009020        0x0 ../../bsp/hal_my_uart//libhal_bsp.a(altera_vic_isr_register.o)
 .data          0x0000000000009020        0x0 ../../bsp/hal_my_uart//libhal_bsp.a(my_uart_fd.o)
 .data          0x0000000000009020        0x0 ../../bsp/hal_my_uart//libhal_bsp.a(my_uart_init.o)
 .data          0x0000000000009020        0x0 ../../bsp/hal_my_uart//libhal_bsp.a(my_uart_read.o)
 .data          0x0000000000009020        0x0 ../../bsp/hal_my_uart//libhal_bsp.a(my_uart_write.o)
 .data          0x0000000000009020        0x0 ../../bsp/hal_my_uart//libhal_bsp.a(alt_alarm_start.o)
 .data          0x0000000000009020        0x0 ../../bsp/hal_my_uart//libhal_bsp.a(alt_close.o)
 .data          0x0000000000009020       0x58 ../../bsp/hal_my_uart//libhal_bsp.a(alt_dev.o)
                0x0000000000009020                alt_dev_null
                0x0000000000009048                alt_fd_list
 .data          0x0000000000009078        0x0 ../../bsp/hal_my_uart//libhal_bsp.a(alt_dev_llist_insert.o)
 .data          0x0000000000009078        0x0 ../../bsp/hal_my_uart//libhal_bsp.a(alt_errno.o)
 .data          0x0000000000009078        0x0 ../../bsp/hal_my_uart//libhal_bsp.a(alt_io_redirect.o)
 .data          0x0000000000009078        0x0 ../../bsp/hal_my_uart//libhal_bsp.a(alt_open.o)
 .data          0x0000000000009078        0x0 ../../bsp/hal_my_uart//libhal_bsp.a(alt_release_fd.o)
 .data          0x0000000000009078        0x0 ../../bsp/hal_my_uart//libhal_bsp.a(alt_find_dev.o)
 .data          0x0000000000009078        0x0 ../../bsp/hal_my_uart//libhal_bsp.a(alt_find_file.o)
 .data          0x0000000000009078        0x0 ../../bsp/hal_my_uart//libhal_bsp.a(alt_get_fd.o)
 .data          0x0000000000009078        0x0 /acds_releases/acds/15.0/141/linux64/nios2eds/bin/gnu/H-x86_64-pc-linux-gnu/bin/../lib/gcc/nios2-elf/4.9.1/../../../../../H-x86_64-pc-linux-gnu/nios2-elf/lib/libsmallc.a(lib_a-exit.o)
 .data          0x0000000000009078        0x0 /acds_releases/acds/15.0/141/linux64/nios2eds/bin/gnu/H-x86_64-pc-linux-gnu/bin/../lib/gcc/nios2-elf/4.9.1/../../../../../H-x86_64-pc-linux-gnu/nios2-elf/lib/libsmallc.a(lib_a-memcmp.o)
 .data          0x0000000000009078        0x0 /acds_releases/acds/15.0/141/linux64/nios2eds/bin/gnu/H-x86_64-pc-linux-gnu/bin/../lib/gcc/nios2-elf/4.9.1/../../../../../H-x86_64-pc-linux-gnu/nios2-elf/lib/libsmallc.a(lib_a-memcpy.o)
 .data          0x0000000000009078        0x0 /acds_releases/acds/15.0/141/linux64/nios2eds/bin/gnu/H-x86_64-pc-linux-gnu/bin/../lib/gcc/nios2-elf/4.9.1/../../../../../H-x86_64-pc-linux-gnu/nios2-elf/lib/libsmallc.a(lib_a-strncpy.o)
 .data          0x0000000000009078        0x0 /acds_releases/acds/15.0/141/linux64/nios2eds/bin/gnu/H-x86_64-pc-linux-gnu/bin/../lib/gcc/nios2-elf/4.9.1/../../../../../H-x86_64-pc-linux-gnu/nios2-elf/lib/libsmallc.a(lib_a-__call_atexit.o)
 .data          0x0000000000009078        0x0 /acds_releases/acds/15.0/141/linux64/nios2eds/bin/gnu/H-x86_64-pc-linux-gnu/bin/../lib/gcc/nios2-elf/4.9.1/libgcc.a(lib2-divmod.o)
 .data          0x0000000000009078        0x0 ../../bsp/hal_my_uart//libhal_bsp.a(alt_exit.o)
                0x0000000000011078                _gp = ABSOLUTE ((. + 0x8000))
                0x0000000000011078                PROVIDE (gp, _gp)
 *(.rwdata .rwdata.*)
 *(.sdata .sdata.* .gnu.linkonce.s.*)
 .sdata         0x0000000000009078        0x8 /acds_releases/acds/15.0/141/linux64/nios2eds/bin/gnu/H-x86_64-pc-linux-gnu/bin/../lib/gcc/nios2-elf/4.9.1/../../../../../H-x86_64-pc-linux-gnu/nios2-elf/lib/libsmallc.a(lib_a-impure.o)
                0x0000000000009078                _global_impure_ptr
                0x000000000000907c                _impure_ptr
 .sdata         0x0000000000009080        0x5 ../../bsp/hal_my_uart//libhal_bsp.a(alt_log_printf.o)
                0x0000000000009080                alt_log_write_on_flag
                0x0000000000009081                alt_log_sys_clk_on_flag
                0x0000000000009082                alt_log_jtag_uart_alarm_on_flag
                0x0000000000009083                alt_log_jtag_uart_isr_on_flag
                0x0000000000009084                alt_log_jtag_uart_startup_info_on_flag
 *fill*         0x0000000000009085        0x3 
 .sdata         0x0000000000009088        0x8 ../../bsp/hal_my_uart//libhal_bsp.a(alt_tick.o)
                0x0000000000009088                alt_alarm_list
 .sdata         0x0000000000009090       0x14 ../../bsp/hal_my_uart//libhal_bsp.a(alt_dev.o)
                0x0000000000009090                alt_fs_list
                0x0000000000009098                alt_dev_list
                0x00000000000090a0                alt_max_fd
 .sdata         0x00000000000090a4        0x4 ../../bsp/hal_my_uart//libhal_bsp.a(alt_errno.o)
                0x00000000000090a4                alt_errno
 *(.sdata2 .sdata2.* .gnu.linkonce.s2.*)
                0x00000000000090a8                . = ALIGN (0x4)
                0x00000000000090a8                _edata = ABSOLUTE (.)
                0x00000000000090a8                PROVIDE (edata, ABSOLUTE (.))
                0x00000000000090a8                PROVIDE (__ram_rwdata_end, ABSOLUTE (.))
                0x0000000000007ce0                PROVIDE (__flash_rwdata_start, LOADADDR (.rwdata))

.bss            0x00000000000090a8       0x50
                0x00000000000090a8                __bss_start = ABSOLUTE (.)
                0x00000000000090a8                PROVIDE (__sbss_start, ABSOLUTE (.))
                0x00000000000090a8                PROVIDE (___sbss_start, ABSOLUTE (.))
 *(.dynsbss)
 *(.sbss .sbss.* .gnu.linkonce.sb.*)
 .sbss          0x00000000000090a8        0x4 /acds_releases/acds/15.0/141/linux64/nios2eds/bin/gnu/H-x86_64-pc-linux-gnu/bin/../lib/gcc/nios2-elf/4.9.1/../../../../../H-x86_64-pc-linux-gnu/nios2-elf/lib/libsmallc.a(lib_a-int_errno.o)
                0x00000000000090a8                errno
 .sbss          0x00000000000090ac        0x8 ../../bsp/hal_my_uart//libhal_bsp.a(alt_log_printf.o)
                0x00000000000090ac                alt_system_clock_in_sec
                0x00000000000090b0                alt_log_sys_clk_count
 .sbss          0x00000000000090b4        0xc ../../bsp/hal_my_uart//libhal_bsp.a(alt_main.o)
                0x00000000000090b4                alt_argc
                0x00000000000090b8                alt_argv
                0x00000000000090bc                alt_envp
 .sbss          0x00000000000090c0        0x8 ../../bsp/hal_my_uart//libhal_bsp.a(alt_tick.o)
                0x00000000000090c0                _alt_tick_rate
                0x00000000000090c4                _alt_nticks
 .sbss          0x00000000000090c8        0x4 ../../bsp/hal_my_uart//libhal_bsp.a(altera_vic_irq_init.o)
                0x00000000000090c8                alt_vic_dev_list
 *(.sbss2 .sbss2.* .gnu.linkonce.sb2.*)
 *(.scommon)
                0x00000000000090cc                PROVIDE (__sbss_end, ABSOLUTE (.))
                0x00000000000090cc                PROVIDE (___sbss_end, ABSOLUTE (.))
 *(.dynbss)
 *(.bss .bss.* .gnu.linkonce.b.*)
 .bss           0x00000000000090cc        0x0 ../../bsp/hal_my_uart//obj/HAL/src/crt0.o
 .bss           0x00000000000090cc        0x0 obj/default/./hello_world.o
 .bss           0x00000000000090cc        0x0 /acds_releases/acds/15.0/141/linux64/nios2eds/bin/gnu/H-x86_64-pc-linux-gnu/bin/../lib/gcc/nios2-elf/4.9.1/../../../../../H-x86_64-pc-linux-gnu/nios2-elf/lib/libsmallc.a(lib_a-puts.o)
 .bss           0x00000000000090cc        0x0 /acds_releases/acds/15.0/141/linux64/nios2eds/bin/gnu/H-x86_64-pc-linux-gnu/bin/../lib/gcc/nios2-elf/4.9.1/../../../../../H-x86_64-pc-linux-gnu/nios2-elf/lib/libsmallc.a(lib_a-strlen.o)
 .bss           0x00000000000090cc        0x0 /acds_releases/acds/15.0/141/linux64/nios2eds/bin/gnu/H-x86_64-pc-linux-gnu/bin/../lib/gcc/nios2-elf/4.9.1/../../../../../H-x86_64-pc-linux-gnu/nios2-elf/lib/libsmallc.a(lib_a-fvwrite_small_dev.o)
 .bss           0x00000000000090cc        0x0 /acds_releases/acds/15.0/141/linux64/nios2eds/bin/gnu/H-x86_64-pc-linux-gnu/bin/../lib/gcc/nios2-elf/4.9.1/../../../../../H-x86_64-pc-linux-gnu/nios2-elf/lib/libsmallc.a(lib_a-impure.o)
 .bss           0x00000000000090cc        0x0 /acds_releases/acds/15.0/141/linux64/nios2eds/bin/gnu/H-x86_64-pc-linux-gnu/bin/../lib/gcc/nios2-elf/4.9.1/../../../../../H-x86_64-pc-linux-gnu/nios2-elf/lib/libsmallc.a(lib_a-writer.o)
 .bss           0x00000000000090cc        0x0 /acds_releases/acds/15.0/141/linux64/nios2eds/bin/gnu/H-x86_64-pc-linux-gnu/bin/../lib/gcc/nios2-elf/4.9.1/../../../../../H-x86_64-pc-linux-gnu/nios2-elf/lib/libsmallc.a(lib_a-int_errno.o)
 .bss           0x00000000000090cc        0x0 ../../bsp/hal_my_uart//libhal_bsp.a(alt_log_macro.o)
 .bss           0x00000000000090cc        0x0 ../../bsp/hal_my_uart//libhal_bsp.a(alt_log_printf.o)
 .bss           0x00000000000090cc        0x0 ../../bsp/hal_my_uart//libhal_bsp.a(alt_main.o)
 .bss           0x00000000000090cc        0x0 ../../bsp/hal_my_uart//libhal_bsp.a(alt_tick.o)
 .bss           0x00000000000090cc        0x0 ../../bsp/hal_my_uart//libhal_bsp.a(alt_write.o)
 .bss           0x00000000000090cc        0x0 ../../bsp/hal_my_uart//libhal_bsp.a(alt_sys_init.o)
 .bss           0x00000000000090cc        0x0 ../../bsp/hal_my_uart//libhal_bsp.a(altera_avalon_jtag_uart_fd.o)
 .bss           0x00000000000090cc        0x0 ../../bsp/hal_my_uart//libhal_bsp.a(altera_avalon_jtag_uart_init.o)
 .bss           0x00000000000090cc        0x0 ../../bsp/hal_my_uart//libhal_bsp.a(altera_avalon_jtag_uart_ioctl.o)
 .bss           0x00000000000090cc        0x0 ../../bsp/hal_my_uart//libhal_bsp.a(altera_avalon_jtag_uart_read.o)
 .bss           0x00000000000090cc        0x0 ../../bsp/hal_my_uart//libhal_bsp.a(altera_avalon_jtag_uart_write.o)
 .bss           0x00000000000090cc        0x0 ../../bsp/hal_my_uart//libhal_bsp.a(altera_avalon_timer_sc.o)
 .bss           0x00000000000090cc        0x0 ../../bsp/hal_my_uart//libhal_bsp.a(altera_vic_0_vector_tbl.o)
 .bss           0x00000000000090cc        0x0 ../../bsp/hal_my_uart//libhal_bsp.a(altera_vic_funnel_non_preemptive.o)
 .bss           0x00000000000090cc        0x0 ../../bsp/hal_my_uart//libhal_bsp.a(altera_vic_irq_init.o)
 .bss           0x00000000000090cc        0x0 ../../bsp/hal_my_uart//libhal_bsp.a(altera_vic_isr_register.o)
 .bss           0x00000000000090cc        0x0 ../../bsp/hal_my_uart//libhal_bsp.a(my_uart_fd.o)
 .bss           0x00000000000090cc        0x0 ../../bsp/hal_my_uart//libhal_bsp.a(my_uart_init.o)
 .bss           0x00000000000090cc        0x0 ../../bsp/hal_my_uart//libhal_bsp.a(my_uart_read.o)
 .bss           0x00000000000090cc        0x0 ../../bsp/hal_my_uart//libhal_bsp.a(my_uart_write.o)
 .bss           0x00000000000090cc        0x0 ../../bsp/hal_my_uart//libhal_bsp.a(alt_alarm_start.o)
 .bss           0x00000000000090cc        0x0 ../../bsp/hal_my_uart//libhal_bsp.a(alt_close.o)
 .bss           0x00000000000090cc        0x0 ../../bsp/hal_my_uart//libhal_bsp.a(alt_dev.o)
 .bss           0x00000000000090cc        0x0 ../../bsp/hal_my_uart//libhal_bsp.a(alt_dev_llist_insert.o)
 .bss           0x00000000000090cc        0x0 ../../bsp/hal_my_uart//libhal_bsp.a(alt_errno.o)
 .bss           0x00000000000090cc        0x0 ../../bsp/hal_my_uart//libhal_bsp.a(alt_io_redirect.o)
 .bss           0x00000000000090cc        0x0 ../../bsp/hal_my_uart//libhal_bsp.a(alt_open.o)
 .bss           0x00000000000090cc        0x0 ../../bsp/hal_my_uart//libhal_bsp.a(alt_release_fd.o)
 .bss           0x00000000000090cc        0x0 ../../bsp/hal_my_uart//libhal_bsp.a(alt_find_dev.o)
 .bss           0x00000000000090cc        0x0 ../../bsp/hal_my_uart//libhal_bsp.a(alt_find_file.o)
 .bss           0x00000000000090cc        0x0 ../../bsp/hal_my_uart//libhal_bsp.a(alt_get_fd.o)
 .bss           0x00000000000090cc        0x0 /acds_releases/acds/15.0/141/linux64/nios2eds/bin/gnu/H-x86_64-pc-linux-gnu/bin/../lib/gcc/nios2-elf/4.9.1/../../../../../H-x86_64-pc-linux-gnu/nios2-elf/lib/libsmallc.a(lib_a-exit.o)
 .bss           0x00000000000090cc        0x0 /acds_releases/acds/15.0/141/linux64/nios2eds/bin/gnu/H-x86_64-pc-linux-gnu/bin/../lib/gcc/nios2-elf/4.9.1/../../../../../H-x86_64-pc-linux-gnu/nios2-elf/lib/libsmallc.a(lib_a-memcmp.o)
 .bss           0x00000000000090cc        0x0 /acds_releases/acds/15.0/141/linux64/nios2eds/bin/gnu/H-x86_64-pc-linux-gnu/bin/../lib/gcc/nios2-elf/4.9.1/../../../../../H-x86_64-pc-linux-gnu/nios2-elf/lib/libsmallc.a(lib_a-memcpy.o)
 .bss           0x00000000000090cc        0x0 /acds_releases/acds/15.0/141/linux64/nios2eds/bin/gnu/H-x86_64-pc-linux-gnu/bin/../lib/gcc/nios2-elf/4.9.1/../../../../../H-x86_64-pc-linux-gnu/nios2-elf/lib/libsmallc.a(lib_a-strncpy.o)
 .bss           0x00000000000090cc        0x0 /acds_releases/acds/15.0/141/linux64/nios2eds/bin/gnu/H-x86_64-pc-linux-gnu/bin/../lib/gcc/nios2-elf/4.9.1/../../../../../H-x86_64-pc-linux-gnu/nios2-elf/lib/libsmallc.a(lib_a-__call_atexit.o)
 .bss           0x00000000000090cc        0x0 /acds_releases/acds/15.0/141/linux64/nios2eds/bin/gnu/H-x86_64-pc-linux-gnu/bin/../lib/gcc/nios2-elf/4.9.1/libgcc.a(lib2-divmod.o)
 .bss           0x00000000000090cc        0x0 ../../bsp/hal_my_uart//libhal_bsp.a(alt_exit.o)
 *(COMMON)
 COMMON         0x00000000000090cc       0x2c ../../bsp/hal_my_uart//libhal_bsp.a(alt_log_printf.o)
                0x00000000000090cc                alt_log_write_buf
                0x00000000000090e0                alt_log_jtag_uart_alarm_1
                0x00000000000090f8                . = ALIGN (0x4)
                0x00000000000090f8                __bss_end = ABSOLUTE (.)

.onchip_memory  0x00000000000090f8        0x0
                0x00000000000090f8                PROVIDE (_alt_partition_onchip_memory_start, ABSOLUTE (.))
 *(.onchip_memory .onchip_memory. onchip_memory.*)
                0x00000000000090f8                . = ALIGN (0x4)
                0x00000000000090f8                PROVIDE (_alt_partition_onchip_memory_end, ABSOLUTE (.))
                0x00000000000090f8                _end = ABSOLUTE (.)
                0x00000000000090f8                end = ABSOLUTE (.)
                0x00000000000090f8                __alt_stack_base = ABSOLUTE (.)
                0x00000000000090f8                PROVIDE (_alt_partition_onchip_memory_load_addr, LOADADDR (.onchip_memory))

.stab
 *(.stab)

.stabstr
 *(.stabstr)

.stab.excl
 *(.stab.excl)

.stab.exclstr
 *(.stab.exclstr)

.stab.index
 *(.stab.index)

.stab.indexstr
 *(.stab.indexstr)

.comment        0x0000000000000000       0x23
 *(.comment)
 .comment       0x0000000000000000       0x23 obj/default/./hello_world.o
                                         0x24 (size before relaxing)
 .comment       0x0000000000000000       0x24 /acds_releases/acds/15.0/141/linux64/nios2eds/bin/gnu/H-x86_64-pc-linux-gnu/bin/../lib/gcc/nios2-elf/4.9.1/../../../../../H-x86_64-pc-linux-gnu/nios2-elf/lib/libsmallc.a(lib_a-puts.o)
 .comment       0x0000000000000000       0x24 /acds_releases/acds/15.0/141/linux64/nios2eds/bin/gnu/H-x86_64-pc-linux-gnu/bin/../lib/gcc/nios2-elf/4.9.1/../../../../../H-x86_64-pc-linux-gnu/nios2-elf/lib/libsmallc.a(lib_a-strlen.o)
 .comment       0x0000000000000000       0x24 /acds_releases/acds/15.0/141/linux64/nios2eds/bin/gnu/H-x86_64-pc-linux-gnu/bin/../lib/gcc/nios2-elf/4.9.1/../../../../../H-x86_64-pc-linux-gnu/nios2-elf/lib/libsmallc.a(lib_a-fvwrite_small_dev.o)
 .comment       0x0000000000000000       0x24 /acds_releases/acds/15.0/141/linux64/nios2eds/bin/gnu/H-x86_64-pc-linux-gnu/bin/../lib/gcc/nios2-elf/4.9.1/../../../../../H-x86_64-pc-linux-gnu/nios2-elf/lib/libsmallc.a(lib_a-impure.o)
 .comment       0x0000000000000000       0x24 /acds_releases/acds/15.0/141/linux64/nios2eds/bin/gnu/H-x86_64-pc-linux-gnu/bin/../lib/gcc/nios2-elf/4.9.1/../../../../../H-x86_64-pc-linux-gnu/nios2-elf/lib/libsmallc.a(lib_a-writer.o)
 .comment       0x0000000000000000       0x24 /acds_releases/acds/15.0/141/linux64/nios2eds/bin/gnu/H-x86_64-pc-linux-gnu/bin/../lib/gcc/nios2-elf/4.9.1/../../../../../H-x86_64-pc-linux-gnu/nios2-elf/lib/libsmallc.a(lib_a-int_errno.o)
 .comment       0x0000000000000000       0x24 ../../bsp/hal_my_uart//libhal_bsp.a(alt_log_printf.o)
 .comment       0x0000000000000000       0x24 ../../bsp/hal_my_uart//libhal_bsp.a(alt_main.o)
 .comment       0x0000000000000000       0x24 ../../bsp/hal_my_uart//libhal_bsp.a(alt_tick.o)
 .comment       0x0000000000000000       0x24 ../../bsp/hal_my_uart//libhal_bsp.a(alt_write.o)
 .comment       0x0000000000000000       0x24 ../../bsp/hal_my_uart//libhal_bsp.a(alt_sys_init.o)
 .comment       0x0000000000000000       0x24 ../../bsp/hal_my_uart//libhal_bsp.a(altera_avalon_jtag_uart_fd.o)
 .comment       0x0000000000000000       0x24 ../../bsp/hal_my_uart//libhal_bsp.a(altera_avalon_jtag_uart_init.o)
 .comment       0x0000000000000000       0x24 ../../bsp/hal_my_uart//libhal_bsp.a(altera_avalon_jtag_uart_ioctl.o)
 .comment       0x0000000000000000       0x24 ../../bsp/hal_my_uart//libhal_bsp.a(altera_avalon_jtag_uart_read.o)
 .comment       0x0000000000000000       0x24 ../../bsp/hal_my_uart//libhal_bsp.a(altera_avalon_jtag_uart_write.o)
 .comment       0x0000000000000000       0x24 ../../bsp/hal_my_uart//libhal_bsp.a(altera_avalon_timer_sc.o)
 .comment       0x0000000000000000       0x24 ../../bsp/hal_my_uart//libhal_bsp.a(altera_vic_irq_init.o)
 .comment       0x0000000000000000       0x24 ../../bsp/hal_my_uart//libhal_bsp.a(altera_vic_isr_register.o)
 .comment       0x0000000000000000       0x24 ../../bsp/hal_my_uart//libhal_bsp.a(my_uart_fd.o)
 .comment       0x0000000000000000       0x24 ../../bsp/hal_my_uart//libhal_bsp.a(my_uart_init.o)
 .comment       0x0000000000000000       0x24 ../../bsp/hal_my_uart//libhal_bsp.a(my_uart_read.o)
 .comment       0x0000000000000000       0x24 ../../bsp/hal_my_uart//libhal_bsp.a(my_uart_write.o)
 .comment       0x0000000000000000       0x24 ../../bsp/hal_my_uart//libhal_bsp.a(alt_alarm_start.o)
 .comment       0x0000000000000000       0x24 ../../bsp/hal_my_uart//libhal_bsp.a(alt_close.o)
 .comment       0x0000000000000000       0x24 ../../bsp/hal_my_uart//libhal_bsp.a(alt_dev.o)
 .comment       0x0000000000000000       0x24 ../../bsp/hal_my_uart//libhal_bsp.a(alt_dev_llist_insert.o)
 .comment       0x0000000000000000       0x24 ../../bsp/hal_my_uart//libhal_bsp.a(alt_errno.o)
 .comment       0x0000000000000000       0x24 ../../bsp/hal_my_uart//libhal_bsp.a(alt_io_redirect.o)
 .comment       0x0000000000000000       0x24 ../../bsp/hal_my_uart//libhal_bsp.a(alt_open.o)
 .comment       0x0000000000000000       0x24 ../../bsp/hal_my_uart//libhal_bsp.a(alt_release_fd.o)
 .comment       0x0000000000000000       0x24 ../../bsp/hal_my_uart//libhal_bsp.a(alt_find_dev.o)
 .comment       0x0000000000000000       0x24 ../../bsp/hal_my_uart//libhal_bsp.a(alt_find_file.o)
 .comment       0x0000000000000000       0x24 ../../bsp/hal_my_uart//libhal_bsp.a(alt_get_fd.o)
 .comment       0x0000000000000000       0x24 /acds_releases/acds/15.0/141/linux64/nios2eds/bin/gnu/H-x86_64-pc-linux-gnu/bin/../lib/gcc/nios2-elf/4.9.1/../../../../../H-x86_64-pc-linux-gnu/nios2-elf/lib/libsmallc.a(lib_a-exit.o)
 .comment       0x0000000000000000       0x24 /acds_releases/acds/15.0/141/linux64/nios2eds/bin/gnu/H-x86_64-pc-linux-gnu/bin/../lib/gcc/nios2-elf/4.9.1/../../../../../H-x86_64-pc-linux-gnu/nios2-elf/lib/libsmallc.a(lib_a-memcmp.o)
 .comment       0x0000000000000000       0x24 /acds_releases/acds/15.0/141/linux64/nios2eds/bin/gnu/H-x86_64-pc-linux-gnu/bin/../lib/gcc/nios2-elf/4.9.1/../../../../../H-x86_64-pc-linux-gnu/nios2-elf/lib/libsmallc.a(lib_a-memcpy.o)
 .comment       0x0000000000000000       0x24 /acds_releases/acds/15.0/141/linux64/nios2eds/bin/gnu/H-x86_64-pc-linux-gnu/bin/../lib/gcc/nios2-elf/4.9.1/../../../../../H-x86_64-pc-linux-gnu/nios2-elf/lib/libsmallc.a(lib_a-strncpy.o)
 .comment       0x0000000000000000       0x24 /acds_releases/acds/15.0/141/linux64/nios2eds/bin/gnu/H-x86_64-pc-linux-gnu/bin/../lib/gcc/nios2-elf/4.9.1/../../../../../H-x86_64-pc-linux-gnu/nios2-elf/lib/libsmallc.a(lib_a-__call_atexit.o)
 .comment       0x0000000000000000       0x24 /acds_releases/acds/15.0/141/linux64/nios2eds/bin/gnu/H-x86_64-pc-linux-gnu/bin/../lib/gcc/nios2-elf/4.9.1/libgcc.a(lib2-divmod.o)
 .comment       0x0000000000000000       0x24 ../../bsp/hal_my_uart//libhal_bsp.a(alt_exit.o)

.debug
 *(.debug)

.line
 *(.line)

.debug_srcinfo
 *(.debug_srcinfo)

.debug_sfnames
 *(.debug_sfnames)

.debug_aranges  0x0000000000000000      0x5b0
 *(.debug_aranges)
 .debug_aranges
                0x0000000000000000       0x28 ../../bsp/hal_my_uart//obj/HAL/src/crt0.o
 .debug_aranges
                0x0000000000000028       0x20 obj/default/./hello_world.o
 .debug_aranges
                0x0000000000000048       0x20 /acds_releases/acds/15.0/141/linux64/nios2eds/bin/gnu/H-x86_64-pc-linux-gnu/bin/../lib/gcc/nios2-elf/4.9.1/../../../../../H-x86_64-pc-linux-gnu/nios2-elf/lib/libsmallc.a(lib_a-puts.o)
 .debug_aranges
                0x0000000000000068       0x20 /acds_releases/acds/15.0/141/linux64/nios2eds/bin/gnu/H-x86_64-pc-linux-gnu/bin/../lib/gcc/nios2-elf/4.9.1/../../../../../H-x86_64-pc-linux-gnu/nios2-elf/lib/libsmallc.a(lib_a-strlen.o)
 .debug_aranges
                0x0000000000000088       0x20 /acds_releases/acds/15.0/141/linux64/nios2eds/bin/gnu/H-x86_64-pc-linux-gnu/bin/../lib/gcc/nios2-elf/4.9.1/../../../../../H-x86_64-pc-linux-gnu/nios2-elf/lib/libsmallc.a(lib_a-fvwrite_small_dev.o)
 .debug_aranges
                0x00000000000000a8       0x18 /acds_releases/acds/15.0/141/linux64/nios2eds/bin/gnu/H-x86_64-pc-linux-gnu/bin/../lib/gcc/nios2-elf/4.9.1/../../../../../H-x86_64-pc-linux-gnu/nios2-elf/lib/libsmallc.a(lib_a-impure.o)
 .debug_aranges
                0x00000000000000c0       0x20 /acds_releases/acds/15.0/141/linux64/nios2eds/bin/gnu/H-x86_64-pc-linux-gnu/bin/../lib/gcc/nios2-elf/4.9.1/../../../../../H-x86_64-pc-linux-gnu/nios2-elf/lib/libsmallc.a(lib_a-writer.o)
 .debug_aranges
                0x00000000000000e0       0x18 /acds_releases/acds/15.0/141/linux64/nios2eds/bin/gnu/H-x86_64-pc-linux-gnu/bin/../lib/gcc/nios2-elf/4.9.1/../../../../../H-x86_64-pc-linux-gnu/nios2-elf/lib/libsmallc.a(lib_a-int_errno.o)
 .debug_aranges
                0x00000000000000f8       0x20 ../../bsp/hal_my_uart//libhal_bsp.a(alt_log_macro.o)
 .debug_aranges
                0x0000000000000118       0x20 ../../bsp/hal_my_uart//libhal_bsp.a(alt_log_printf.o)
 .debug_aranges
                0x0000000000000138       0x20 ../../bsp/hal_my_uart//libhal_bsp.a(alt_main.o)
 .debug_aranges
                0x0000000000000158       0x20 ../../bsp/hal_my_uart//libhal_bsp.a(alt_tick.o)
 .debug_aranges
                0x0000000000000178       0x20 ../../bsp/hal_my_uart//libhal_bsp.a(alt_write.o)
 .debug_aranges
                0x0000000000000198       0x20 ../../bsp/hal_my_uart//libhal_bsp.a(alt_sys_init.o)
 .debug_aranges
                0x00000000000001b8       0x20 ../../bsp/hal_my_uart//libhal_bsp.a(altera_avalon_jtag_uart_fd.o)
 .debug_aranges
                0x00000000000001d8       0x20 ../../bsp/hal_my_uart//libhal_bsp.a(altera_avalon_jtag_uart_init.o)
 .debug_aranges
                0x00000000000001f8       0x20 ../../bsp/hal_my_uart//libhal_bsp.a(altera_avalon_jtag_uart_ioctl.o)
 .debug_aranges
                0x0000000000000218       0x20 ../../bsp/hal_my_uart//libhal_bsp.a(altera_avalon_jtag_uart_read.o)
 .debug_aranges
                0x0000000000000238       0x20 ../../bsp/hal_my_uart//libhal_bsp.a(altera_avalon_jtag_uart_write.o)
 .debug_aranges
                0x0000000000000258       0x20 ../../bsp/hal_my_uart//libhal_bsp.a(altera_avalon_timer_sc.o)
 .debug_aranges
                0x0000000000000278       0x20 ../../bsp/hal_my_uart//libhal_bsp.a(altera_vic_0_vector_tbl.o)
 .debug_aranges
                0x0000000000000298       0x20 ../../bsp/hal_my_uart//libhal_bsp.a(altera_vic_funnel_non_preemptive.o)
 .debug_aranges
                0x00000000000002b8       0x20 ../../bsp/hal_my_uart//libhal_bsp.a(altera_vic_irq_init.o)
 .debug_aranges
                0x00000000000002d8       0x20 ../../bsp/hal_my_uart//libhal_bsp.a(altera_vic_isr_register.o)
 .debug_aranges
                0x00000000000002f8       0x20 ../../bsp/hal_my_uart//libhal_bsp.a(my_uart_fd.o)
 .debug_aranges
                0x0000000000000318       0x20 ../../bsp/hal_my_uart//libhal_bsp.a(my_uart_init.o)
 .debug_aranges
                0x0000000000000338       0x20 ../../bsp/hal_my_uart//libhal_bsp.a(my_uart_read.o)
 .debug_aranges
                0x0000000000000358       0x20 ../../bsp/hal_my_uart//libhal_bsp.a(my_uart_write.o)
 .debug_aranges
                0x0000000000000378       0x20 ../../bsp/hal_my_uart//libhal_bsp.a(alt_alarm_start.o)
 .debug_aranges
                0x0000000000000398       0x20 ../../bsp/hal_my_uart//libhal_bsp.a(alt_close.o)
 .debug_aranges
                0x00000000000003b8       0x20 ../../bsp/hal_my_uart//libhal_bsp.a(alt_dev.o)
 .debug_aranges
                0x00000000000003d8       0x20 ../../bsp/hal_my_uart//libhal_bsp.a(alt_dev_llist_insert.o)
 .debug_aranges
                0x00000000000003f8       0x18 ../../bsp/hal_my_uart//libhal_bsp.a(alt_errno.o)
 .debug_aranges
                0x0000000000000410       0x20 ../../bsp/hal_my_uart//libhal_bsp.a(alt_io_redirect.o)
 .debug_aranges
                0x0000000000000430       0x20 ../../bsp/hal_my_uart//libhal_bsp.a(alt_open.o)
 .debug_aranges
                0x0000000000000450       0x20 ../../bsp/hal_my_uart//libhal_bsp.a(alt_release_fd.o)
 .debug_aranges
                0x0000000000000470       0x20 ../../bsp/hal_my_uart//libhal_bsp.a(alt_find_dev.o)
 .debug_aranges
                0x0000000000000490       0x20 ../../bsp/hal_my_uart//libhal_bsp.a(alt_find_file.o)
 .debug_aranges
                0x00000000000004b0       0x20 ../../bsp/hal_my_uart//libhal_bsp.a(alt_get_fd.o)
 .debug_aranges
                0x00000000000004d0       0x20 /acds_releases/acds/15.0/141/linux64/nios2eds/bin/gnu/H-x86_64-pc-linux-gnu/bin/../lib/gcc/nios2-elf/4.9.1/../../../../../H-x86_64-pc-linux-gnu/nios2-elf/lib/libsmallc.a(lib_a-exit.o)
 .debug_aranges
                0x00000000000004f0       0x20 /acds_releases/acds/15.0/141/linux64/nios2eds/bin/gnu/H-x86_64-pc-linux-gnu/bin/../lib/gcc/nios2-elf/4.9.1/../../../../../H-x86_64-pc-linux-gnu/nios2-elf/lib/libsmallc.a(lib_a-memcmp.o)
 .debug_aranges
                0x0000000000000510       0x20 /acds_releases/acds/15.0/141/linux64/nios2eds/bin/gnu/H-x86_64-pc-linux-gnu/bin/../lib/gcc/nios2-elf/4.9.1/../../../../../H-x86_64-pc-linux-gnu/nios2-elf/lib/libsmallc.a(lib_a-memcpy.o)
 .debug_aranges
                0x0000000000000530       0x20 /acds_releases/acds/15.0/141/linux64/nios2eds/bin/gnu/H-x86_64-pc-linux-gnu/bin/../lib/gcc/nios2-elf/4.9.1/../../../../../H-x86_64-pc-linux-gnu/nios2-elf/lib/libsmallc.a(lib_a-strncpy.o)
 .debug_aranges
                0x0000000000000550       0x20 /acds_releases/acds/15.0/141/linux64/nios2eds/bin/gnu/H-x86_64-pc-linux-gnu/bin/../lib/gcc/nios2-elf/4.9.1/../../../../../H-x86_64-pc-linux-gnu/nios2-elf/lib/libsmallc.a(lib_a-__call_atexit.o)
 .debug_aranges
                0x0000000000000570       0x20 /acds_releases/acds/15.0/141/linux64/nios2eds/bin/gnu/H-x86_64-pc-linux-gnu/bin/../lib/gcc/nios2-elf/4.9.1/libgcc.a(lib2-divmod.o)
 .debug_aranges
                0x0000000000000590       0x20 ../../bsp/hal_my_uart//libhal_bsp.a(alt_exit.o)

.debug_pubnames
 *(.debug_pubnames)

.debug_info     0x0000000000000000     0x87e9
 *(.debug_info .gnu.linkonce.wi.*)
 .debug_info    0x0000000000000000       0x73 ../../bsp/hal_my_uart//obj/HAL/src/crt0.o
 .debug_info    0x0000000000000073       0x8f obj/default/./hello_world.o
 .debug_info    0x0000000000000102      0x685 /acds_releases/acds/15.0/141/linux64/nios2eds/bin/gnu/H-x86_64-pc-linux-gnu/bin/../lib/gcc/nios2-elf/4.9.1/../../../../../H-x86_64-pc-linux-gnu/nios2-elf/lib/libsmallc.a(lib_a-puts.o)
 .debug_info    0x0000000000000787       0xc2 /acds_releases/acds/15.0/141/linux64/nios2eds/bin/gnu/H-x86_64-pc-linux-gnu/bin/../lib/gcc/nios2-elf/4.9.1/../../../../../H-x86_64-pc-linux-gnu/nios2-elf/lib/libsmallc.a(lib_a-strlen.o)
 .debug_info    0x0000000000000849      0x656 /acds_releases/acds/15.0/141/linux64/nios2eds/bin/gnu/H-x86_64-pc-linux-gnu/bin/../lib/gcc/nios2-elf/4.9.1/../../../../../H-x86_64-pc-linux-gnu/nios2-elf/lib/libsmallc.a(lib_a-fvwrite_small_dev.o)
 .debug_info    0x0000000000000e9f      0x5a7 /acds_releases/acds/15.0/141/linux64/nios2eds/bin/gnu/H-x86_64-pc-linux-gnu/bin/../lib/gcc/nios2-elf/4.9.1/../../../../../H-x86_64-pc-linux-gnu/nios2-elf/lib/libsmallc.a(lib_a-impure.o)
 .debug_info    0x0000000000001446      0x639 /acds_releases/acds/15.0/141/linux64/nios2eds/bin/gnu/H-x86_64-pc-linux-gnu/bin/../lib/gcc/nios2-elf/4.9.1/../../../../../H-x86_64-pc-linux-gnu/nios2-elf/lib/libsmallc.a(lib_a-writer.o)
 .debug_info    0x0000000000001a7f       0x83 /acds_releases/acds/15.0/141/linux64/nios2eds/bin/gnu/H-x86_64-pc-linux-gnu/bin/../lib/gcc/nios2-elf/4.9.1/../../../../../H-x86_64-pc-linux-gnu/nios2-elf/lib/libsmallc.a(lib_a-int_errno.o)
 .debug_info    0x0000000000001b02       0x80 ../../bsp/hal_my_uart//libhal_bsp.a(alt_log_macro.o)
 .debug_info    0x0000000000001b82      0x7e8 ../../bsp/hal_my_uart//libhal_bsp.a(alt_log_printf.o)
 .debug_info    0x000000000000236a      0x15b ../../bsp/hal_my_uart//libhal_bsp.a(alt_main.o)
 .debug_info    0x00000000000024c5      0x2af ../../bsp/hal_my_uart//libhal_bsp.a(alt_tick.o)
 .debug_info    0x0000000000002774      0x4d6 ../../bsp/hal_my_uart//libhal_bsp.a(alt_write.o)
 .debug_info    0x0000000000002c4a      0x63c ../../bsp/hal_my_uart//libhal_bsp.a(alt_sys_init.o)
 .debug_info    0x0000000000003286      0x527 ../../bsp/hal_my_uart//libhal_bsp.a(altera_avalon_jtag_uart_fd.o)
 .debug_info    0x00000000000037ad      0x3d6 ../../bsp/hal_my_uart//libhal_bsp.a(altera_avalon_jtag_uart_init.o)
 .debug_info    0x0000000000003b83      0x279 ../../bsp/hal_my_uart//libhal_bsp.a(altera_avalon_jtag_uart_ioctl.o)
 .debug_info    0x0000000000003dfc      0x35f ../../bsp/hal_my_uart//libhal_bsp.a(altera_avalon_jtag_uart_read.o)
 .debug_info    0x000000000000415b      0x356 ../../bsp/hal_my_uart//libhal_bsp.a(altera_avalon_jtag_uart_write.o)
 .debug_info    0x00000000000044b1      0x23c ../../bsp/hal_my_uart//libhal_bsp.a(altera_avalon_timer_sc.o)
 .debug_info    0x00000000000046ed       0x8e ../../bsp/hal_my_uart//libhal_bsp.a(altera_vic_0_vector_tbl.o)
 .debug_info    0x000000000000477b       0x97 ../../bsp/hal_my_uart//libhal_bsp.a(altera_vic_funnel_non_preemptive.o)
 .debug_info    0x0000000000004812      0x193 ../../bsp/hal_my_uart//libhal_bsp.a(altera_vic_irq_init.o)
 .debug_info    0x00000000000049a5      0x27d ../../bsp/hal_my_uart//libhal_bsp.a(altera_vic_isr_register.o)
 .debug_info    0x0000000000004c22      0x401 ../../bsp/hal_my_uart//libhal_bsp.a(my_uart_fd.o)
 .debug_info    0x0000000000005023      0x2dc ../../bsp/hal_my_uart//libhal_bsp.a(my_uart_init.o)
 .debug_info    0x00000000000052ff      0x337 ../../bsp/hal_my_uart//libhal_bsp.a(my_uart_read.o)
 .debug_info    0x0000000000005636      0x33c ../../bsp/hal_my_uart//libhal_bsp.a(my_uart_write.o)
 .debug_info    0x0000000000005972      0x2e2 ../../bsp/hal_my_uart//libhal_bsp.a(alt_alarm_start.o)
 .debug_info    0x0000000000005c54      0x31a ../../bsp/hal_my_uart//libhal_bsp.a(alt_close.o)
 .debug_info    0x0000000000005f6e      0x495 ../../bsp/hal_my_uart//libhal_bsp.a(alt_dev.o)
 .debug_info    0x0000000000006403      0x1a2 ../../bsp/hal_my_uart//libhal_bsp.a(alt_dev_llist_insert.o)
 .debug_info    0x00000000000065a5       0x9f ../../bsp/hal_my_uart//libhal_bsp.a(alt_errno.o)
 .debug_info    0x0000000000006644      0x49e ../../bsp/hal_my_uart//libhal_bsp.a(alt_io_redirect.o)
 .debug_info    0x0000000000006ae2      0x3b4 ../../bsp/hal_my_uart//libhal_bsp.a(alt_open.o)
 .debug_info    0x0000000000006e96      0x2b0 ../../bsp/hal_my_uart//libhal_bsp.a(alt_release_fd.o)
 .debug_info    0x0000000000007146      0x2e2 ../../bsp/hal_my_uart//libhal_bsp.a(alt_find_dev.o)
 .debug_info    0x0000000000007428      0x2df ../../bsp/hal_my_uart//libhal_bsp.a(alt_find_file.o)
 .debug_info    0x0000000000007707      0x309 ../../bsp/hal_my_uart//libhal_bsp.a(alt_get_fd.o)
 .debug_info    0x0000000000007a10       0xed /acds_releases/acds/15.0/141/linux64/nios2eds/bin/gnu/H-x86_64-pc-linux-gnu/bin/../lib/gcc/nios2-elf/4.9.1/../../../../../H-x86_64-pc-linux-gnu/nios2-elf/lib/libsmallc.a(lib_a-exit.o)
 .debug_info    0x0000000000007afd       0xed /acds_releases/acds/15.0/141/linux64/nios2eds/bin/gnu/H-x86_64-pc-linux-gnu/bin/../lib/gcc/nios2-elf/4.9.1/../../../../../H-x86_64-pc-linux-gnu/nios2-elf/lib/libsmallc.a(lib_a-memcmp.o)
 .debug_info    0x0000000000007bea      0x106 /acds_releases/acds/15.0/141/linux64/nios2eds/bin/gnu/H-x86_64-pc-linux-gnu/bin/../lib/gcc/nios2-elf/4.9.1/../../../../../H-x86_64-pc-linux-gnu/nios2-elf/lib/libsmallc.a(lib_a-memcpy.o)
 .debug_info    0x0000000000007cf0       0xf7 /acds_releases/acds/15.0/141/linux64/nios2eds/bin/gnu/H-x86_64-pc-linux-gnu/bin/../lib/gcc/nios2-elf/4.9.1/../../../../../H-x86_64-pc-linux-gnu/nios2-elf/lib/libsmallc.a(lib_a-strncpy.o)
 .debug_info    0x0000000000007de7      0x673 /acds_releases/acds/15.0/141/linux64/nios2eds/bin/gnu/H-x86_64-pc-linux-gnu/bin/../lib/gcc/nios2-elf/4.9.1/../../../../../H-x86_64-pc-linux-gnu/nios2-elf/lib/libsmallc.a(lib_a-__call_atexit.o)
 .debug_info    0x000000000000845a      0x234 /acds_releases/acds/15.0/141/linux64/nios2eds/bin/gnu/H-x86_64-pc-linux-gnu/bin/../lib/gcc/nios2-elf/4.9.1/libgcc.a(lib2-divmod.o)
 .debug_info    0x000000000000868e      0x15b ../../bsp/hal_my_uart//libhal_bsp.a(alt_exit.o)

.debug_abbrev   0x0000000000000000     0x2ff9
 *(.debug_abbrev)
 .debug_abbrev  0x0000000000000000       0x12 ../../bsp/hal_my_uart//obj/HAL/src/crt0.o
 .debug_abbrev  0x0000000000000012       0x42 obj/default/./hello_world.o
 .debug_abbrev  0x0000000000000054      0x1ed /acds_releases/acds/15.0/141/linux64/nios2eds/bin/gnu/H-x86_64-pc-linux-gnu/bin/../lib/gcc/nios2-elf/4.9.1/../../../../../H-x86_64-pc-linux-gnu/nios2-elf/lib/libsmallc.a(lib_a-puts.o)
 .debug_abbrev  0x0000000000000241       0x7f /acds_releases/acds/15.0/141/linux64/nios2eds/bin/gnu/H-x86_64-pc-linux-gnu/bin/../lib/gcc/nios2-elf/4.9.1/../../../../../H-x86_64-pc-linux-gnu/nios2-elf/lib/libsmallc.a(lib_a-strlen.o)
 .debug_abbrev  0x00000000000002c0      0x1c3 /acds_releases/acds/15.0/141/linux64/nios2eds/bin/gnu/H-x86_64-pc-linux-gnu/bin/../lib/gcc/nios2-elf/4.9.1/../../../../../H-x86_64-pc-linux-gnu/nios2-elf/lib/libsmallc.a(lib_a-fvwrite_small_dev.o)
 .debug_abbrev  0x0000000000000483      0x14a /acds_releases/acds/15.0/141/linux64/nios2eds/bin/gnu/H-x86_64-pc-linux-gnu/bin/../lib/gcc/nios2-elf/4.9.1/../../../../../H-x86_64-pc-linux-gnu/nios2-elf/lib/libsmallc.a(lib_a-impure.o)
 .debug_abbrev  0x00000000000005cd      0x1a8 /acds_releases/acds/15.0/141/linux64/nios2eds/bin/gnu/H-x86_64-pc-linux-gnu/bin/../lib/gcc/nios2-elf/4.9.1/../../../../../H-x86_64-pc-linux-gnu/nios2-elf/lib/libsmallc.a(lib_a-writer.o)
 .debug_abbrev  0x0000000000000775       0x37 /acds_releases/acds/15.0/141/linux64/nios2eds/bin/gnu/H-x86_64-pc-linux-gnu/bin/../lib/gcc/nios2-elf/4.9.1/../../../../../H-x86_64-pc-linux-gnu/nios2-elf/lib/libsmallc.a(lib_a-int_errno.o)
 .debug_abbrev  0x00000000000007ac       0x14 ../../bsp/hal_my_uart//libhal_bsp.a(alt_log_macro.o)
 .debug_abbrev  0x00000000000007c0      0x244 ../../bsp/hal_my_uart//libhal_bsp.a(alt_log_printf.o)
 .debug_abbrev  0x0000000000000a04       0xc1 ../../bsp/hal_my_uart//libhal_bsp.a(alt_main.o)
 .debug_abbrev  0x0000000000000ac5      0x15a ../../bsp/hal_my_uart//libhal_bsp.a(alt_tick.o)
 .debug_abbrev  0x0000000000000c1f      0x13a ../../bsp/hal_my_uart//libhal_bsp.a(alt_write.o)
 .debug_abbrev  0x0000000000000d59      0x190 ../../bsp/hal_my_uart//libhal_bsp.a(alt_sys_init.o)
 .debug_abbrev  0x0000000000000ee9      0x127 ../../bsp/hal_my_uart//libhal_bsp.a(altera_avalon_jtag_uart_fd.o)
 .debug_abbrev  0x0000000000001010      0x197 ../../bsp/hal_my_uart//libhal_bsp.a(altera_avalon_jtag_uart_init.o)
 .debug_abbrev  0x00000000000011a7      0x111 ../../bsp/hal_my_uart//libhal_bsp.a(altera_avalon_jtag_uart_ioctl.o)
 .debug_abbrev  0x00000000000012b8      0x1ac ../../bsp/hal_my_uart//libhal_bsp.a(altera_avalon_jtag_uart_read.o)
 .debug_abbrev  0x0000000000001464      0x1a8 ../../bsp/hal_my_uart//libhal_bsp.a(altera_avalon_jtag_uart_write.o)
 .debug_abbrev  0x000000000000160c      0x155 ../../bsp/hal_my_uart//libhal_bsp.a(altera_avalon_timer_sc.o)
 .debug_abbrev  0x0000000000001761       0x14 ../../bsp/hal_my_uart//libhal_bsp.a(altera_vic_0_vector_tbl.o)
 .debug_abbrev  0x0000000000001775       0x14 ../../bsp/hal_my_uart//libhal_bsp.a(altera_vic_funnel_non_preemptive.o)
 .debug_abbrev  0x0000000000001789       0xd4 ../../bsp/hal_my_uart//libhal_bsp.a(altera_vic_irq_init.o)
 .debug_abbrev  0x000000000000185d      0x158 ../../bsp/hal_my_uart//libhal_bsp.a(altera_vic_isr_register.o)
 .debug_abbrev  0x00000000000019b5      0x109 ../../bsp/hal_my_uart//libhal_bsp.a(my_uart_fd.o)
 .debug_abbrev  0x0000000000001abe      0x13e ../../bsp/hal_my_uart//libhal_bsp.a(my_uart_init.o)
 .debug_abbrev  0x0000000000001bfc      0x183 ../../bsp/hal_my_uart//libhal_bsp.a(my_uart_read.o)
 .debug_abbrev  0x0000000000001d7f      0x18a ../../bsp/hal_my_uart//libhal_bsp.a(my_uart_write.o)
 .debug_abbrev  0x0000000000001f09      0x162 ../../bsp/hal_my_uart//libhal_bsp.a(alt_alarm_start.o)
 .debug_abbrev  0x000000000000206b      0x11f ../../bsp/hal_my_uart//libhal_bsp.a(alt_close.o)
 .debug_abbrev  0x000000000000218a       0xd9 ../../bsp/hal_my_uart//libhal_bsp.a(alt_dev.o)
 .debug_abbrev  0x0000000000002263      0x114 ../../bsp/hal_my_uart//libhal_bsp.a(alt_dev_llist_insert.o)
 .debug_abbrev  0x0000000000002377       0x5a ../../bsp/hal_my_uart//libhal_bsp.a(alt_errno.o)
 .debug_abbrev  0x00000000000023d1      0x114 ../../bsp/hal_my_uart//libhal_bsp.a(alt_io_redirect.o)
 .debug_abbrev  0x00000000000024e5      0x148 ../../bsp/hal_my_uart//libhal_bsp.a(alt_open.o)
 .debug_abbrev  0x000000000000262d       0xde ../../bsp/hal_my_uart//libhal_bsp.a(alt_release_fd.o)
 .debug_abbrev  0x000000000000270b       0xf0 ../../bsp/hal_my_uart//libhal_bsp.a(alt_find_dev.o)
 .debug_abbrev  0x00000000000027fb       0xf0 ../../bsp/hal_my_uart//libhal_bsp.a(alt_find_file.o)
 .debug_abbrev  0x00000000000028eb      0x10d ../../bsp/hal_my_uart//libhal_bsp.a(alt_get_fd.o)
 .debug_abbrev  0x00000000000029f8       0xa9 /acds_releases/acds/15.0/141/linux64/nios2eds/bin/gnu/H-x86_64-pc-linux-gnu/bin/../lib/gcc/nios2-elf/4.9.1/../../../../../H-x86_64-pc-linux-gnu/nios2-elf/lib/libsmallc.a(lib_a-exit.o)
 .debug_abbrev  0x0000000000002aa1       0x7f /acds_releases/acds/15.0/141/linux64/nios2eds/bin/gnu/H-x86_64-pc-linux-gnu/bin/../lib/gcc/nios2-elf/4.9.1/../../../../../H-x86_64-pc-linux-gnu/nios2-elf/lib/libsmallc.a(lib_a-memcmp.o)
 .debug_abbrev  0x0000000000002b20       0xa4 /acds_releases/acds/15.0/141/linux64/nios2eds/bin/gnu/H-x86_64-pc-linux-gnu/bin/../lib/gcc/nios2-elf/4.9.1/../../../../../H-x86_64-pc-linux-gnu/nios2-elf/lib/libsmallc.a(lib_a-memcpy.o)
 .debug_abbrev  0x0000000000002bc4       0x7f /acds_releases/acds/15.0/141/linux64/nios2eds/bin/gnu/H-x86_64-pc-linux-gnu/bin/../lib/gcc/nios2-elf/4.9.1/../../../../../H-x86_64-pc-linux-gnu/nios2-elf/lib/libsmallc.a(lib_a-strncpy.o)
 .debug_abbrev  0x0000000000002c43      0x1e9 /acds_releases/acds/15.0/141/linux64/nios2eds/bin/gnu/H-x86_64-pc-linux-gnu/bin/../lib/gcc/nios2-elf/4.9.1/../../../../../H-x86_64-pc-linux-gnu/nios2-elf/lib/libsmallc.a(lib_a-__call_atexit.o)
 .debug_abbrev  0x0000000000002e2c       0xd9 /acds_releases/acds/15.0/141/linux64/nios2eds/bin/gnu/H-x86_64-pc-linux-gnu/bin/../lib/gcc/nios2-elf/4.9.1/libgcc.a(lib2-divmod.o)
 .debug_abbrev  0x0000000000002f05       0xf4 ../../bsp/hal_my_uart//libhal_bsp.a(alt_exit.o)

.debug_line     0x0000000000000000     0x3595
 *(.debug_line)
 .debug_line    0x0000000000000000       0x8c ../../bsp/hal_my_uart//obj/HAL/src/crt0.o
 .debug_line    0x000000000000008c       0x40 obj/default/./hello_world.o
 .debug_line    0x00000000000000cc      0x1fc /acds_releases/acds/15.0/141/linux64/nios2eds/bin/gnu/H-x86_64-pc-linux-gnu/bin/../lib/gcc/nios2-elf/4.9.1/../../../../../H-x86_64-pc-linux-gnu/nios2-elf/lib/libsmallc.a(lib_a-puts.o)
 .debug_line    0x00000000000002c8      0x15b /acds_releases/acds/15.0/141/linux64/nios2eds/bin/gnu/H-x86_64-pc-linux-gnu/bin/../lib/gcc/nios2-elf/4.9.1/../../../../../H-x86_64-pc-linux-gnu/nios2-elf/lib/libsmallc.a(lib_a-strlen.o)
 .debug_line    0x0000000000000423      0x1f2 /acds_releases/acds/15.0/141/linux64/nios2eds/bin/gnu/H-x86_64-pc-linux-gnu/bin/../lib/gcc/nios2-elf/4.9.1/../../../../../H-x86_64-pc-linux-gnu/nios2-elf/lib/libsmallc.a(lib_a-fvwrite_small_dev.o)
 .debug_line    0x0000000000000615      0x155 /acds_releases/acds/15.0/141/linux64/nios2eds/bin/gnu/H-x86_64-pc-linux-gnu/bin/../lib/gcc/nios2-elf/4.9.1/../../../../../H-x86_64-pc-linux-gnu/nios2-elf/lib/libsmallc.a(lib_a-impure.o)
 .debug_line    0x000000000000076a      0x1ed /acds_releases/acds/15.0/141/linux64/nios2eds/bin/gnu/H-x86_64-pc-linux-gnu/bin/../lib/gcc/nios2-elf/4.9.1/../../../../../H-x86_64-pc-linux-gnu/nios2-elf/lib/libsmallc.a(lib_a-writer.o)
 .debug_line    0x0000000000000957       0x5d /acds_releases/acds/15.0/141/linux64/nios2eds/bin/gnu/H-x86_64-pc-linux-gnu/bin/../lib/gcc/nios2-elf/4.9.1/../../../../../H-x86_64-pc-linux-gnu/nios2-elf/lib/libsmallc.a(lib_a-int_errno.o)
 .debug_line    0x00000000000009b4       0x53 ../../bsp/hal_my_uart//libhal_bsp.a(alt_log_macro.o)
 .debug_line    0x0000000000000a07      0x2b5 ../../bsp/hal_my_uart//libhal_bsp.a(alt_log_printf.o)
 .debug_line    0x0000000000000cbc      0x117 ../../bsp/hal_my_uart//libhal_bsp.a(alt_main.o)
 .debug_line    0x0000000000000dd3      0x102 ../../bsp/hal_my_uart//libhal_bsp.a(alt_tick.o)
 .debug_line    0x0000000000000ed5      0x212 ../../bsp/hal_my_uart//libhal_bsp.a(alt_write.o)
 .debug_line    0x00000000000010e7      0x190 ../../bsp/hal_my_uart//libhal_bsp.a(alt_sys_init.o)
 .debug_line    0x0000000000001277      0x12f ../../bsp/hal_my_uart//libhal_bsp.a(altera_avalon_jtag_uart_fd.o)
 .debug_line    0x00000000000013a6      0x1bb ../../bsp/hal_my_uart//libhal_bsp.a(altera_avalon_jtag_uart_init.o)
 .debug_line    0x0000000000001561      0x12e ../../bsp/hal_my_uart//libhal_bsp.a(altera_avalon_jtag_uart_ioctl.o)
 .debug_line    0x000000000000168f      0x16e ../../bsp/hal_my_uart//libhal_bsp.a(altera_avalon_jtag_uart_read.o)
 .debug_line    0x00000000000017fd      0x16e ../../bsp/hal_my_uart//libhal_bsp.a(altera_avalon_jtag_uart_write.o)
 .debug_line    0x000000000000196b      0x102 ../../bsp/hal_my_uart//libhal_bsp.a(altera_avalon_timer_sc.o)
 .debug_line    0x0000000000001a6d       0x5c ../../bsp/hal_my_uart//libhal_bsp.a(altera_vic_0_vector_tbl.o)
 .debug_line    0x0000000000001ac9       0x67 ../../bsp/hal_my_uart//libhal_bsp.a(altera_vic_funnel_non_preemptive.o)
 .debug_line    0x0000000000001b30       0xbf ../../bsp/hal_my_uart//libhal_bsp.a(altera_vic_irq_init.o)
 .debug_line    0x0000000000001bef       0xd7 ../../bsp/hal_my_uart//libhal_bsp.a(altera_vic_isr_register.o)
 .debug_line    0x0000000000001cc6       0xcf ../../bsp/hal_my_uart//libhal_bsp.a(my_uart_fd.o)
 .debug_line    0x0000000000001d95      0x173 ../../bsp/hal_my_uart//libhal_bsp.a(my_uart_init.o)
 .debug_line    0x0000000000001f08      0x17e ../../bsp/hal_my_uart//libhal_bsp.a(my_uart_read.o)
 .debug_line    0x0000000000002086      0x163 ../../bsp/hal_my_uart//libhal_bsp.a(my_uart_write.o)
 .debug_line    0x00000000000021e9       0xfe ../../bsp/hal_my_uart//libhal_bsp.a(alt_alarm_start.o)
 .debug_line    0x00000000000022e7      0x179 ../../bsp/hal_my_uart//libhal_bsp.a(alt_close.o)
 .debug_line    0x0000000000002460      0x10b ../../bsp/hal_my_uart//libhal_bsp.a(alt_dev.o)
 .debug_line    0x000000000000256b       0xd0 ../../bsp/hal_my_uart//libhal_bsp.a(alt_dev_llist_insert.o)
 .debug_line    0x000000000000263b       0x51 ../../bsp/hal_my_uart//libhal_bsp.a(alt_errno.o)
 .debug_line    0x000000000000268c      0x146 ../../bsp/hal_my_uart//libhal_bsp.a(alt_io_redirect.o)
 .debug_line    0x00000000000027d2      0x12a ../../bsp/hal_my_uart//libhal_bsp.a(alt_open.o)
 .debug_line    0x00000000000028fc       0xae ../../bsp/hal_my_uart//libhal_bsp.a(alt_release_fd.o)
 .debug_line    0x00000000000029aa       0xb5 ../../bsp/hal_my_uart//libhal_bsp.a(alt_find_dev.o)
 .debug_line    0x0000000000002a5f       0xd1 ../../bsp/hal_my_uart//libhal_bsp.a(alt_find_file.o)
 .debug_line    0x0000000000002b30       0xd5 ../../bsp/hal_my_uart//libhal_bsp.a(alt_get_fd.o)
 .debug_line    0x0000000000002c05      0x157 /acds_releases/acds/15.0/141/linux64/nios2eds/bin/gnu/H-x86_64-pc-linux-gnu/bin/../lib/gcc/nios2-elf/4.9.1/../../../../../H-x86_64-pc-linux-gnu/nios2-elf/lib/libsmallc.a(lib_a-exit.o)
 .debug_line    0x0000000000002d5c      0x15f /acds_releases/acds/15.0/141/linux64/nios2eds/bin/gnu/H-x86_64-pc-linux-gnu/bin/../lib/gcc/nios2-elf/4.9.1/../../../../../H-x86_64-pc-linux-gnu/nios2-elf/lib/libsmallc.a(lib_a-memcmp.o)
 .debug_line    0x0000000000002ebb      0x15d /acds_releases/acds/15.0/141/linux64/nios2eds/bin/gnu/H-x86_64-pc-linux-gnu/bin/../lib/gcc/nios2-elf/4.9.1/../../../../../H-x86_64-pc-linux-gnu/nios2-elf/lib/libsmallc.a(lib_a-memcpy.o)
 .debug_line    0x0000000000003018      0x163 /acds_releases/acds/15.0/141/linux64/nios2eds/bin/gnu/H-x86_64-pc-linux-gnu/bin/../lib/gcc/nios2-elf/4.9.1/../../../../../H-x86_64-pc-linux-gnu/nios2-elf/lib/libsmallc.a(lib_a-strncpy.o)
 .debug_line    0x000000000000317b      0x24f /acds_releases/acds/15.0/141/linux64/nios2eds/bin/gnu/H-x86_64-pc-linux-gnu/bin/../lib/gcc/nios2-elf/4.9.1/../../../../../H-x86_64-pc-linux-gnu/nios2-elf/lib/libsmallc.a(lib_a-__call_atexit.o)
 .debug_line    0x00000000000033ca       0xc4 /acds_releases/acds/15.0/141/linux64/nios2eds/bin/gnu/H-x86_64-pc-linux-gnu/bin/../lib/gcc/nios2-elf/4.9.1/libgcc.a(lib2-divmod.o)
 .debug_line    0x000000000000348e      0x107 ../../bsp/hal_my_uart//libhal_bsp.a(alt_exit.o)

.debug_frame    0x0000000000000000      0xd30
 *(.debug_frame)
 .debug_frame   0x0000000000000000       0x38 obj/default/./hello_world.o
 .debug_frame   0x0000000000000038       0x48 /acds_releases/acds/15.0/141/linux64/nios2eds/bin/gnu/H-x86_64-pc-linux-gnu/bin/../lib/gcc/nios2-elf/4.9.1/../../../../../H-x86_64-pc-linux-gnu/nios2-elf/lib/libsmallc.a(lib_a-puts.o)
 .debug_frame   0x0000000000000080       0x20 /acds_releases/acds/15.0/141/linux64/nios2eds/bin/gnu/H-x86_64-pc-linux-gnu/bin/../lib/gcc/nios2-elf/4.9.1/../../../../../H-x86_64-pc-linux-gnu/nios2-elf/lib/libsmallc.a(lib_a-strlen.o)
 .debug_frame   0x00000000000000a0       0x40 /acds_releases/acds/15.0/141/linux64/nios2eds/bin/gnu/H-x86_64-pc-linux-gnu/bin/../lib/gcc/nios2-elf/4.9.1/../../../../../H-x86_64-pc-linux-gnu/nios2-elf/lib/libsmallc.a(lib_a-fvwrite_small_dev.o)
 .debug_frame   0x00000000000000e0       0x38 /acds_releases/acds/15.0/141/linux64/nios2eds/bin/gnu/H-x86_64-pc-linux-gnu/bin/../lib/gcc/nios2-elf/4.9.1/../../../../../H-x86_64-pc-linux-gnu/nios2-elf/lib/libsmallc.a(lib_a-writer.o)
 .debug_frame   0x0000000000000118      0x1a4 ../../bsp/hal_my_uart//libhal_bsp.a(alt_log_printf.o)
 .debug_frame   0x00000000000002bc       0x2c ../../bsp/hal_my_uart//libhal_bsp.a(alt_main.o)
 .debug_frame   0x00000000000002e8       0x5c ../../bsp/hal_my_uart//libhal_bsp.a(alt_tick.o)
 .debug_frame   0x0000000000000344       0x60 ../../bsp/hal_my_uart//libhal_bsp.a(alt_write.o)
 .debug_frame   0x00000000000003a4       0x88 ../../bsp/hal_my_uart//libhal_bsp.a(alt_sys_init.o)
 .debug_frame   0x000000000000042c       0xb0 ../../bsp/hal_my_uart//libhal_bsp.a(altera_avalon_jtag_uart_fd.o)
 .debug_frame   0x00000000000004dc       0xa8 ../../bsp/hal_my_uart//libhal_bsp.a(altera_avalon_jtag_uart_init.o)
 .debug_frame   0x0000000000000584       0x34 ../../bsp/hal_my_uart//libhal_bsp.a(altera_avalon_jtag_uart_ioctl.o)
 .debug_frame   0x00000000000005b8       0x38 ../../bsp/hal_my_uart//libhal_bsp.a(altera_avalon_jtag_uart_read.o)
 .debug_frame   0x00000000000005f0       0x38 ../../bsp/hal_my_uart//libhal_bsp.a(altera_avalon_jtag_uart_write.o)
 .debug_frame   0x0000000000000628       0x60 ../../bsp/hal_my_uart//libhal_bsp.a(altera_avalon_timer_sc.o)
 .debug_frame   0x0000000000000688       0x34 ../../bsp/hal_my_uart//libhal_bsp.a(altera_vic_irq_init.o)
 .debug_frame   0x00000000000006bc       0x34 ../../bsp/hal_my_uart//libhal_bsp.a(altera_vic_isr_register.o)
 .debug_frame   0x00000000000006f0       0x60 ../../bsp/hal_my_uart//libhal_bsp.a(my_uart_fd.o)
 .debug_frame   0x0000000000000750       0xa8 ../../bsp/hal_my_uart//libhal_bsp.a(my_uart_init.o)
 .debug_frame   0x00000000000007f8       0x60 ../../bsp/hal_my_uart//libhal_bsp.a(my_uart_read.o)
 .debug_frame   0x0000000000000858       0x60 ../../bsp/hal_my_uart//libhal_bsp.a(my_uart_write.o)
 .debug_frame   0x00000000000008b8       0x34 ../../bsp/hal_my_uart//libhal_bsp.a(alt_alarm_start.o)
 .debug_frame   0x00000000000008ec       0x60 ../../bsp/hal_my_uart//libhal_bsp.a(alt_close.o)
 .debug_frame   0x000000000000094c       0x34 ../../bsp/hal_my_uart//libhal_bsp.a(alt_dev.o)
 .debug_frame   0x0000000000000980       0x60 ../../bsp/hal_my_uart//libhal_bsp.a(alt_dev_llist_insert.o)
 .debug_frame   0x00000000000009e0       0x60 ../../bsp/hal_my_uart//libhal_bsp.a(alt_io_redirect.o)
 .debug_frame   0x0000000000000a40       0x84 ../../bsp/hal_my_uart//libhal_bsp.a(alt_open.o)
 .debug_frame   0x0000000000000ac4       0x34 ../../bsp/hal_my_uart//libhal_bsp.a(alt_release_fd.o)
 .debug_frame   0x0000000000000af8       0x38 ../../bsp/hal_my_uart//libhal_bsp.a(alt_find_dev.o)
 .debug_frame   0x0000000000000b30       0x38 ../../bsp/hal_my_uart//libhal_bsp.a(alt_find_file.o)
 .debug_frame   0x0000000000000b68       0x34 ../../bsp/hal_my_uart//libhal_bsp.a(alt_get_fd.o)
 .debug_frame   0x0000000000000b9c       0x28 /acds_releases/acds/15.0/141/linux64/nios2eds/bin/gnu/H-x86_64-pc-linux-gnu/bin/../lib/gcc/nios2-elf/4.9.1/../../../../../H-x86_64-pc-linux-gnu/nios2-elf/lib/libsmallc.a(lib_a-exit.o)
 .debug_frame   0x0000000000000bc4       0x20 /acds_releases/acds/15.0/141/linux64/nios2eds/bin/gnu/H-x86_64-pc-linux-gnu/bin/../lib/gcc/nios2-elf/4.9.1/../../../../../H-x86_64-pc-linux-gnu/nios2-elf/lib/libsmallc.a(lib_a-memcmp.o)
 .debug_frame   0x0000000000000be4       0x20 /acds_releases/acds/15.0/141/linux64/nios2eds/bin/gnu/H-x86_64-pc-linux-gnu/bin/../lib/gcc/nios2-elf/4.9.1/../../../../../H-x86_64-pc-linux-gnu/nios2-elf/lib/libsmallc.a(lib_a-memcpy.o)
 .debug_frame   0x0000000000000c04       0x20 /acds_releases/acds/15.0/141/linux64/nios2eds/bin/gnu/H-x86_64-pc-linux-gnu/bin/../lib/gcc/nios2-elf/4.9.1/../../../../../H-x86_64-pc-linux-gnu/nios2-elf/lib/libsmallc.a(lib_a-strncpy.o)
 .debug_frame   0x0000000000000c24       0x54 /acds_releases/acds/15.0/141/linux64/nios2eds/bin/gnu/H-x86_64-pc-linux-gnu/bin/../lib/gcc/nios2-elf/4.9.1/../../../../../H-x86_64-pc-linux-gnu/nios2-elf/lib/libsmallc.a(lib_a-__call_atexit.o)
 .debug_frame   0x0000000000000c78       0x8c /acds_releases/acds/15.0/141/linux64/nios2eds/bin/gnu/H-x86_64-pc-linux-gnu/bin/../lib/gcc/nios2-elf/4.9.1/libgcc.a(lib2-divmod.o)
 .debug_frame   0x0000000000000d04       0x2c ../../bsp/hal_my_uart//libhal_bsp.a(alt_exit.o)

.debug_str      0x0000000000000000     0x19a8
 *(.debug_str)
 .debug_str     0x0000000000000000       0xe3 obj/default/./hello_world.o
                                        0x121 (size before relaxing)
 .debug_str     0x00000000000000e3      0x3b2 /acds_releases/acds/15.0/141/linux64/nios2eds/bin/gnu/H-x86_64-pc-linux-gnu/bin/../lib/gcc/nios2-elf/4.9.1/../../../../../H-x86_64-pc-linux-gnu/nios2-elf/lib/libsmallc.a(lib_a-puts.o)
                                        0x478 (size before relaxing)
 .debug_str     0x0000000000000495       0xc6 /acds_releases/acds/15.0/141/linux64/nios2eds/bin/gnu/H-x86_64-pc-linux-gnu/bin/../lib/gcc/nios2-elf/4.9.1/../../../../../H-x86_64-pc-linux-gnu/nios2-elf/lib/libsmallc.a(lib_a-strlen.o)
                                        0x190 (size before relaxing)
 .debug_str     0x000000000000055b       0x6a /acds_releases/acds/15.0/141/linux64/nios2eds/bin/gnu/H-x86_64-pc-linux-gnu/bin/../lib/gcc/nios2-elf/4.9.1/../../../../../H-x86_64-pc-linux-gnu/nios2-elf/lib/libsmallc.a(lib_a-fvwrite_small_dev.o)
                                        0x48f (size before relaxing)
 .debug_str     0x00000000000005c5       0xe3 /acds_releases/acds/15.0/141/linux64/nios2eds/bin/gnu/H-x86_64-pc-linux-gnu/bin/../lib/gcc/nios2-elf/4.9.1/../../../../../H-x86_64-pc-linux-gnu/nios2-elf/lib/libsmallc.a(lib_a-impure.o)
                                        0x469 (size before relaxing)
 .debug_str     0x00000000000006a8       0x3a /acds_releases/acds/15.0/141/linux64/nios2eds/bin/gnu/H-x86_64-pc-linux-gnu/bin/../lib/gcc/nios2-elf/4.9.1/../../../../../H-x86_64-pc-linux-gnu/nios2-elf/lib/libsmallc.a(lib_a-writer.o)
                                        0x463 (size before relaxing)
 .debug_str     0x00000000000006e2       0x3d /acds_releases/acds/15.0/141/linux64/nios2eds/bin/gnu/H-x86_64-pc-linux-gnu/bin/../lib/gcc/nios2-elf/4.9.1/../../../../../H-x86_64-pc-linux-gnu/nios2-elf/lib/libsmallc.a(lib_a-int_errno.o)
                                        0x183 (size before relaxing)
 .debug_str     0x000000000000071f      0x493 ../../bsp/hal_my_uart//libhal_bsp.a(alt_log_printf.o)
                                        0x5ba (size before relaxing)
 .debug_str     0x0000000000000bb2       0x3b ../../bsp/hal_my_uart//libhal_bsp.a(alt_main.o)
                                        0x1ba (size before relaxing)
 .debug_str     0x0000000000000bed       0x9d ../../bsp/hal_my_uart//libhal_bsp.a(alt_tick.o)
                                        0x23e (size before relaxing)
 .debug_str     0x0000000000000c8a      0x153 ../../bsp/hal_my_uart//libhal_bsp.a(alt_write.o)
                                        0x300 (size before relaxing)
 .debug_str     0x0000000000000ddd      0x1b2 ../../bsp/hal_my_uart//libhal_bsp.a(alt_sys_init.o)
                                        0x44e (size before relaxing)
 .debug_str     0x0000000000000f8f       0xb3 ../../bsp/hal_my_uart//libhal_bsp.a(altera_avalon_jtag_uart_fd.o)
                                        0x389 (size before relaxing)
 .debug_str     0x0000000000001042       0xb4 ../../bsp/hal_my_uart//libhal_bsp.a(altera_avalon_jtag_uart_init.o)
                                        0x37e (size before relaxing)
 .debug_str     0x00000000000010f6       0x4a ../../bsp/hal_my_uart//libhal_bsp.a(altera_avalon_jtag_uart_ioctl.o)
                                        0x278 (size before relaxing)
 .debug_str     0x0000000000001140       0x48 ../../bsp/hal_my_uart//libhal_bsp.a(altera_avalon_jtag_uart_read.o)
                                        0x2d4 (size before relaxing)
 .debug_str     0x0000000000001188       0x4a ../../bsp/hal_my_uart//libhal_bsp.a(altera_avalon_jtag_uart_write.o)
                                        0x2d5 (size before relaxing)
 .debug_str     0x00000000000011d2       0x6d ../../bsp/hal_my_uart//libhal_bsp.a(altera_avalon_timer_sc.o)
                                        0x237 (size before relaxing)
 .debug_str     0x000000000000123f       0x58 ../../bsp/hal_my_uart//libhal_bsp.a(altera_vic_irq_init.o)
                                        0x1de (size before relaxing)
 .debug_str     0x0000000000001297       0x60 ../../bsp/hal_my_uart//libhal_bsp.a(altera_vic_isr_register.o)
                                        0x248 (size before relaxing)
 .debug_str     0x00000000000012f7       0x3a ../../bsp/hal_my_uart//libhal_bsp.a(my_uart_fd.o)
                                        0x271 (size before relaxing)
 .debug_str     0x0000000000001331       0x50 ../../bsp/hal_my_uart//libhal_bsp.a(my_uart_init.o)
                                        0x224 (size before relaxing)
 .debug_str     0x0000000000001381       0x28 ../../bsp/hal_my_uart//libhal_bsp.a(my_uart_read.o)
                                        0x247 (size before relaxing)
 .debug_str     0x00000000000013a9       0x33 ../../bsp/hal_my_uart//libhal_bsp.a(my_uart_write.o)
                                        0x24c (size before relaxing)
 .debug_str     0x00000000000013dc       0x4a ../../bsp/hal_my_uart//libhal_bsp.a(alt_alarm_start.o)
                                        0x26a (size before relaxing)
 .debug_str     0x0000000000001426       0x1b ../../bsp/hal_my_uart//libhal_bsp.a(alt_close.o)
                                        0x1f0 (size before relaxing)
 .debug_str     0x0000000000001441       0x50 ../../bsp/hal_my_uart//libhal_bsp.a(alt_dev.o)
                                        0x2ea (size before relaxing)
 .debug_str     0x0000000000001491       0x34 ../../bsp/hal_my_uart//libhal_bsp.a(alt_dev_llist_insert.o)
                                        0x1b1 (size before relaxing)
 .debug_str     0x00000000000014c5       0x14 ../../bsp/hal_my_uart//libhal_bsp.a(alt_errno.o)
                                        0x12a (size before relaxing)
 .debug_str     0x00000000000014d9       0x56 ../../bsp/hal_my_uart//libhal_bsp.a(alt_io_redirect.o)
                                        0x2fb (size before relaxing)
 .debug_str     0x000000000000152f       0x2f ../../bsp/hal_my_uart//libhal_bsp.a(alt_open.o)
                                        0x230 (size before relaxing)
 .debug_str     0x000000000000155e       0x28 ../../bsp/hal_my_uart//libhal_bsp.a(alt_release_fd.o)
                                        0x1c4 (size before relaxing)
 .debug_str     0x0000000000001586       0x24 ../../bsp/hal_my_uart//libhal_bsp.a(alt_find_dev.o)
                                        0x1d1 (size before relaxing)
 .debug_str     0x00000000000015aa       0x26 ../../bsp/hal_my_uart//libhal_bsp.a(alt_find_file.o)
                                        0x1df (size before relaxing)
 .debug_str     0x00000000000015d0       0x30 ../../bsp/hal_my_uart//libhal_bsp.a(alt_get_fd.o)
                                        0x201 (size before relaxing)
 .debug_str     0x0000000000001600       0xd5 /acds_releases/acds/15.0/141/linux64/nios2eds/bin/gnu/H-x86_64-pc-linux-gnu/bin/../lib/gcc/nios2-elf/4.9.1/../../../../../H-x86_64-pc-linux-gnu/nios2-elf/lib/libsmallc.a(lib_a-exit.o)
                                        0x19b (size before relaxing)
 .debug_str     0x00000000000016d5       0x42 /acds_releases/acds/15.0/141/linux64/nios2eds/bin/gnu/H-x86_64-pc-linux-gnu/bin/../lib/gcc/nios2-elf/4.9.1/../../../../../H-x86_64-pc-linux-gnu/nios2-elf/lib/libsmallc.a(lib_a-memcmp.o)
                                        0x18a (size before relaxing)
 .debug_str     0x0000000000001717       0x56 /acds_releases/acds/15.0/141/linux64/nios2eds/bin/gnu/H-x86_64-pc-linux-gnu/bin/../lib/gcc/nios2-elf/4.9.1/../../../../../H-x86_64-pc-linux-gnu/nios2-elf/lib/libsmallc.a(lib_a-memcpy.o)
                                        0x19e (size before relaxing)
 .debug_str     0x000000000000176d       0x50 /acds_releases/acds/15.0/141/linux64/nios2eds/bin/gnu/H-x86_64-pc-linux-gnu/bin/../lib/gcc/nios2-elf/4.9.1/../../../../../H-x86_64-pc-linux-gnu/nios2-elf/lib/libsmallc.a(lib_a-strncpy.o)
                                        0x1a8 (size before relaxing)
 .debug_str     0x00000000000017bd       0x55 /acds_releases/acds/15.0/141/linux64/nios2eds/bin/gnu/H-x86_64-pc-linux-gnu/bin/../lib/gcc/nios2-elf/4.9.1/../../../../../H-x86_64-pc-linux-gnu/nios2-elf/lib/libsmallc.a(lib_a-__call_atexit.o)
                                        0x488 (size before relaxing)
 .debug_str     0x0000000000001812      0x16c /acds_releases/acds/15.0/141/linux64/nios2eds/bin/gnu/H-x86_64-pc-linux-gnu/bin/../lib/gcc/nios2-elf/4.9.1/libgcc.a(lib2-divmod.o)
                                        0x1b7 (size before relaxing)
 .debug_str     0x000000000000197e       0x2a ../../bsp/hal_my_uart//libhal_bsp.a(alt_exit.o)
                                        0x19f (size before relaxing)

.debug_loc      0x0000000000000000      0x879
 *(.debug_loc)
 .debug_loc     0x0000000000000000       0x97 /acds_releases/acds/15.0/141/linux64/nios2eds/bin/gnu/H-x86_64-pc-linux-gnu/bin/../lib/gcc/nios2-elf/4.9.1/../../../../../H-x86_64-pc-linux-gnu/nios2-elf/lib/libsmallc.a(lib_a-puts.o)
 .debug_loc     0x0000000000000097       0x1e /acds_releases/acds/15.0/141/linux64/nios2eds/bin/gnu/H-x86_64-pc-linux-gnu/bin/../lib/gcc/nios2-elf/4.9.1/../../../../../H-x86_64-pc-linux-gnu/nios2-elf/lib/libsmallc.a(lib_a-strlen.o)
 .debug_loc     0x00000000000000b5       0xbd /acds_releases/acds/15.0/141/linux64/nios2eds/bin/gnu/H-x86_64-pc-linux-gnu/bin/../lib/gcc/nios2-elf/4.9.1/../../../../../H-x86_64-pc-linux-gnu/nios2-elf/lib/libsmallc.a(lib_a-fvwrite_small_dev.o)
 .debug_loc     0x0000000000000172       0xa5 /acds_releases/acds/15.0/141/linux64/nios2eds/bin/gnu/H-x86_64-pc-linux-gnu/bin/../lib/gcc/nios2-elf/4.9.1/../../../../../H-x86_64-pc-linux-gnu/nios2-elf/lib/libsmallc.a(lib_a-writer.o)
 .debug_loc     0x0000000000000217       0x1e /acds_releases/acds/15.0/141/linux64/nios2eds/bin/gnu/H-x86_64-pc-linux-gnu/bin/../lib/gcc/nios2-elf/4.9.1/../../../../../H-x86_64-pc-linux-gnu/nios2-elf/lib/libsmallc.a(lib_a-exit.o)
 .debug_loc     0x0000000000000235       0x94 /acds_releases/acds/15.0/141/linux64/nios2eds/bin/gnu/H-x86_64-pc-linux-gnu/bin/../lib/gcc/nios2-elf/4.9.1/../../../../../H-x86_64-pc-linux-gnu/nios2-elf/lib/libsmallc.a(lib_a-memcmp.o)
 .debug_loc     0x00000000000002c9      0x11b /acds_releases/acds/15.0/141/linux64/nios2eds/bin/gnu/H-x86_64-pc-linux-gnu/bin/../lib/gcc/nios2-elf/4.9.1/../../../../../H-x86_64-pc-linux-gnu/nios2-elf/lib/libsmallc.a(lib_a-memcpy.o)
 .debug_loc     0x00000000000003e4      0x11d /acds_releases/acds/15.0/141/linux64/nios2eds/bin/gnu/H-x86_64-pc-linux-gnu/bin/../lib/gcc/nios2-elf/4.9.1/../../../../../H-x86_64-pc-linux-gnu/nios2-elf/lib/libsmallc.a(lib_a-strncpy.o)
 .debug_loc     0x0000000000000501      0x105 /acds_releases/acds/15.0/141/linux64/nios2eds/bin/gnu/H-x86_64-pc-linux-gnu/bin/../lib/gcc/nios2-elf/4.9.1/../../../../../H-x86_64-pc-linux-gnu/nios2-elf/lib/libsmallc.a(lib_a-__call_atexit.o)
 .debug_loc     0x0000000000000606      0x273 /acds_releases/acds/15.0/141/linux64/nios2eds/bin/gnu/H-x86_64-pc-linux-gnu/bin/../lib/gcc/nios2-elf/4.9.1/libgcc.a(lib2-divmod.o)

.debug_macinfo
 *(.debug_macinfo)

.debug_weaknames
 *(.debug_weaknames)

.debug_funcnames
 *(.debug_funcnames)

.debug_typenames
 *(.debug_typenames)

.debug_varnames
 *(.debug_varnames)

.debug_alt_sim_info
                0x0000000000000000       0x30
 *(.debug_alt_sim_info)
 .debug_alt_sim_info
                0x0000000000000000       0x30 ../../bsp/hal_my_uart//obj/HAL/src/crt0.o
                0x0000000000008000                __alt_data_end = 0x8000
                0x0000000000008000                PROVIDE (__alt_stack_pointer, __alt_data_end)
                0x00000000000090f8                PROVIDE (__alt_stack_limit, __alt_stack_base)
                0x00000000000090f8                PROVIDE (__alt_heap_start, end)
                0x0000000000008000                PROVIDE (__alt_heap_limit, 0x8000)
OUTPUT(hello_world_my_uart.elf elf32-littlenios2)

.debug_ranges   0x0000000000000000       0x38
 .debug_ranges  0x0000000000000000       0x20 ../../bsp/hal_my_uart//obj/HAL/src/crt0.o
 .debug_ranges  0x0000000000000020       0x18 /acds_releases/acds/15.0/141/linux64/nios2eds/bin/gnu/H-x86_64-pc-linux-gnu/bin/../lib/gcc/nios2-elf/4.9.1/../../../../../H-x86_64-pc-linux-gnu/nios2-elf/lib/libsmallc.a(lib_a-fvwrite_small_dev.o)
