Component: ARM Compiler 5.06 update 1 (build 61) Tool: armlink [4d35a8]

==============================================================================

Section Cross References

    hal_gpio_driver.o(i.hal_gpio_init) refers to hal_gpio_driver.o(i.hal_gpio_configure_pin_mode) for hal_gpio_configure_pin_mode
    hal_gpio_driver.o(i.hal_gpio_init) refers to hal_gpio_driver.o(i.hal_gpio_configure_pin_speed) for hal_gpio_configure_pin_speed
    hal_gpio_driver.o(i.hal_gpio_init) refers to hal_gpio_driver.o(i.hal_gpio_configure_pin_otype) for hal_gpio_configure_pin_otype
    hal_gpio_driver.o(i.hal_gpio_init) refers to hal_gpio_driver.o(i.hal_gpio_configure_pin_pupd) for hal_gpio_configure_pin_pupd
    hal_spi_driver.o(i.hal_spi_close_rx_interrupt) refers to hal_spi_driver.o(i.hal_spi_is_bus_busy) for hal_spi_is_bus_busy
    hal_spi_driver.o(i.hal_spi_close_rx_interrupt) refers to hal_spi_driver.o(i.hal_spi_disable_rxne_interrupt) for hal_spi_disable_rxne_interrupt
    hal_spi_driver.o(i.hal_spi_handle_rx_interrupt) refers to hal_spi_driver.o(i.hal_spi_close_rx_interrupt) for hal_spi_close_rx_interrupt
    hal_spi_driver.o(i.hal_spi_handle_tx_interrupt) refers to hal_spi_driver.o(i.hal_spi_tx_close_interrupt) for hal_spi_tx_close_interrupt
    hal_spi_driver.o(i.hal_spi_init) refers to hal_spi_driver.o(i.hal_spi_configure_phase_and_polarity) for hal_spi_configure_phase_and_polarity
    hal_spi_driver.o(i.hal_spi_init) refers to hal_spi_driver.o(i.hal_spi_configure_device_mode) for hal_spi_configure_device_mode
    hal_spi_driver.o(i.hal_spi_init) refers to hal_spi_driver.o(i.hal_spi_configure_datasize) for hal_spi_configure_datasize
    hal_spi_driver.o(i.hal_spi_init) refers to hal_spi_driver.o(i.hal_spi_configure_nss_master) for hal_spi_configure_nss_master
    hal_spi_driver.o(i.hal_spi_init) refers to hal_spi_driver.o(i.hal_spi_configure_nss_slave) for hal_spi_configure_nss_slave
    hal_spi_driver.o(i.hal_spi_init) refers to hal_spi_driver.o(i.hal_spi_configure_baudrate) for hal_spi_configure_baudrate
    hal_spi_driver.o(i.hal_spi_init) refers to hal_spi_driver.o(i.hal_spi_configure_direction) for hal_spi_configure_direction
    hal_spi_driver.o(i.hal_spi_irq_handler) refers to hal_spi_driver.o(i.hal_spi_handle_rx_interrupt) for hal_spi_handle_rx_interrupt
    hal_spi_driver.o(i.hal_spi_irq_handler) refers to hal_spi_driver.o(i.hal_spi_handle_tx_interrupt) for hal_spi_handle_tx_interrupt
    hal_spi_driver.o(i.hal_spi_master_rx) refers to hal_spi_driver.o(i.hal_spi_enable_rxne_interrupt) for hal_spi_enable_rxne_interrupt
    hal_spi_driver.o(i.hal_spi_master_rx) refers to hal_spi_driver.o(i.hal_spi_enable_txe_interrupt) for hal_spi_enable_txe_interrupt
    hal_spi_driver.o(i.hal_spi_master_rx) refers to hal_spi_driver.o(i.hal_spi_enable) for hal_spi_enable
    hal_spi_driver.o(i.hal_spi_master_rx) refers to hal_spi_driver.o(.data) for dummu_tx
    hal_spi_driver.o(i.hal_spi_master_tx) refers to hal_spi_driver.o(i.hal_spi_enable_txe_interrupt) for hal_spi_enable_txe_interrupt
    hal_spi_driver.o(i.hal_spi_master_tx) refers to hal_spi_driver.o(i.hal_spi_enable) for hal_spi_enable
    hal_spi_driver.o(i.hal_spi_slave_rx) refers to hal_spi_driver.o(i.hal_spi_enable_rxne_interrupt) for hal_spi_enable_rxne_interrupt
    hal_spi_driver.o(i.hal_spi_slave_rx) refers to hal_spi_driver.o(i.hal_spi_enable) for hal_spi_enable
    hal_spi_driver.o(i.hal_spi_slave_tx) refers to hal_spi_driver.o(i.hal_spi_enable_rxne_interrupt) for hal_spi_enable_rxne_interrupt
    hal_spi_driver.o(i.hal_spi_slave_tx) refers to hal_spi_driver.o(i.hal_spi_enable_txe_interrupt) for hal_spi_enable_txe_interrupt
    hal_spi_driver.o(i.hal_spi_slave_tx) refers to hal_spi_driver.o(i.hal_spi_enable) for hal_spi_enable
    hal_spi_driver.o(i.hal_spi_slave_tx) refers to hal_spi_driver.o(.bss) for dummy_rx
    hal_spi_driver.o(i.hal_spi_tx_close_interrupt) refers to hal_spi_driver.o(i.hal_spi_disable_txe_interrupt) for hal_spi_disable_txe_interrupt
    spi_master.o(i.EXTI0_IRQHandler) refers to hal_gpio_driver.o(i.hal_gpio_clear_interrupt) for hal_gpio_clear_interrupt
    spi_master.o(i.EXTI0_IRQHandler) refers to spi_master.o(.data) for TestReady
    spi_master.o(i.SPI2_IRQHandler) refers to hal_spi_driver.o(i.hal_spi_irq_handler) for hal_spi_irq_handler
    spi_master.o(i.SPI2_IRQHandler) refers to spi_master.o(.bss) for SpiHandle
    spi_master.o(i.assert_error) refers to led.o(i.led_toggle) for led_toggle
    spi_master.o(i.assert_error) refers to spi_master.o(i.delay_gen) for delay_gen
    spi_master.o(i.main) refers to spi_master.o(i.spi_gpio_init) for spi_gpio_init
    spi_master.o(i.main) refers to led.o(i.led_init) for led_init
    spi_master.o(i.main) refers to hal_gpio_driver.o(i.hal_gpio_configure_interrupt) for hal_gpio_configure_interrupt
    spi_master.o(i.main) refers to hal_gpio_driver.o(i.hal_gpio_enable_interrupt) for hal_gpio_enable_interrupt
    spi_master.o(i.main) refers to hal_spi_driver.o(i.hal_spi_init) for hal_spi_init
[...]
    ../clib/printf.c                         0x00000000   Number         0  _printf_str.o ABSOLUTE
    ../clib/printf_percent.s                 0x00000000   Number         0  _printf_llu.o ABSOLUTE
    ../clib/printf_percent.s                 0x00000000   Number         0  _printf_lli.o ABSOLUTE
    ../clib/printf_percent.s                 0x00000000   Number         0  _printf_l.o ABSOLUTE
    ../clib/printf_percent.s                 0x00000000   Number         0  _printf_lld.o ABSOLUTE
    ../clib/printf_percent.s                 0x00000000   Number         0  _printf_c.o ABSOLUTE
    ../clib/printf_percent.s                 0x00000000   Number         0  _printf_percent_end.o ABSOLUTE
    ../clib/printf_percent.s                 0x00000000   Number         0  _printf_s.o ABSOLUTE
    ../clib/printf_percent.s                 0x00000000   Number         0  _printf_ll.o ABSOLUTE
    ../clib/printf_percent.s                 0x00000000   Number         0  _printf_n.o ABSOLUTE
    ../clib/printf_percent.s                 0x00000000   Number         0  _printf_u.o ABSOLUTE
    ../clib/printf_percent.s                 0x00000000   Number         0  _printf_x.o ABSOLUTE
    ../clib/printf_percent.s                 0x00000000   Number         0  _printf_p.o ABSOLUTE
    ../clib/printf_percent.s                 0x00000000   Number         0  _printf_o.o ABSOLUTE
    ../clib/printf_percent.s                 0x00000000   Number         0  _printf_i.o ABSOLUTE
    ../clib/printf_percent.s                 0x00000000   Number         0  _printf_d.o ABSOLUTE
    ../clib/printf_percent.s                 0x00000000   Number         0  _printf_f.o ABSOLUTE
    ../clib/printf_percent.s                 0x00000000   Number         0  _printf_e.o ABSOLUTE
    ../clib/printf_percent.s                 0x00000000   Number         0  _printf_llx.o ABSOLUTE
    ../clib/printf_percent.s                 0x00000000   Number         0  _printf_g.o ABSOLUTE
    ../clib/printf_percent.s                 0x00000000   Number         0  _printf_llo.o ABSOLUTE
    ../clib/printf_percent.s                 0x00000000   Number         0  _printf_a.o ABSOLUTE
    ../clib/printf_percent.s                 0x00000000   Number         0  _printf_ls.o ABSOLUTE
    ../clib/printf_percent.s                 0x00000000   Number         0  _printf_percent.o ABSOLUTE
    ../clib/printf_percent.s                 0x00000000   Number         0  _printf_lc.o ABSOLUTE
    ../clib/signal.c                         0x00000000   Number         0  defsig_pvfn_inner.o ABSOLUTE
    ../clib/signal.c                         0x00000000   Number         0  defsig_rtmem_inner.o ABSOLUTE
    ../clib/signal.c                         0x00000000   Number         0  defsig_fpe_inner.o ABSOLUTE
    ../clib/signal.c                         0x00000000   Number         0  defsig_cppl_inner.o ABSOLUTE
    ../clib/signal.c                         0x00000000   Number         0  defsig_rtred_inner.o ABSOLUTE
    ../clib/signal.c                         0x00000000   Number         0  defsig_segv_inner.o ABSOLUTE
    ../clib/signal.c                         0x00000000   Number         0  defsig_abrt_inner.o ABSOLUTE
    ../clib/signal.c                         0x00000000   Number         0  defsig_exit.o ABSOLUTE
    ../clib/signal.c                         0x00000000   Number         0  defsig_stak_inner.o ABSOLUTE
    ../clib/signal.c                         0x00000000   Number         0  defsig_general.o ABSOLUTE
    ../clib/signal.c                         0x00000000   Number         0  defsig_rtmem_outer.o ABSOLUTE
    ../clib/signal.c                         0x00000000   Number         0  defsig_rtmem_formal.o ABSOLUTE
    ../clib/signal.c                         0x00000000   Number         0  __raise.o ABSOLUTE
    ../clib/signal.c                         0x00000000   Number         0  defsig_other.o ABSOLUTE
    ../clib/signal.s                         0x00000000   Number         0  defsig.o ABSOLUTE
    ../clib/stdlib.c                         0x00000000   Number         0  exit.o ABSOLUTE
    ../fplib/fpinit.s                        0x00000000   Number         0  fpinit.o ABSOLUTE
    ../fplib/istatus.s                       0x00000000   Number         0  istatus.o ABSOLUTE
    ../fplib/printf1.s                       0x00000000   Number         0  printf1.o ABSOLUTE
    ../fplib/usenofp.s                       0x00000000   Number         0  usenofp.o ABSOLUTE
    ../mathlib/fpclassify.c                  0x00000000   Number         0  fpclassify.o ABSOLUTE
    ..\\led\\led.c                           0x00000000   Number         0  led.o ABSOLUTE
    ..\led\led.c                             0x00000000   Number         0  led.o ABSOLUTE
    RTE\Device\STM32F407VGTx\startup_stm32f407xx.s 0x00000000   Number         0  startup_stm32f407xx.o ABSOLUTE
    RTE\Device\STM32F407VGTx\system_stm32f4xx.c 0x00000000   Number         0  system_stm32f4xx.o ABSOLUTE
    RTE\\Device\\STM32F407VGTx\\system_stm32f4xx.c 0x00000000   Number         0  system_stm32f4xx.o ABSOLUTE
    dc.s                                     0x00000000   Number         0  dc.o ABSOLUTE
    drivers\\hal_gpio_driver.c               0x00000000   Number         0  hal_gpio_driver.o ABSOLUTE
    drivers\\hal_spi_driver.c                0x00000000   Number         0  hal_spi_driver.o ABSOLUTE
    drivers\\hal_uart_driver.c               0x00000000   Number         0  hal_uart_driver.o ABSOLUTE
    drivers\hal_gpio_driver.c                0x00000000   Number         0  hal_gpio_driver.o ABSOLUTE
    drivers\hal_spi_driver.c                 0x00000000   Number         0  hal_spi_driver.o ABSOLUTE
    drivers\hal_uart_driver.c                0x00000000   Number         0  hal_uart_driver.o ABSOLUTE
    userApp\\spi_master.c                    0x00000000   Number         0  spi_master.o ABSOLUTE
    userApp\\uart_debug.c                    0x00000000   Number         0  uart_debug.o ABSOLUTE
    userApp\spi_master.c                     0x00000000   Number         0  spi_master.o ABSOLUTE
    userApp\uart_debug.c                     0x00000000   Number         0  uart_debug.o ABSOLUTE
    RESET                                    0x08000000   Section      392  startup_stm32f407xx.o(RESET)
    !!!main                                  0x08000188   Section        8  __main.o(!!!main)
    !!!scatter                               0x08000190   Section       52  __scatter.o(!!!scatter)
    !!handler_copy                           0x080001c4   Section       26  __scatter_copy.o(!!handler_copy)
    !!handler_zi                             0x080001e0   Section       28  __scatter_zi.o(!!handler_zi)
    .ARM.Collect$$_printf_percent$$00000000  0x080001fc   Section        0  _printf_percent.o(.ARM.Collect$$_printf_percent$$00000000)
    .ARM.Collect$$_printf_percent$$00000001  0x080001fc   Section        6  _printf_n.o(.ARM.Collect$$_printf_percent$$00000001)
    .ARM.Collect$$_printf_percent$$00000002  0x08000202   Section        6  _printf_p.o(.ARM.Collect$$_printf_percent$$00000002)
    .ARM.Collect$$_printf_percent$$00000003  0x08000208   Section        6  _printf_f.o(.ARM.Collect$$_printf_percent$$00000003)
    .ARM.Collect$$_printf_percent$$00000004  0x0800020e   Section        6  _printf_e.o(.ARM.Collect$$_printf_percent$$00000004)
    .ARM.Collect$$_printf_percent$$00000005  0x08000214   Section        6  _printf_g.o(.ARM.Collect$$_printf_percent$$00000005)
    .ARM.Collect$$_printf_percent$$00000006  0x0800021a   Section        6  _printf_a.o(.ARM.Collect$$_printf_percent$$00000006)
    .ARM.Collect$$_printf_percent$$00000007  0x08000220   Section       10  _printf_ll.o(.ARM.Collect$$_printf_percent$$00000007)
    .ARM.Collect$$_printf_percent$$00000008  0x0800022a   Section        6  _printf_i.o(.ARM.Collect$$_printf_percent$$00000008)
    .ARM.Collect$$_printf_percent$$00000009  0x08000230   Section        6  _printf_d.o(.ARM.Collect$$_printf_percent$$00000009)
    .ARM.Collect$$_printf_percent$$0000000A  0x08000236   Section        6  _printf_u.o(.ARM.Collect$$_printf_percent$$0000000A)
    .ARM.Collect$$_printf_percent$$0000000B  0x0800023c   Section        6  _printf_o.o(.ARM.Collect$$_printf_percent$$0000000B)
    .ARM.Collect$$_printf_percent$$0000000C  0x08000242   Section        6  _printf_x.o(.ARM.Collect$$_printf_percent$$0000000C)
    .ARM.Collect$$_printf_percent$$0000000D  0x08000248   Section        6  _printf_lli.o(.ARM.Collect$$_printf_percent$$0000000D)
    .ARM.Collect$$_printf_percent$$0000000E  0x0800024e   Section        6  _printf_lld.o(.ARM.Collect$$_printf_percent$$0000000E)
    .ARM.Collect$$_printf_percent$$0000000F  0x08000254   Section        6  _printf_llu.o(.ARM.Collect$$_printf_percent$$0000000F)
    .ARM.Collect$$_printf_percent$$00000010  0x0800025a   Section        6  _printf_llo.o(.ARM.Collect$$_printf_percent$$00000010)
    .ARM.Collect$$_printf_percent$$00000011  0x08000260   Section        6  _printf_llx.o(.ARM.Collect$$_printf_percent$$00000011)
    .ARM.Collect$$_printf_percent$$00000012  0x08000266   Section       10  _printf_l.o(.ARM.Collect$$_printf_percent$$00000012)
    .ARM.Collect$$_printf_percent$$00000013  0x08000270   Section        6  _printf_c.o(.ARM.Collect$$_printf_percent$$00000013)
    .ARM.Collect$$_printf_percent$$00000014  0x08000276   Section        6  _printf_s.o(.ARM.Collect$$_printf_percent$$00000014)
    .ARM.Collect$$_printf_percent$$00000015  0x0800027c   Section        6  _printf_lc.o(.ARM.Collect$$_printf_percent$$00000015)
    .ARM.Collect$$_printf_percent$$00000016  0x08000282   Section        6  _printf_ls.o(.ARM.Collect$$_printf_percent$$00000016)
    .ARM.Collect$$_printf_percent$$00000017  0x08000288   Section        4  _printf_percent_end.o(.ARM.Collect$$_printf_percent$$00000017)
    .ARM.Collect$$libinit$$00000000          0x0800028c   Section        2  libinit.o(.ARM.Collect$$libinit$$00000000)
    .ARM.Collect$$libinit$$00000001          0x0800028e   Section        4  libinit2.o(.ARM.Collect$$libinit$$00000001)
    .ARM.Collect$$libinit$$00000004          0x08000292   Section        0  libinit2.o(.ARM.Collect$$libinit$$00000004)
    .ARM.Collect$$libinit$$0000000A          0x08000292   Section        0  libinit2.o(.ARM.Collect$$libinit$$0000000A)
    .ARM.Collect$$libinit$$0000000C          0x08000292   Section        0  libinit2.o(.ARM.Collect$$libinit$$0000000C)
    .ARM.Collect$$libinit$$0000000E          0x08000292   Section        0  libinit2.o(.ARM.Collect$$libinit$$0000000E)
    .ARM.Collect$$libinit$$0000000F          0x08000292   Section        6  libinit2.o(.ARM.Collect$$libinit$$0000000F)
    .ARM.Collect$$libinit$$00000011          0x08000298   Section        0  libinit2.o(.ARM.Collect$$libinit$$00000011)
    .ARM.Collect$$libinit$$00000012          0x08000298   Section       12  libinit2.o(.ARM.Collect$$libinit$$00000012)
    .ARM.Collect$$libinit$$00000013          0x080002a4   Section        0  libinit2.o(.ARM.Collect$$libinit$$00000013)
    .ARM.Collect$$libinit$$00000015          0x080002a4   Section        0  libinit2.o(.ARM.Collect$$libinit$$00000015)
    .ARM.Collect$$libinit$$00000016          0x080002a4   Section       10  libinit2.o(.ARM.Collect$$libinit$$00000016)
    .ARM.Collect$$libinit$$00000017          0x080002ae   Section        0  libinit2.o(.ARM.Collect$$libinit$$00000017)
    .ARM.Collect$$libinit$$00000019          0x080002ae   Section        0  libinit2.o(.ARM.Collect$$libinit$$00000019)
    .ARM.Collect$$libinit$$0000001B          0x080002ae   Section        0  libinit2.o(.ARM.Collect$$libinit$$0000001B)
    .ARM.Collect$$libinit$$0000001D          0x080002ae   Section        0  libinit2.o(.ARM.Collect$$libinit$$0000001D)
    .ARM.Collect$$libinit$$0000001F          0x080002ae   Section        0  libinit2.o(.ARM.Collect$$libinit$$0000001F)
    .ARM.Collect$$libinit$$00000021          0x080002ae   Section        0  libinit2.o(.ARM.Collect$$libinit$$00000021)
    .ARM.Collect$$libinit$$00000023          0x080002ae   Section        0  libinit2.o(.ARM.Collect$$libinit$$00000023)
    .ARM.Collect$$libinit$$00000025          0x080002ae   Section        0  libinit2.o(.ARM.Collect$$libinit$$00000025)
    .ARM.Collect$$libinit$$0000002C          0x080002ae   Section        0  libinit2.o(.ARM.Collect$$libinit$$0000002C)
    .ARM.Collect$$libinit$$0000002E          0x080002ae   Section        0  libinit2.o(.ARM.Collect$$libinit$$0000002E)
    .ARM.Collect$$libinit$$00000030          0x080002ae   Section        0  libinit2.o(.ARM.Collect$$libinit$$00000030)
    .ARM.Collect$$libinit$$00000032          0x080002ae   Section        0  libinit2.o(.ARM.Collect$$libinit$$00000032)
    .ARM.Collect$$libinit$$00000033          0x080002ae   Section        2  libinit2.o(.ARM.Collect$$libinit$$00000033)
    .ARM.Collect$$libshutdown$$00000000      0x080002b0   Section        2  libshutdown.o(.ARM.Collect$$libshutdown$$00000000)
    .ARM.Collect$$libshutdown$$00000002      0x080002b2   Section        0  libshutdown2.o(.ARM.Collect$$libshutdown$$00000002)
    .ARM.Collect$$libshutdown$$00000004      0x080002b2   Section        0  libshutdown2.o(.ARM.Collect$$libshutdown$$00000004)
    .ARM.Collect$$libshutdown$$00000007      0x080002b2   Section        0  libshutdown2.o(.ARM.Collect$$libshutdown$$00000007)
    .ARM.Collect$$libshutdown$$0000000A      0x080002b2   Section        0  libshutdown2.o(.ARM.Collect$$libshutdown$$0000000A)
    .ARM.Collect$$libshutdown$$0000000C      0x080002b2   Section        0  libshutdown2.o(.ARM.Collect$$libshutdown$$0000000C)
    .ARM.Collect$$libshutdown$$0000000F      0x080002b2   Section        0  libshutdown2.o(.ARM.Collect$$libshutdown$$0000000F)
    .ARM.Collect$$libshutdown$$00000010      0x080002b2   Section        2  libshutdown2.o(.ARM.Collect$$libshutdown$$00000010)
    .ARM.Collect$$rtentry$$00000000          0x080002b4   Section        0  __rtentry.o(.ARM.Collect$$rtentry$$00000000)
    .ARM.Collect$$rtentry$$00000002          0x080002b4   Section        0  __rtentry2.o(.ARM.Collect$$rtentry$$00000002)
    .ARM.Collect$$rtentry$$00000004          0x080002b4   Section        6  __rtentry4.o(.ARM.Collect$$rtentry$$00000004)
    .ARM.Collect$$rtentry$$00000009          0x080002ba   Section        0  __rtentry2.o(.ARM.Collect$$rtentry$$00000009)
    .ARM.Collect$$rtentry$$0000000A          0x080002ba   Section        4  __rtentry2.o(.ARM.Collect$$rtentry$$0000000A)
    .ARM.Collect$$rtentry$$0000000C          0x080002be   Section        0  __rtentry2.o(.ARM.Collect$$rtentry$$0000000C)
    .ARM.Collect$$rtentry$$0000000D          0x080002be   Section        8  __rtentry2.o(.ARM.Collect$$rtentry$$0000000D)
    .ARM.Collect$$rtexit$$00000000           0x080002c6   Section        2  rtexit.o(.ARM.Collect$$rtexit$$00000000)
    .ARM.Collect$$rtexit$$00000002           0x080002c8   Section        0  rtexit2.o(.ARM.Collect$$rtexit$$00000002)
    .ARM.Collect$$rtexit$$00000003           0x080002c8   Section        4  rtexit2.o(.ARM.Collect$$rtexit$$00000003)
    .ARM.Collect$$rtexit$$00000004           0x080002cc   Section        6  rtexit2.o(.ARM.Collect$$rtexit$$00000004)
    .text                                    0x080002d4   Section       64  startup_stm32f407xx.o(.text)
    $v0                                      0x080002d4   Number         0  startup_stm32f407xx.o(.text)
    .text                                    0x08000314   Section        0  c89vsprintf.o(.text)
    .text                                    0x08000338   Section        0  heapauxi.o(.text)
    .text                                    0x0800033e   Section        0  _printf_pad.o(.text)
    .text                                    0x0800038c   Section        0  _printf_truncate.o(.text)
    .text                                    0x080003b0   Section        0  _printf_str.o(.text)
    .text                                    0x08000404   Section        0  _printf_dec.o(.text)
    .text                                    0x0800047c   Section        0  _printf_charcount.o(.text)
    .text                                    0x080004a4   Section        0  _printf_char_common.o(.text)
    _printf_input_char                       0x080004a5   Thumb Code    10  _printf_char_common.o(.text)
    .text                                    0x080004d4   Section        0  _sputc.o(.text)
    .text                                    0x080004e0   Section        0  _printf_wctomb.o(.text)
    .text                                    0x0800059c   Section        0  _printf_longlong_dec.o(.text)
    .text                                    0x08000618   Section        0  _printf_oct_int_ll.o(.text)
    _printf_longlong_oct_internal            0x08000619   Thumb Code     0  _printf_oct_int_ll.o(.text)
    .text                                    0x08000688   Section        0  _printf_hex_int_ll_ptr.o(.text)
    _printf_hex_common                       0x08000689   Thumb Code     0  _printf_hex_int_ll_ptr.o(.text)
    .text                                    0x0800071c   Section        0  __printf_flags_ss_wp.o(.text)
    .text                                    0x080008a4   Section      138  lludiv10.o(.text)
    .text                                    0x0800092e   Section        0  _printf_intcommon.o(.text)
    .text                                    0x080009e0   Section        0  _printf_fp_dec.o(.text)
    _fp_digits                               0x080009e3   Thumb Code   428  _printf_fp_dec.o(.text)
    .text                                    0x08000dfa   Section        0  _printf_char.o(.text)
    .text                                    0x08000e26   Section        0  _printf_wchar.o(.text)
    .text                                    0x08000e52   Section        0  _wcrtomb.o(.text)
    .text                                    0x08000e92   Section       74  sys_stackheap_outer.o(.text)
    .text                                    0x08000edc   Section       16  rt_ctype_table.o(.text)
    .text                                    0x08000eec   Section        8  rt_locale_intlibspace.o(.text)
    .text                                    0x08000ef4   Section        0  _printf_fp_infnan.o(.text)
    .text                                    0x08000f74   Section        0  bigflt0.o(.text)
    .text                                    0x08001050   Section        0  exit.o(.text)
    .text                                    0x08001064   Section        8  libspace.o(.text)
    .text                                    0x0800106c   Section      128  strcmpv7m.o(.text)
    .text                                    0x080010ec   Section        0  sys_exit.o(.text)
    .text                                    0x080010f8   Section        2  use_no_semi.o(.text)
    .text                                    0x080010fa   Section        0  indicate_semi.o(.text)
    CL$$btod_d2e                             0x080010fa   Section       62  btod.o(CL$$btod_d2e)
    CL$$btod_d2e_denorm_low                  0x08001138   Section       70  btod.o(CL$$btod_d2e_denorm_low)
    CL$$btod_d2e_norm_op1                    0x0800117e   Section       96  btod.o(CL$$btod_d2e_norm_op1)
    CL$$btod_div_common                      0x080011de   Section      824  btod.o(CL$$btod_div_common)
    CL$$btod_e2e                             0x08001516   Section      198  btod.o(CL$$btod_e2e)
    CL$$btod_ediv                            0x080015dc   Section       40  btod.o(CL$$btod_ediv)
    CL$$btod_emul                            0x08001604   Section       40  btod.o(CL$$btod_emul)
    CL$$btod_mult_common                     0x0800162c   Section      580  btod.o(CL$$btod_mult_common)
    i.Buffercmp                              0x08001870   Section        0  spi_master.o(i.Buffercmp)
    Buffercmp                                0x08001871   Thumb Code    36  spi_master.o(i.Buffercmp)
    i.EXTI0_IRQHandler                       0x08001894   Section        0  spi_master.o(i.EXTI0_IRQHandler)
    i.SPI2_IRQHandler                        0x080018a8   Section        0  spi_master.o(i.SPI2_IRQHandler)
    i.SystemInit                             0x080018b8   Section        0  system_stm32f4xx.o(i.SystemInit)
    i.__ARM_fpclassify                       0x0800191c   Section        0  fpclassify.o(i.__ARM_fpclassify)
    i._is_digit                              0x0800194c   Section        0  __printf_wp.o(i._is_digit)
    i.assert_error                           0x0800195c   Section        0  spi_master.o(i.assert_error)
    i.delay_gen                              0x08001970   Section        0  spi_master.o(i.delay_gen)
    i.hal_debug_uart_init                    0x08001984   Section        0  uart_debug.o(i.hal_debug_uart_init)
    i.hal_gpio_clear_interrupt               0x08001a24   Section        0  hal_gpio_driver.o(i.hal_gpio_clear_interrupt)
    i.hal_gpio_configure_interrupt           0x08001a44   Section        0  hal_gpio_driver.o(i.hal_gpio_configure_interrupt)
    i.hal_gpio_configure_pin_mode            0x08001a98   Section        0  hal_gpio_driver.o(i.hal_gpio_configure_pin_mode)
    i.hal_gpio_configure_pin_otype           0x08001aa8   Section        0  hal_gpio_driver.o(i.hal_gpio_configure_pin_otype)
    i.hal_gpio_configure_pin_pupd            0x08001ab6   Section        0  hal_gpio_driver.o(i.hal_gpio_configure_pin_pupd)
    i.hal_gpio_configure_pin_speed           0x08001ac6   Section        0  hal_gpio_driver.o(i.hal_gpio_configure_pin_speed)
    i.hal_gpio_enable_interrupt              0x08001ad8   Section        0  hal_gpio_driver.o(i.hal_gpio_enable_interrupt)
    i.hal_gpio_init                          0x08001b04   Section        0  hal_gpio_driver.o(i.hal_gpio_init)
    i.hal_gpio_read_from_pin                 0x08001b3c   Section        0  hal_gpio_driver.o(i.hal_gpio_read_from_pin)
    i.hal_gpio_set_alt_function              0x08001b48   Section        0  hal_gpio_driver.o(i.hal_gpio_set_alt_function)
    i.hal_gpio_write_to_pin                  0x08001b78   Section        0  hal_gpio_driver.o(i.hal_gpio_write_to_pin)
    i.hal_spi_close_rx_interrupt             0x08001b94   Section        0  hal_spi_driver.o(i.hal_spi_close_rx_interrupt)
    hal_spi_close_rx_interrupt               0x08001b95   Thumb Code    30  hal_spi_driver.o(i.hal_spi_close_rx_interrupt)
    i.hal_spi_configure_baudrate             0x08001bb2   Section        0  hal_spi_driver.o(i.hal_spi_configure_baudrate)
    i.hal_spi_configure_datasize             0x08001bba   Section        0  hal_spi_driver.o(i.hal_spi_configure_datasize)
    i.hal_spi_configure_device_mode          0x08001be4   Section        0  hal_spi_driver.o(i.hal_spi_configure_device_mode)
    i.hal_spi_configure_direction            0x08001bfa   Section        0  hal_spi_driver.o(i.hal_spi_configure_direction)
    i.hal_spi_configure_nss_master           0x08001c10   Section        0  hal_spi_driver.o(i.hal_spi_configure_nss_master)
    i.hal_spi_configure_nss_slave            0x08001c26   Section        0  hal_spi_driver.o(i.hal_spi_configure_nss_slave)
    i.hal_spi_configure_phase_and_polarity   0x08001c3c   Section        0  hal_spi_driver.o(i.hal_spi_configure_phase_and_polarity)
    i.hal_spi_disable_rxne_interrupt         0x08001c66   Section        0  hal_spi_driver.o(i.hal_spi_disable_rxne_interrupt)
    hal_spi_disable_rxne_interrupt           0x08001c67   Thumb Code    10  hal_spi_driver.o(i.hal_spi_disable_rxne_interrupt)
    i.hal_spi_disable_txe_interrupt          0x08001c70   Section        0  hal_spi_driver.o(i.hal_spi_disable_txe_interrupt)
    hal_spi_disable_txe_interrupt            0x08001c71   Thumb Code    10  hal_spi_driver.o(i.hal_spi_disable_txe_interrupt)
    i.hal_spi_enable                         0x08001c7a   Section        0  hal_spi_driver.o(i.hal_spi_enable)
    i.hal_spi_enable_rxne_interrupt          0x08001c8c   Section        0  hal_spi_driver.o(i.hal_spi_enable_rxne_interrupt)
    hal_spi_enable_rxne_interrupt            0x08001c8d   Thumb Code    10  hal_spi_driver.o(i.hal_spi_enable_rxne_interrupt)
    i.hal_spi_enable_txe_interrupt           0x08001c96   Section        0  hal_spi_driver.o(i.hal_spi_enable_txe_interrupt)
    hal_spi_enable_txe_interrupt             0x08001c97   Thumb Code    10  hal_spi_driver.o(i.hal_spi_enable_txe_interrupt)
    i.hal_spi_handle_rx_interrupt            0x08001ca0   Section        0  hal_spi_driver.o(i.hal_spi_handle_rx_interrupt)
    hal_spi_handle_rx_interrupt              0x08001ca1   Thumb Code    66  hal_spi_driver.o(i.hal_spi_handle_rx_interrupt)
    i.hal_spi_handle_tx_interrupt            0x08001ce2   Section        0  hal_spi_driver.o(i.hal_spi_handle_tx_interrupt)
    i.hal_spi_init                           0x08001d1e   Section        0  hal_spi_driver.o(i.hal_spi_init)
    i.hal_spi_irq_handler                    0x08001d68   Section        0  hal_spi_driver.o(i.hal_spi_irq_handler)
    i.hal_spi_is_bus_busy                    0x08001dac   Section        0  hal_spi_driver.o(i.hal_spi_is_bus_busy)
    i.hal_spi_master_rx                      0x08001dc0   Section        0  hal_spi_driver.o(i.hal_spi_master_rx)
    i.hal_spi_master_tx                      0x08001e00   Section        0  hal_spi_driver.o(i.hal_spi_master_tx)
    i.hal_spi_tx_close_interrupt             0x08001e28   Section        0  hal_spi_driver.o(i.hal_spi_tx_close_interrupt)
    hal_spi_tx_close_interrupt               0x08001e29   Thumb Code    30  hal_spi_driver.o(i.hal_spi_tx_close_interrupt)
    i.hal_uart_configure_over_sampling       0x08001e46   Section        0  hal_uart_driver.o(i.hal_uart_configure_over_sampling)
    i.hal_uart_enable                        0x08001e52   Section        0  hal_uart_driver.o(i.hal_uart_enable)
    i.hal_uart_enable_disable_rx             0x08001e5c   Section        0  hal_uart_driver.o(i.hal_uart_enable_disable_rx)
    i.hal_uart_enable_disable_tx             0x08001e76   Section        0  hal_uart_driver.o(i.hal_uart_enable_disable_tx)
    i.hal_uart_init                          0x08001e90   Section        0  hal_uart_driver.o(i.hal_uart_init)
    i.hal_uart_set_baud_rate                 0x08001ecc   Section        0  hal_uart_driver.o(i.hal_uart_set_baud_rate)
    i.led_init                               0x08001ef8   Section        0  led.o(i.led_init)
    i.led_toggle                             0x08001f54   Section        0  led.o(i.led_toggle)
    i.led_turn_off                           0x08001f7c   Section        0  led.o(i.led_turn_off)
    i.main                                   0x08001f90   Section        0  spi_master.o(i.main)
    i.spi_gpio_init                          0x080021d8   Section        0  spi_master.o(i.spi_gpio_init)
    i.uart_printf                            0x08002250   Section        0  uart_debug.o(i.uart_printf)
    locale$$code                             0x08002298   Section       44  lc_numeric_c.o(locale$$code)
    locale$$code                             0x080022c4   Section       44  lc_ctype_c.o(locale$$code)
    x$fpl$fpinit                             0x080022f0   Section       10  fpinit.o(x$fpl$fpinit)
    $v0                                      0x080022f0   Number         0  fpinit.o(x$fpl$fpinit)
    x$fpl$printf1                            0x080022fa   Section        4  printf1.o(x$fpl$printf1)
    $v0                                      0x080022fa   Number         0  printf1.o(x$fpl$printf1)
    x$fpl$usenofp                            0x080022fe   Section        0  usenofp.o(x$fpl$usenofp)
    .constdata                               0x08002300   Section        8  _printf_wctomb.o(.constdata)
    initial_mbstate                          0x08002300   Data           8  _printf_wctomb.o(.constdata)
    .constdata                               0x08002308   Section       40  _printf_hex_int_ll_ptr.o(.constdata)
    uc_hextab                                0x08002308   Data          20  _printf_hex_int_ll_ptr.o(.constdata)
    lc_hextab                                0x0800231c   Data          20  _printf_hex_int_ll_ptr.o(.constdata)
    .constdata                               0x08002330   Section       17  __printf_flags_ss_wp.o(.constdata)
    maptable                                 0x08002330   Data          17  __printf_flags_ss_wp.o(.constdata)
    .constdata                               0x08002344   Section      148  bigflt0.o(.constdata)
    tenpwrs_x                                0x08002344   Data          60  bigflt0.o(.constdata)
    tenpwrs_i                                0x08002380   Data          64  bigflt0.o(.constdata)
    locale$$data                             0x080023f8   Section       28  lc_numeric_c.o(locale$$data)
    __lcnum_c_name                           0x080023fc   Data           2  lc_numeric_c.o(locale$$data)
    __lcnum_c_start                          0x08002404   Data           0  lc_numeric_c.o(locale$$data)
    __lcnum_c_point                          0x08002410   Data           0  lc_numeric_c.o(locale$$data)
    __lcnum_c_thousands                      0x08002412   Data           0  lc_numeric_c.o(locale$$data)
    __lcnum_c_grouping                       0x08002413   Data           0  lc_numeric_c.o(locale$$data)
    locale$$data                             0x08002414   Section      272  lc_ctype_c.o(locale$$data)
    __lcnum_c_end                            0x08002414   Data           0  lc_numeric_c.o(locale$$data)
    __lcctype_c_name                         0x08002418   Data           2  lc_ctype_c.o(locale$$data)
    __lcctype_c_start                        0x08002420   Data           0  lc_ctype_c.o(locale$$data)
    __lcctype_c_end                          0x08002524   Data           0  lc_ctype_c.o(locale$$data)
    .data                                    0x20000000   Section        2  hal_spi_driver.o(.data)
    .data                                    0x20000004   Section       16  spi_master.o(.data)
    .bss                                     0x20000014   Section       56  spi_master.o(.bss)
    .bss                                     0x2000004c   Section       64  uart_debug.o(.bss)
    .bss                                     0x2000008c   Section       96  libspace.o(.bss)
    HEAP                                     0x200000f0   Section      512  startup_stm32f407xx.o(HEAP)
    Heap_Mem                                 0x200000f0   Data         512  startup_stm32f407xx.o(HEAP)
    STACK                                    0x200002f0   Section     1024  startup_stm32f407xx.o(STACK)
    Stack_Mem                                0x200002f0   Data        1024  startup_stm32f407xx.o(STACK)
    __initial_sp                             0x200006f0   Data           0  startup_stm32f407xx.o(STACK)

    Global Symbols

    Symbol Name                              Value     Ov Type        Size  Object(Section)

    BuildAttributes$$THM_ISAv4$E$P$D$K$B$S$7EM$VFPi3$EXTD16$VFPS$VFMA$PE$A:L22UL41UL21$X:L11$S22US41US21$IEEE1$IW$USESV6$~STKCKD$USESV7$~SHL$OTIME$ROPI$IEEEJ$EBA8$UX$STANDARDLIB$REQ8$PRES8$EABIv2 0x00000000   Number         0  anon$$obj.o ABSOLUTE
    __ARM_use_no_argv                        0x00000000   Number         0  spi_master.o ABSOLUTE
    _printf_flags                            0x00000000   Number         0  printf_stubs.o ABSOLUTE
    _printf_return_value                     0x00000000   Number         0  printf_stubs.o ABSOLUTE
    _printf_sizespec                         0x00000000   Number         0  printf_stubs.o ABSOLUTE
    _printf_widthprec                        0x00000000   Number         0  printf_stubs.o ABSOLUTE
    __ARM_exceptions_init                     - Undefined Weak Reference
    __alloca_initialize                       - Undefined Weak Reference
    __arm_preinit_                            - Undefined Weak Reference
    __cpp_initialize__aeabi_                  - Undefined Weak Reference
    __cxa_finalize                            - Undefined Weak Reference
    __sigvec_lookup                           - Undefined Weak Reference
    _atexit_init                              - Undefined Weak Reference
    _call_atexit_fns                          - Undefined Weak Reference
    _clock_init                               - Undefined Weak Reference
    _fp_trap_init                             - Undefined Weak Reference
    _fp_trap_shutdown                         - Undefined Weak Reference
    _get_lc_collate                           - Undefined Weak Reference
    _get_lc_monetary                          - Undefined Weak Reference
    _get_lc_time                              - Undefined Weak Reference
    _getenv_init                              - Undefined Weak Reference
    _handle_redirection                       - Undefined Weak Reference
    _init_alloc                               - Undefined Weak Reference
    _init_user_alloc                          - Undefined Weak Reference
    _initio                                   - Undefined Weak Reference
    _printf_fp_hex                            - Undefined Weak Reference
    _printf_mbtowc                            - Undefined Weak Reference
    _printf_wc                                - Undefined Weak Reference
    _rand_init                                - Undefined Weak Reference
    _signal_finish                            - Undefined Weak Reference
    _signal_init                              - Undefined Weak Reference
    _terminate_alloc                          - Undefined Weak Reference
    _terminate_user_alloc                     - Undefined Weak Reference
    _terminateio                              - Undefined Weak Reference
    __Vectors_Size                           0x00000188   Number         0  startup_stm32f407xx.o ABSOLUTE
    __Vectors                                0x08000000   Data           4  startup_stm32f407xx.o(RESET)
    __Vectors_End                            0x08000188   Data           0  startup_stm32f407xx.o(RESET)
    __main                                   0x08000189   Thumb Code     8  __main.o(!!!main)
    __scatterload                            0x08000191   Thumb Code     0  __scatter.o(!!!scatter)
    __scatterload_rt2                        0x08000191   Thumb Code    44  __scatter.o(!!!scatter)
    __scatterload_rt2_thumb_only             0x08000191   Thumb Code     0  __scatter.o(!!!scatter)
    __scatterload_null                       0x0800019f   Thumb Code     0  __scatter.o(!!!scatter)
    __scatterload_copy                       0x080001c5   Thumb Code    26  __scatter_copy.o(!!handler_copy)
    __scatterload_zeroinit                   0x080001e1   Thumb Code    28  __scatter_zi.o(!!handler_zi)
    _printf_n                                0x080001fd   Thumb Code     0  _printf_n.o(.ARM.Collect$$_printf_percent$$00000001)
    _printf_percent                          0x080001fd   Thumb Code     0  _printf_percent.o(.ARM.Collect$$_printf_percent$$00000000)
    _printf_p                                0x08000203   Thumb Code     0  _printf_p.o(.ARM.Collect$$_printf_percent$$00000002)
    _printf_f                                0x08000209   Thumb Code     0  _printf_f.o(.ARM.Collect$$_printf_percent$$00000003)
    _printf_e                                0x0800020f   Thumb Code     0  _printf_e.o(.ARM.Collect$$_printf_percent$$00000004)
    _printf_g                                0x08000215   Thumb Code     0  _printf_g.o(.ARM.Collect$$_printf_percent$$00000005)
    _printf_a                                0x0800021b   Thumb Code     0  _printf_a.o(.ARM.Collect$$_printf_percent$$00000006)
    _printf_ll                               0x08000221   Thumb Code     0  _printf_ll.o(.ARM.Collect$$_printf_percent$$00000007)
    _printf_i                                0x0800022b   Thumb Code     0  _printf_i.o(.ARM.Collect$$_printf_percent$$00000008)
    _printf_d                                0x08000231   Thumb Code     0  _printf_d.o(.ARM.Collect$$_printf_percent$$00000009)
    _printf_u                                0x08000237   Thumb Code     0  _printf_u.o(.ARM.Collect$$_printf_percent$$0000000A)
    _printf_o                                0x0800023d   Thumb Code     0  _printf_o.o(.ARM.Collect$$_printf_percent$$0000000B)
    _printf_x                                0x08000243   Thumb Code     0  _printf_x.o(.ARM.Collect$$_printf_percent$$0000000C)
    _printf_lli                              0x08000249   Thumb Code     0  _printf_lli.o(.ARM.Collect$$_printf_percent$$0000000D)
    _printf_lld                              0x0800024f   Thumb Code     0  _printf_lld.o(.ARM.Collect$$_printf_percent$$0000000E)
    _printf_llu                              0x08000255   Thumb Code     0  _printf_llu.o(.ARM.Collect$$_printf_percent$$0000000F)
    _printf_llo                              0x0800025b   Thumb Code     0  _printf_llo.o(.ARM.Collect$$_printf_percent$$00000010)
    _printf_llx                              0x08000261   Thumb Code     0  _printf_llx.o(.ARM.Collect$$_printf_percent$$00000011)
    _printf_l                                0x08000267   Thumb Code     0  _printf_l.o(.ARM.Collect$$_printf_percent$$00000012)
    _printf_c                                0x08000271   Thumb Code     0  _printf_c.o(.ARM.Collect$$_printf_percent$$00000013)
    _printf_s                                0x08000277   Thumb Code     0  _printf_s.o(.ARM.Collect$$_printf_percent$$00000014)
    _printf_lc                               0x0800027d   Thumb Code     0  _printf_lc.o(.ARM.Collect$$_printf_percent$$00000015)
    _printf_ls                               0x08000283   Thumb Code     0  _printf_ls.o(.ARM.Collect$$_printf_percent$$00000016)
    _printf_percent_end                      0x08000289   Thumb Code     0  _printf_percent_end.o(.ARM.Collect$$_printf_percent$$00000017)
    __rt_lib_init                            0x0800028d   Thumb Code     0  libinit.o(.ARM.Collect$$libinit$$00000000)
    __rt_lib_init_fp_1                       0x0800028f   Thumb Code     0  libinit2.o(.ARM.Collect$$libinit$$00000001)
    __rt_lib_init_heap_1                     0x08000293   Thumb Code     0  libinit2.o(.ARM.Collect$$libinit$$0000000A)
    __rt_lib_init_lc_common                  0x08000293   Thumb Code     0  libinit2.o(.ARM.Collect$$libinit$$0000000F)
    __rt_lib_init_preinit_1                  0x08000293   Thumb Code     0  libinit2.o(.ARM.Collect$$libinit$$00000004)
    __rt_lib_init_rand_1                     0x08000293   Thumb Code     0  libinit2.o(.ARM.Collect$$libinit$$0000000E)
    __rt_lib_init_user_alloc_1               0x08000293   Thumb Code     0  libinit2.o(.ARM.Collect$$libinit$$0000000C)
    __rt_lib_init_lc_collate_1               0x08000299   Thumb Code     0  libinit2.o(.ARM.Collect$$libinit$$00000011)
    __rt_lib_init_lc_ctype_2                 0x08000299   Thumb Code     0  libinit2.o(.ARM.Collect$$libinit$$00000012)
    __rt_lib_init_lc_ctype_1                 0x080002a5   Thumb Code     0  libinit2.o(.ARM.Collect$$libinit$$00000013)
    __rt_lib_init_lc_monetary_1              0x080002a5   Thumb Code     0  libinit2.o(.ARM.Collect$$libinit$$00000015)
    __rt_lib_init_lc_numeric_2               0x080002a5   Thumb Code     0  libinit2.o(.ARM.Collect$$libinit$$00000016)
    __rt_lib_init_alloca_1                   0x080002af   Thumb Code     0  libinit2.o(.ARM.Collect$$libinit$$0000002E)
    __rt_lib_init_argv_1                     0x080002af   Thumb Code     0  libinit2.o(.ARM.Collect$$libinit$$0000002C)
    __rt_lib_init_atexit_1                   0x080002af   Thumb Code     0  libinit2.o(.ARM.Collect$$libinit$$0000001B)
    __rt_lib_init_clock_1                    0x080002af   Thumb Code     0  libinit2.o(.ARM.Collect$$libinit$$00000021)
    __rt_lib_init_cpp_1                      0x080002af   Thumb Code     0  libinit2.o(.ARM.Collect$$libinit$$00000032)
    __rt_lib_init_exceptions_1               0x080002af   Thumb Code     0  libinit2.o(.ARM.Collect$$libinit$$00000030)
    __rt_lib_init_fp_trap_1                  0x080002af   Thumb Code     0  libinit2.o(.ARM.Collect$$libinit$$0000001F)
    __rt_lib_init_getenv_1                   0x080002af   Thumb Code     0  libinit2.o(.ARM.Collect$$libinit$$00000023)
    __rt_lib_init_lc_numeric_1               0x080002af   Thumb Code     0  libinit2.o(.ARM.Collect$$libinit$$00000017)
    __rt_lib_init_lc_time_1                  0x080002af   Thumb Code     0  libinit2.o(.ARM.Collect$$libinit$$00000019)
    __rt_lib_init_return                     0x080002af   Thumb Code     0  libinit2.o(.ARM.Collect$$libinit$$00000033)
    __rt_lib_init_signal_1                   0x080002af   Thumb Code     0  libinit2.o(.ARM.Collect$$libinit$$0000001D)
    __rt_lib_init_stdio_1                    0x080002af   Thumb Code     0  libinit2.o(.ARM.Collect$$libinit$$00000025)
    __rt_lib_shutdown                        0x080002b1   Thumb Code     0  libshutdown.o(.ARM.Collect$$libshutdown$$00000000)
    __rt_lib_shutdown_cpp_1                  0x080002b3   Thumb Code     0  libshutdown2.o(.ARM.Collect$$libshutdown$$00000002)
    __rt_lib_shutdown_fp_trap_1              0x080002b3   Thumb Code     0  libshutdown2.o(.ARM.Collect$$libshutdown$$00000007)
    __rt_lib_shutdown_heap_1                 0x080002b3   Thumb Code     0  libshutdown2.o(.ARM.Collect$$libshutdown$$0000000F)
    __rt_lib_shutdown_return                 0x080002b3   Thumb Code     0  libshutdown2.o(.ARM.Collect$$libshutdown$$00000010)
    __rt_lib_shutdown_signal_1               0x080002b3   Thumb Code     0  libshutdown2.o(.ARM.Collect$$libshutdown$$0000000A)
    __rt_lib_shutdown_stdio_1                0x080002b3   Thumb Code     0  libshutdown2.o(.ARM.Collect$$libshutdown$$00000004)
    __rt_lib_shutdown_user_alloc_1           0x080002b3   Thumb Code     0  libshutdown2.o(.ARM.Collect$$libshutdown$$0000000C)
    __rt_entry                               0x080002b5   Thumb Code     0  __rtentry.o(.ARM.Collect$$rtentry$$00000000)
    __rt_entry_presh_1                       0x080002b5   Thumb Code     0  __rtentry2.o(.ARM.Collect$$rtentry$$00000002)
    __rt_entry_sh                            0x080002b5   Thumb Code     0  __rtentry4.o(.ARM.Collect$$rtentry$$00000004)
    __rt_entry_li                            0x080002bb   Thumb Code     0  __rtentry2.o(.ARM.Collect$$rtentry$$0000000A)
    __rt_entry_postsh_1                      0x080002bb   Thumb Code     0  __rtentry2.o(.ARM.Collect$$rtentry$$00000009)
    __rt_entry_main                          0x080002bf   Thumb Code     0  __rtentry2.o(.ARM.Collect$$rtentry$$0000000D)
    __rt_entry_postli_1                      0x080002bf   Thumb Code     0  __rtentry2.o(.ARM.Collect$$rtentry$$0000000C)
    __rt_exit                                0x080002c7   Thumb Code     0  rtexit.o(.ARM.Collect$$rtexit$$00000000)
    __rt_exit_ls                             0x080002c9   Thumb Code     0  rtexit2.o(.ARM.Collect$$rtexit$$00000003)
    __rt_exit_prels_1                        0x080002c9   Thumb Code     0  rtexit2.o(.ARM.Collect$$rtexit$$00000002)
    __rt_exit_exit                           0x080002cd   Thumb Code     0  rtexit2.o(.ARM.Collect$$rtexit$$00000004)
    Reset_Handler                            0x080002d5   Thumb Code     8  startup_stm32f407xx.o(.text)
    NMI_Handler                              0x080002dd   Thumb Code     2  startup_stm32f407xx.o(.text)
    HardFault_Handler                        0x080002df   Thumb Code     2  startup_stm32f407xx.o(.text)
    MemManage_Handler                        0x080002e1   Thumb Code     2  startup_stm32f407xx.o(.text)
    BusFault_Handler                         0x080002e3   Thumb Code     2  startup_stm32f407xx.o(.text)
    UsageFault_Handler                       0x080002e5   Thumb Code     2  startup_stm32f407xx.o(.text)
    SVC_Handler                              0x080002e7   Thumb Code     2  startup_stm32f407xx.o(.text)
    DebugMon_Handler                         0x080002e9   Thumb Code     2  startup_stm32f407xx.o(.text)
    PendSV_Handler                           0x080002eb   Thumb Code     2  startup_stm32f407xx.o(.text)
    SysTick_Handler                          0x080002ed   Thumb Code     2  startup_stm32f407xx.o(.text)
    ADC_IRQHandler                           0x080002ef   Thumb Code     0  startup_stm32f407xx.o(.text)
    CAN1_RX0_IRQHandler                      0x080002ef   Thumb Code     0  startup_stm32f407xx.o(.text)
    CAN1_RX1_IRQHandler                      0x080002ef   Thumb Code     0  startup_stm32f407xx.o(.text)
    CAN1_SCE_IRQHandler                      0x080002ef   Thumb Code     0  startup_stm32f407xx.o(.text)
    CAN1_TX_IRQHandler                       0x080002ef   Thumb Code     0  startup_stm32f407xx.o(.text)
    CAN2_RX0_IRQHandler                      0x080002ef   Thumb Code     0  startup_stm32f407xx.o(.text)
    CAN2_RX1_IRQHandler                      0x080002ef   Thumb Code     0  startup_stm32f407xx.o(.text)
    CAN2_SCE_IRQHandler                      0x080002ef   Thumb Code     0  startup_stm32f407xx.o(.text)
    CAN2_TX_IRQHandler                       0x080002ef   Thumb Code     0  startup_stm32f407xx.o(.text)
    DCMI_IRQHandler                          0x080002ef   Thumb Code     0  startup_stm32f407xx.o(.text)
    DMA1_Stream0_IRQHandler                  0x080002ef   Thumb Code     0  startup_stm32f407xx.o(.text)
    DMA1_Stream1_IRQHandler                  0x080002ef   Thumb Code     0  startup_stm32f407xx.o(.text)
    DMA1_Stream2_IRQHandler                  0x080002ef   Thumb Code     0  startup_stm32f407xx.o(.text)
    DMA1_Stream3_IRQHandler                  0x080002ef   Thumb Code     0  startup_stm32f407xx.o(.text)
    DMA1_Stream4_IRQHandler                  0x080002ef   Thumb Code     0  startup_stm32f407xx.o(.text)
    DMA1_Stream5_IRQHandler                  0x080002ef   Thumb Code     0  startup_stm32f407xx.o(.text)
    DMA1_Stream6_IRQHandler                  0x080002ef   Thumb Code     0  startup_stm32f407xx.o(.text)
    DMA1_Stream7_IRQHandler                  0x080002ef   Thumb Code     0  startup_stm32f407xx.o(.text)
    DMA2_Stream0_IRQHandler                  0x080002ef   Thumb Code     0  startup_stm32f407xx.o(.text)
    DMA2_Stream1_IRQHandler                  0x080002ef   Thumb Code     0  startup_stm32f407xx.o(.text)
    DMA2_Stream2_IRQHandler                  0x080002ef   Thumb Code     0  startup_stm32f407xx.o(.text)
    DMA2_Stream3_IRQHandler                  0x080002ef   Thumb Code     0  startup_stm32f407xx.o(.text)
    DMA2_Stream4_IRQHandler                  0x080002ef   Thumb Code     0  startup_stm32f407xx.o(.text)
    DMA2_Stream5_IRQHandler                  0x080002ef   Thumb Code     0  startup_stm32f407xx.o(.text)
    DMA2_Stream6_IRQHandler                  0x080002ef   Thumb Code     0  startup_stm32f407xx.o(.text)
    DMA2_Stream7_IRQHandler                  0x080002ef   Thumb Code     0  startup_stm32f407xx.o(.text)
    ETH_IRQHandler                           0x080002ef   Thumb Code     0  startup_stm32f407xx.o(.text)
    ETH_WKUP_IRQHandler                      0x080002ef   Thumb Code     0  startup_stm32f407xx.o(.text)
    EXTI15_10_IRQHandler                     0x080002ef   Thumb Code     0  startup_stm32f407xx.o(.text)
    EXTI1_IRQHandler                         0x080002ef   Thumb Code     0  startup_stm32f407xx.o(.text)
    EXTI2_IRQHandler                         0x080002ef   Thumb Code     0  startup_stm32f407xx.o(.text)
    EXTI3_IRQHandler                         0x080002ef   Thumb Code     0  startup_stm32f407xx.o(.text)
    EXTI4_IRQHandler                         0x080002ef   Thumb Code     0  startup_stm32f407xx.o(.text)
    EXTI9_5_IRQHandler                       0x080002ef   Thumb Code     0  startup_stm32f407xx.o(.text)
    FLASH_IRQHandler                         0x080002ef   Thumb Code     0  startup_stm32f407xx.o(.text)
    FMC_IRQHandler                           0x080002ef   Thumb Code     0  startup_stm32f407xx.o(.text)
    FPU_IRQHandler                           0x080002ef   Thumb Code     0  startup_stm32f407xx.o(.text)
    HASH_RNG_IRQHandler                      0x080002ef   Thumb Code     0  startup_stm32f407xx.o(.text)
    I2C1_ER_IRQHandler                       0x080002ef   Thumb Code     0  startup_stm32f407xx.o(.text)
    I2C1_EV_IRQHandler                       0x080002ef   Thumb Code     0  startup_stm32f407xx.o(.text)
    I2C2_ER_IRQHandler                       0x080002ef   Thumb Code     0  startup_stm32f407xx.o(.text)
    I2C2_EV_IRQHandler                       0x080002ef   Thumb Code     0  startup_stm32f407xx.o(.text)
    I2C3_ER_IRQHandler                       0x080002ef   Thumb Code     0  startup_stm32f407xx.o(.text)
    I2C3_EV_IRQHandler                       0x080002ef   Thumb Code     0  startup_stm32f407xx.o(.text)
    OTG_FS_IRQHandler                        0x080002ef   Thumb Code     0  startup_stm32f407xx.o(.text)
    OTG_FS_WKUP_IRQHandler                   0x080002ef   Thumb Code     0  startup_stm32f407xx.o(.text)
    OTG_HS_EP1_IN_IRQHandler                 0x080002ef   Thumb Code     0  startup_stm32f407xx.o(.text)
    OTG_HS_EP1_OUT_IRQHandler                0x080002ef   Thumb Code     0  startup_stm32f407xx.o(.text)
    OTG_HS_IRQHandler                        0x080002ef   Thumb Code     0  startup_stm32f407xx.o(.text)
    OTG_HS_WKUP_IRQHandler                   0x080002ef   Thumb Code     0  startup_stm32f407xx.o(.text)
    PVD_IRQHandler                           0x080002ef   Thumb Code     0  startup_stm32f407xx.o(.text)
    RCC_IRQHandler                           0x080002ef   Thumb Code     0  startup_stm32f407xx.o(.text)
    RTC_Alarm_IRQHandler                     0x080002ef   Thumb Code     0  startup_stm32f407xx.o(.text)
    RTC_WKUP_IRQHandler                      0x080002ef   Thumb Code     0  startup_stm32f407xx.o(.text)
    SDIO_IRQHandler                          0x080002ef   Thumb Code     0  startup_stm32f407xx.o(.text)
    SPI1_IRQHandler                          0x080002ef   Thumb Code     0  startup_stm32f407xx.o(.text)
    SPI3_IRQHandler                          0x080002ef   Thumb Code     0  startup_stm32f407xx.o(.text)
    TAMP_STAMP_IRQHandler                    0x080002ef   Thumb Code     0  startup_stm32f407xx.o(.text)
    TIM1_BRK_TIM9_IRQHandler                 0x080002ef   Thumb Code     0  startup_stm32f407xx.o(.text)
    TIM1_CC_IRQHandler                       0x080002ef   Thumb Code     0  startup_stm32f407xx.o(.text)
    TIM1_TRG_COM_TIM11_IRQHandler            0x080002ef   Thumb Code     0  startup_stm32f407xx.o(.text)
    TIM1_UP_TIM10_IRQHandler                 0x080002ef   Thumb Code     0  startup_stm32f407xx.o(.text)
    TIM2_IRQHandler                          0x080002ef   Thumb Code     0  startup_stm32f407xx.o(.text)
    TIM3_IRQHandler                          0x080002ef   Thumb Code     0  startup_stm32f407xx.o(.text)
    TIM4_IRQHandler                          0x080002ef   Thumb Code     0  startup_stm32f407xx.o(.text)
    TIM5_IRQHandler                          0x080002ef   Thumb Code     0  startup_stm32f407xx.o(.text)
    TIM6_DAC_IRQHandler                      0x080002ef   Thumb Code     0  startup_stm32f407xx.o(.text)
    TIM7_IRQHandler                          0x080002ef   Thumb Code     0  startup_stm32f407xx.o(.text)
    TIM8_BRK_TIM12_IRQHandler                0x080002ef   Thumb Code     0  startup_stm32f407xx.o(.text)
    TIM8_CC_IRQHandler                       0x080002ef   Thumb Code     0  startup_stm32f407xx.o(.text)
    TIM8_TRG_COM_TIM14_IRQHandler            0x080002ef   Thumb Code     0  startup_stm32f407xx.o(.text)
    TIM8_UP_TIM13_IRQHandler                 0x080002ef   Thumb Code     0  startup_stm32f407xx.o(.text)
    UART4_IRQHandler                         0x080002ef   Thumb Code     0  startup_stm32f407xx.o(.text)
    UART5_IRQHandler                         0x080002ef   Thumb Code     0  startup_stm32f407xx.o(.text)
    USART1_IRQHandler                        0x080002ef   Thumb Code     0  startup_stm32f407xx.o(.text)
    USART2_IRQHandler                        0x080002ef   Thumb Code     0  startup_stm32f407xx.o(.text)
    USART3_IRQHandler                        0x080002ef   Thumb Code     0  startup_stm32f407xx.o(.text)
    USART6_IRQHandler                        0x080002ef   Thumb Code     0  startup_stm32f407xx.o(.text)
    WWDG_IRQHandler                          0x080002ef   Thumb Code     0  startup_stm32f407xx.o(.text)
    __user_initial_stackheap                 0x080002f1   Thumb Code     0  startup_stm32f407xx.o(.text)
    __c89vsprintf                            0x08000315   Thumb Code    32  c89vsprintf.o(.text)
    __use_two_region_memory                  0x08000339   Thumb Code     2  heapauxi.o(.text)
    __rt_heap_escrow$2region                 0x0800033b   Thumb Code     2  heapauxi.o(.text)
    __rt_heap_expand$2region                 0x0800033d   Thumb Code     2  heapauxi.o(.text)
    _printf_pre_padding                      0x0800033f   Thumb Code    44  _printf_pad.o(.text)
    _printf_post_padding                     0x0800036b   Thumb Code    34  _printf_pad.o(.text)
    _printf_truncate_signed                  0x0800038d   Thumb Code    18  _printf_truncate.o(.text)
    _printf_truncate_unsigned                0x0800039f   Thumb Code    18  _printf_truncate.o(.text)
    _printf_str                              0x080003b1   Thumb Code    82  _printf_str.o(.text)
    _printf_int_dec                          0x08000405   Thumb Code   104  _printf_dec.o(.text)
    _printf_charcount                        0x0800047d   Thumb Code    40  _printf_charcount.o(.text)
    _printf_char_common                      0x080004af   Thumb Code    32  _printf_char_common.o(.text)
    _sputc                                   0x080004d5   Thumb Code    10  _sputc.o(.text)
    _printf_wctomb                           0x080004e1   Thumb Code   182  _printf_wctomb.o(.text)
    _printf_longlong_dec                     0x0800059d   Thumb Code   108  _printf_longlong_dec.o(.text)
    _printf_longlong_oct                     0x08000619   Thumb Code    68  _printf_oct_int_ll.o(.text)
    _printf_int_oct                          0x0800065d   Thumb Code    24  _printf_oct_int_ll.o(.text)
    _printf_ll_oct                           0x08000675   Thumb Code    12  _printf_oct_int_ll.o(.text)
    _printf_longlong_hex                     0x08000689   Thumb Code    86  _printf_hex_int_ll_ptr.o(.text)
    _printf_int_hex                          0x080006df   Thumb Code    28  _printf_hex_int_ll_ptr.o(.text)
    _printf_ll_hex                           0x080006fb   Thumb Code    12  _printf_hex_int_ll_ptr.o(.text)
    _printf_hex_ptr                          0x08000707   Thumb Code    18  _printf_hex_int_ll_ptr.o(.text)
    __printf                                 0x0800071d   Thumb Code   388  __printf_flags_ss_wp.o(.text)
    _ll_udiv10                               0x080008a5   Thumb Code   138  lludiv10.o(.text)
    _printf_int_common                       0x0800092f   Thumb Code   178  _printf_intcommon.o(.text)
    __lib_sel_fp_printf                      0x080009e1   Thumb Code     2  _printf_fp_dec.o(.text)
    _printf_fp_dec_real                      0x08000b8f   Thumb Code   620  _printf_fp_dec.o(.text)
    _printf_cs_common                        0x08000dfb   Thumb Code    20  _printf_char.o(.text)
    _printf_char                             0x08000e0f   Thumb Code    16  _printf_char.o(.text)
    _printf_string                           0x08000e1f   Thumb Code     8  _printf_char.o(.text)
    _printf_lcs_common                       0x08000e27   Thumb Code    20  _printf_wchar.o(.text)
    _printf_wchar                            0x08000e3b   Thumb Code    16  _printf_wchar.o(.text)
    _printf_wstring                          0x08000e4b   Thumb Code     8  _printf_wchar.o(.text)
    _wcrtomb                                 0x08000e53   Thumb Code    64  _wcrtomb.o(.text)
    __user_setup_stackheap                   0x08000e93   Thumb Code    74  sys_stackheap_outer.o(.text)
    __rt_ctype_table                         0x08000edd   Thumb Code    16  rt_ctype_table.o(.text)
    __rt_locale                              0x08000eed   Thumb Code     8  rt_locale_intlibspace.o(.text)
    _printf_fp_infnan                        0x08000ef5   Thumb Code   112  _printf_fp_infnan.o(.text)
    _btod_etento                             0x08000f75   Thumb Code   216  bigflt0.o(.text)
    exit                                     0x08001051   Thumb Code    18  exit.o(.text)
    __user_libspace                          0x08001065   Thumb Code     8  libspace.o(.text)
    __user_perproc_libspace                  0x08001065   Thumb Code     0  libspace.o(.text)
    __user_perthread_libspace                0x08001065   Thumb Code     0  libspace.o(.text)
    strcmp                                   0x0800106d   Thumb Code   128  strcmpv7m.o(.text)
    _sys_exit                                0x080010ed   Thumb Code     8  sys_exit.o(.text)
    __I$use$semihosting                      0x080010f9   Thumb Code     0  use_no_semi.o(.text)
    __use_no_semihosting_swi                 0x080010f9   Thumb Code     2  use_no_semi.o(.text)
    __semihosting_library_function           0x080010fb   Thumb Code     0  indicate_semi.o(.text)
    _btod_d2e                                0x080010fb   Thumb Code    62  btod.o(CL$$btod_d2e)
    _d2e_denorm_low                          0x08001139   Thumb Code    70  btod.o(CL$$btod_d2e_denorm_low)
    _d2e_norm_op1                            0x0800117f   Thumb Code    96  btod.o(CL$$btod_d2e_norm_op1)
    __btod_div_common                        0x080011df   Thumb Code   696  btod.o(CL$$btod_div_common)
    _e2e                                     0x08001517   Thumb Code   198  btod.o(CL$$btod_e2e)
    _btod_ediv                               0x080015dd   Thumb Code    40  btod.o(CL$$btod_ediv)
    _btod_emul                               0x08001605   Thumb Code    40  btod.o(CL$$btod_emul)
    __btod_mult_common                       0x0800162d   Thumb Code   580  btod.o(CL$$btod_mult_common)
    EXTI0_IRQHandler                         0x08001895   Thumb Code    16  spi_master.o(i.EXTI0_IRQHandler)
    SPI2_IRQHandler                          0x080018a9   Thumb Code    10  spi_master.o(i.SPI2_IRQHandler)
    SystemInit                               0x080018b9   Thumb Code    82  system_stm32f4xx.o(i.SystemInit)
    __ARM_fpclassify                         0x0800191d   Thumb Code    48  fpclassify.o(i.__ARM_fpclassify)
    _is_digit                                0x0800194d   Thumb Code    14  __printf_wp.o(i._is_digit)
    assert_error                             0x0800195d   Thumb Code    16  spi_master.o(i.assert_error)
    delay_gen                                0x08001971   Thumb Code    14  spi_master.o(i.delay_gen)
    hal_debug_uart_init                      0x08001985   Thumb Code   144  uart_debug.o(i.hal_debug_uart_init)
    hal_gpio_clear_interrupt                 0x08001a25   Thumb Code    28  hal_gpio_driver.o(i.hal_gpio_clear_interrupt)
    hal_gpio_configure_interrupt             0x08001a45   Thumb Code    80  hal_gpio_driver.o(i.hal_gpio_configure_interrupt)
    hal_gpio_configure_pin_mode              0x08001a99   Thumb Code    16  hal_gpio_driver.o(i.hal_gpio_configure_pin_mode)
    hal_gpio_configure_pin_otype             0x08001aa9   Thumb Code    14  hal_gpio_driver.o(i.hal_gpio_configure_pin_otype)
    hal_gpio_configure_pin_pupd              0x08001ab7   Thumb Code    16  hal_gpio_driver.o(i.hal_gpio_configure_pin_pupd)
    hal_gpio_configure_pin_speed             0x08001ac7   Thumb Code    16  hal_gpio_driver.o(i.hal_gpio_configure_pin_speed)
    hal_gpio_enable_interrupt                0x08001ad9   Thumb Code    40  hal_gpio_driver.o(i.hal_gpio_enable_interrupt)
    hal_gpio_init                            0x08001b05   Thumb Code    56  hal_gpio_driver.o(i.hal_gpio_init)
    hal_gpio_read_from_pin                   0x08001b3d   Thumb Code    12  hal_gpio_driver.o(i.hal_gpio_read_from_pin)
    hal_gpio_set_alt_function                0x08001b49   Thumb Code    48  hal_gpio_driver.o(i.hal_gpio_set_alt_function)
    hal_gpio_write_to_pin                    0x08001b79   Thumb Code    28  hal_gpio_driver.o(i.hal_gpio_write_to_pin)
    hal_spi_configure_baudrate               0x08001bb3   Thumb Code     8  hal_spi_driver.o(i.hal_spi_configure_baudrate)
    hal_spi_configure_datasize               0x08001bbb   Thumb Code    42  hal_spi_driver.o(i.hal_spi_configure_datasize)
    hal_spi_configure_device_mode            0x08001be5   Thumb Code    22  hal_spi_driver.o(i.hal_spi_configure_device_mode)
    hal_spi_configure_direction              0x08001bfb   Thumb Code    22  hal_spi_driver.o(i.hal_spi_configure_direction)
    hal_spi_configure_nss_master             0x08001c11   Thumb Code    22  hal_spi_driver.o(i.hal_spi_configure_nss_master)
    hal_spi_configure_nss_slave              0x08001c27   Thumb Code    22  hal_spi_driver.o(i.hal_spi_configure_nss_slave)
    hal_spi_configure_phase_and_polarity     0x08001c3d   Thumb Code    42  hal_spi_driver.o(i.hal_spi_configure_phase_and_polarity)
    hal_spi_enable                           0x08001c7b   Thumb Code    18  hal_spi_driver.o(i.hal_spi_enable)
    hal_spi_handle_tx_interrupt              0x08001ce3   Thumb Code    60  hal_spi_driver.o(i.hal_spi_handle_tx_interrupt)
    hal_spi_init                             0x08001d1f   Thumb Code    74  hal_spi_driver.o(i.hal_spi_init)
    hal_spi_irq_handler                      0x08001d69   Thumb Code    68  hal_spi_driver.o(i.hal_spi_irq_handler)
    hal_spi_is_bus_busy                      0x08001dad   Thumb Code    18  hal_spi_driver.o(i.hal_spi_is_bus_busy)
    hal_spi_master_rx                        0x08001dc1   Thumb Code    60  hal_spi_driver.o(i.hal_spi_master_rx)
    hal_spi_master_tx                        0x08001e01   Thumb Code    40  hal_spi_driver.o(i.hal_spi_master_tx)
    hal_uart_configure_over_sampling         0x08001e47   Thumb Code    12  hal_uart_driver.o(i.hal_uart_configure_over_sampling)
    hal_uart_enable                          0x08001e53   Thumb Code    10  hal_uart_driver.o(i.hal_uart_enable)
    hal_uart_enable_disable_rx               0x08001e5d   Thumb Code    26  hal_uart_driver.o(i.hal_uart_enable_disable_rx)
    hal_uart_enable_disable_tx               0x08001e77   Thumb Code    26  hal_uart_driver.o(i.hal_uart_enable_disable_tx)
    hal_uart_init                            0x08001e91   Thumb Code    58  hal_uart_driver.o(i.hal_uart_init)
    hal_uart_set_baud_rate                   0x08001ecd   Thumb Code    40  hal_uart_driver.o(i.hal_uart_set_baud_rate)
    led_init                                 0x08001ef9   Thumb Code    84  led.o(i.led_init)
    led_toggle                               0x08001f55   Thumb Code    40  led.o(i.led_toggle)
    led_turn_off                             0x08001f7d   Thumb Code    18  led.o(i.led_turn_off)
    main                                     0x08001f91   Thumb Code   478  spi_master.o(i.main)
    spi_gpio_init                            0x080021d9   Thumb Code   110  spi_master.o(i.spi_gpio_init)
    uart_printf                              0x08002251   Thumb Code    66  uart_debug.o(i.uart_printf)
    _get_lc_numeric                          0x08002299   Thumb Code    44  lc_numeric_c.o(locale$$code)
    _get_lc_ctype                            0x080022c5   Thumb Code    44  lc_ctype_c.o(locale$$code)
    _fp_init                                 0x080022f1   Thumb Code    10  fpinit.o(x$fpl$fpinit)
    __fplib_config_fpu_vfp                   0x080022f9   Thumb Code     0  fpinit.o(x$fpl$fpinit)
    __fplib_config_pureend_doubles           0x080022f9   Thumb Code     0  fpinit.o(x$fpl$fpinit)
    _printf_fp_dec                           0x080022fb   Thumb Code     4  printf1.o(x$fpl$printf1)
    __I$use$fp                               0x080022fe   Number         0  usenofp.o(x$fpl$usenofp)
    Region$$Table$$Base                      0x080023d8   Number         0  anon$$obj.o(Region$$Table)
    Region$$Table$$Limit                     0x080023f8   Number         0  anon$$obj.o(Region$$Table)
    __ctype                                  0x08002421   Data           0  lc_ctype_c.o(locale$$data)
    dummu_tx                                 0x20000000   Data           2  hal_spi_driver.o(.data)
    TestReady                                0x20000004   Data           4  spi_master.o(.data)
    slave_reply_data                         0x20000008   Data           4  spi_master.o(.data)
    master_write_data                        0x2000000c   Data           4  spi_master.o(.data)
    master_read_buffer                       0x20000010   Data           4  spi_master.o(.data)
    SpiHandle                                0x20000014   Data          56  spi_master.o(.bss)
    debug_uart_handle                        0x2000004c   Data          64  uart_debug.o(.bss)
    __libspace_start                         0x2000008c   Data          96  libspace.o(.bss)
    __temporary_stack_top$libspace           0x200000ec   Data           0  libspace.o(.bss)



==============================================================================

Memory Map of the image

  Image Entry point : 0x080002d5

  Load Region LR_1 (Base: 0x08000000, Size: 0x00002538, Max: 0xffffffff, ABSOLUTE)

    Execution Region ER_RO (Base: 0x08000000, Size: 0x00002524, Max: 0xffffffff, ABSOLUTE)

    Base Addr    Size         Type   Attr      Idx    E Section Name        Object

    0x08000000   0x00000188   Data   RO          408    RESET               startup_stm32f407xx.o
    0x08000188   0x00000008   Code   RO          640  * !!!main             c_w.l(__main.o)
    0x08000190   0x00000034   Code   RO          952    !!!scatter          c_w.l(__scatter.o)
    0x080001c4   0x0000001a   Code   RO          954    !!handler_copy      c_w.l(__scatter_copy.o)
    0x080001de   0x00000002   PAD
    0x080001e0   0x0000001c   Code   RO          956    !!handler_zi        c_w.l(__scatter_zi.o)
    0x080001fc   0x00000000   Code   RO          724    .ARM.Collect$$_printf_percent$$00000000  c_w.l(_printf_percent.o)
    0x080001fc   0x00000006   Code   RO          713    .ARM.Collect$$_printf_percent$$00000001  c_w.l(_printf_n.o)
    0x08000202   0x00000006   Code   RO          715    .ARM.Collect$$_printf_percent$$00000002  c_w.l(_printf_p.o)
    0x08000208   0x00000006   Code   RO          720    .ARM.Collect$$_printf_percent$$00000003  c_w.l(_printf_f.o)
    0x0800020e   0x00000006   Code   RO          721    .ARM.Collect$$_printf_percent$$00000004  c_w.l(_printf_e.o)
    0x08000214   0x00000006   Code   RO          722    .ARM.Collect$$_printf_percent$$00000005  c_w.l(_printf_g.o)
    0x0800021a   0x00000006   Code   RO          723    .ARM.Collect$$_printf_percent$$00000006  c_w.l(_printf_a.o)
    0x08000220   0x0000000a   Code   RO          728    .ARM.Collect$$_printf_percent$$00000007  c_w.l(_printf_ll.o)
    0x0800022a   0x00000006   Code   RO          717    .ARM.Collect$$_printf_percent$$00000008  c_w.l(_printf_i.o)
    0x08000230   0x00000006   Code   RO          718    .ARM.Collect$$_printf_percent$$00000009  c_w.l(_printf_d.o)
    0x08000236   0x00000006   Code   RO          719    .ARM.Collect$$_printf_percent$$0000000A  c_w.l(_printf_u.o)
    0x0800023c   0x00000006   Code   RO          716    .ARM.Collect$$_printf_percent$$0000000B  c_w.l(_printf_o.o)
    0x08000242   0x00000006   Code   RO          714    .ARM.Collect$$_printf_percent$$0000000C  c_w.l(_printf_x.o)
    0x08000248   0x00000006   Code   RO          725    .ARM.Collect$$_printf_percent$$0000000D  c_w.l(_printf_lli.o)
    0x0800024e   0x00000006   Code   RO          726    .ARM.Collect$$_printf_percent$$0000000E  c_w.l(_printf_lld.o)
    0x08000254   0x00000006   Code   RO          727    .ARM.Collect$$_printf_percent$$0000000F  c_w.l(_printf_llu.o)
    0x0800025a   0x00000006   Code   RO          732    .ARM.Collect$$_printf_percent$$00000010  c_w.l(_printf_llo.o)
    0x08000260   0x00000006   Code   RO          733    .ARM.Collect$$_printf_percent$$00000011  c_w.l(_printf_llx.o)
    0x08000266   0x0000000a   Code   RO          729    .ARM.Collect$$_printf_percent$$00000012  c_w.l(_printf_l.o)
    0x08000270   0x00000006   Code   RO          711    .ARM.Collect$$_printf_percent$$00000013  c_w.l(_printf_c.o)
    0x08000276   0x00000006   Code   RO          712    .ARM.Collect$$_printf_percent$$00000014  c_w.l(_printf_s.o)
    0x0800027c   0x00000006   Code   RO          730    .ARM.Collect$$_printf_percent$$00000015  c_w.l(_printf_lc.o)
    0x08000282   0x00000006   Code   RO          731    .ARM.Collect$$_printf_percent$$00000016  c_w.l(_printf_ls.o)
    0x08000288   0x00000004   Code   RO          763    .ARM.Collect$$_printf_percent$$00000017  c_w.l(_printf_percent_end.o)
    0x0800028c   0x00000002   Code   RO          812    .ARM.Collect$$libinit$$00000000  c_w.l(libinit.o)
    0x0800028e   0x00000004   Code   RO          828    .ARM.Collect$$libinit$$00000001  c_w.l(libinit2.o)
    0x08000292   0x00000000   Code   RO          831    .ARM.Collect$$libinit$$00000004  c_w.l(libinit2.o)
    0x08000292   0x00000000   Code   RO          834    .ARM.Collect$$libinit$$0000000A  c_w.l(libinit2.o)
    0x08000292   0x00000000   Code   RO          836    .ARM.Collect$$libinit$$0000000C  c_w.l(libinit2.o)
    0x08000292   0x00000000   Code   RO          838    .ARM.Collect$$libinit$$0000000E  c_w.l(libinit2.o)
    0x08000292   0x00000006   Code   RO          839    .ARM.Collect$$libinit$$0000000F  c_w.l(libinit2.o)
    0x08000298   0x00000000   Code   RO          841    .ARM.Collect$$libinit$$00000011  c_w.l(libinit2.o)
    0x08000298   0x0000000c   Code   RO          842    .ARM.Collect$$libinit$$00000012  c_w.l(libinit2.o)
    0x080002a4   0x00000000   Code   RO          843    .ARM.Collect$$libinit$$00000013  c_w.l(libinit2.o)
    0x080002a4   0x00000000   Code   RO          845    .ARM.Collect$$libinit$$00000015  c_w.l(libinit2.o)
    0x080002a4   0x0000000a   Code   RO          846    .ARM.Collect$$libinit$$00000016  c_w.l(libinit2.o)
    0x080002ae   0x00000000   Code   RO          847    .ARM.Collect$$libinit$$00000017  c_w.l(libinit2.o)
    0x080002ae   0x00000000   Code   RO          849    .ARM.Collect$$libinit$$00000019  c_w.l(libinit2.o)
    0x080002ae   0x00000000   Code   RO          851    .ARM.Collect$$libinit$$0000001B  c_w.l(libinit2.o)
    0x080002ae   0x00000000   Code   RO          853    .ARM.Collect$$libinit$$0000001D  c_w.l(libinit2.o)
    0x080002ae   0x00000000   Code   RO          855    .ARM.Collect$$libinit$$0000001F  c_w.l(libinit2.o)
    0x080002ae   0x00000000   Code   RO          857    .ARM.Collect$$libinit$$00000021  c_w.l(libinit2.o)
    0x080002ae   0x00000000   Code   RO          859    .ARM.Collect$$libinit$$00000023  c_w.l(libinit2.o)
    0x080002ae   0x00000000   Code   RO          861    .ARM.Collect$$libinit$$00000025  c_w.l(libinit2.o)
    0x080002ae   0x00000000   Code   RO          865    .ARM.Collect$$libinit$$0000002C  c_w.l(libinit2.o)
    0x080002ae   0x00000000   Code   RO          867    .ARM.Collect$$libinit$$0000002E  c_w.l(libinit2.o)
    0x080002ae   0x00000000   Code   RO          869    .ARM.Collect$$libinit$$00000030  c_w.l(libinit2.o)
    0x080002ae   0x00000000   Code   RO          871    .ARM.Collect$$libinit$$00000032  c_w.l(libinit2.o)
    0x080002ae   0x00000002   Code   RO          872    .ARM.Collect$$libinit$$00000033  c_w.l(libinit2.o)
    0x080002b0   0x00000002   Code   RO          892    .ARM.Collect$$libshutdown$$00000000  c_w.l(libshutdown.o)
    0x080002b2   0x00000000   Code   RO          905    .ARM.Collect$$libshutdown$$00000002  c_w.l(libshutdown2.o)
    0x080002b2   0x00000000   Code   RO          907    .ARM.Collect$$libshutdown$$00000004  c_w.l(libshutdown2.o)
    0x080002b2   0x00000000   Code   RO          910    .ARM.Collect$$libshutdown$$00000007  c_w.l(libshutdown2.o)
    0x080002b2   0x00000000   Code   RO          913    .ARM.Collect$$libshutdown$$0000000A  c_w.l(libshutdown2.o)
    0x080002b2   0x00000000   Code   RO          915    .ARM.Collect$$libshutdown$$0000000C  c_w.l(libshutdown2.o)
    0x080002b2   0x00000000   Code   RO          918    .ARM.Collect$$libshutdown$$0000000F  c_w.l(libshutdown2.o)
    0x080002b2   0x00000002   Code   RO          919    .ARM.Collect$$libshutdown$$00000010  c_w.l(libshutdown2.o)
    0x080002b4   0x00000000   Code   RO          642    .ARM.Collect$$rtentry$$00000000  c_w.l(__rtentry.o)
    0x080002b4   0x00000000   Code   RO          737    .ARM.Collect$$rtentry$$00000002  c_w.l(__rtentry2.o)
    0x080002b4   0x00000006   Code   RO          749    .ARM.Collect$$rtentry$$00000004  c_w.l(__rtentry4.o)
    0x080002ba   0x00000000   Code   RO          739    .ARM.Collect$$rtentry$$00000009  c_w.l(__rtentry2.o)
    0x080002ba   0x00000004   Code   RO          740    .ARM.Collect$$rtentry$$0000000A  c_w.l(__rtentry2.o)
    0x080002be   0x00000000   Code   RO          742    .ARM.Collect$$rtentry$$0000000C  c_w.l(__rtentry2.o)
    0x080002be   0x00000008   Code   RO          743    .ARM.Collect$$rtentry$$0000000D  c_w.l(__rtentry2.o)
    0x080002c6   0x00000002   Code   RO          821    .ARM.Collect$$rtexit$$00000000  c_w.l(rtexit.o)
    0x080002c8   0x00000000   Code   RO          874    .ARM.Collect$$rtexit$$00000002  c_w.l(rtexit2.o)
    0x080002c8   0x00000004   Code   RO          875    .ARM.Collect$$rtexit$$00000003  c_w.l(rtexit2.o)
    0x080002cc   0x00000006   Code   RO          876    .ARM.Collect$$rtexit$$00000004  c_w.l(rtexit2.o)
    0x080002d2   0x00000002   PAD
    0x080002d4   0x00000040   Code   RO          409  * .text               startup_stm32f407xx.o
    0x08000314   0x00000024   Code   RO          636    .text               c_w.l(c89vsprintf.o)
    0x08000338   0x00000006   Code   RO          638    .text               c_w.l(heapauxi.o)
    0x0800033e   0x0000004e   Code   RO          645    .text               c_w.l(_printf_pad.o)
    0x0800038c   0x00000024   Code   RO          647    .text               c_w.l(_printf_truncate.o)
    0x080003b0   0x00000052   Code   RO          649    .text               c_w.l(_printf_str.o)
    0x08000402   0x00000002   PAD
    0x08000404   0x00000078   Code   RO          651    .text               c_w.l(_printf_dec.o)
    0x0800047c   0x00000028   Code   RO          653    .text               c_w.l(_printf_charcount.o)
    0x080004a4   0x00000030   Code   RO          655    .text               c_w.l(_printf_char_common.o)
    0x080004d4   0x0000000a   Code   RO          657    .text               c_w.l(_sputc.o)
    0x080004de   0x00000002   PAD
    0x080004e0   0x000000bc   Code   RO          659    .text               c_w.l(_printf_wctomb.o)
    0x0800059c   0x0000007c   Code   RO          662    .text               c_w.l(_printf_longlong_dec.o)
    0x08000618   0x00000070   Code   RO          668    .text               c_w.l(_printf_oct_int_ll.o)
    0x08000688   0x00000094   Code   RO          688    .text               c_w.l(_printf_hex_int_ll_ptr.o)
    0x0800071c   0x00000188   Code   RO          708    .text               c_w.l(__printf_flags_ss_wp.o)
    0x080008a4   0x0000008a   Code   RO          751    .text               c_w.l(lludiv10.o)
    0x0800092e   0x000000b2   Code   RO          753    .text               c_w.l(_printf_intcommon.o)
    0x080009e0   0x0000041a   Code   RO          755    .text               c_w.l(_printf_fp_dec.o)
    0x08000dfa   0x0000002c   Code   RO          759    .text               c_w.l(_printf_char.o)
    0x08000e26   0x0000002c   Code   RO          761    .text               c_w.l(_printf_wchar.o)
    0x08000e52   0x00000040   Code   RO          764    .text               c_w.l(_wcrtomb.o)
    0x08000e92   0x0000004a   Code   RO          766    .text               c_w.l(sys_stackheap_outer.o)
    0x08000edc   0x00000010   Code   RO          768    .text               c_w.l(rt_ctype_table.o)
    0x08000eec   0x00000008   Code   RO          773    .text               c_w.l(rt_locale_intlibspace.o)
    0x08000ef4   0x00000080   Code   RO          775    .text               c_w.l(_printf_fp_infnan.o)
    0x08000f74   0x000000dc   Code   RO          777    .text               c_w.l(bigflt0.o)
    0x08001050   0x00000012   Code   RO          805    .text               c_w.l(exit.o)
    0x08001062   0x00000002   PAD
    0x08001064   0x00000008   Code   RO          818    .text               c_w.l(libspace.o)
    0x0800106c   0x00000080   Code   RO          826    .text               c_w.l(strcmpv7m.o)
    0x080010ec   0x0000000c   Code   RO          884    .text               c_w.l(sys_exit.o)
    0x080010f8   0x00000002   Code   RO          895    .text               c_w.l(use_no_semi.o)
    0x080010fa   0x00000000   Code   RO          897    .text               c_w.l(indicate_semi.o)
    0x080010fa   0x0000003e   Code   RO          780    CL$$btod_d2e        c_w.l(btod.o)
    0x08001138   0x00000046   Code   RO          782    CL$$btod_d2e_denorm_low  c_w.l(btod.o)
    0x0800117e   0x00000060   Code   RO          781    CL$$btod_d2e_norm_op1  c_w.l(btod.o)
    0x080011de   0x00000338   Code   RO          790    CL$$btod_div_common  c_w.l(btod.o)
    0x08001516   0x000000c6   Code   RO          787    CL$$btod_e2e        c_w.l(btod.o)
    0x080015dc   0x00000028   Code   RO          784    CL$$btod_ediv       c_w.l(btod.o)
    0x08001604   0x00000028   Code   RO          783    CL$$btod_emul       c_w.l(btod.o)
    0x0800162c   0x00000244   Code   RO          789    CL$$btod_mult_common  c_w.l(btod.o)
    0x08001870   0x00000024   Code   RO          286    i.Buffercmp         spi_master.o
    0x08001894   0x00000014   Code   RO          287    i.EXTI0_IRQHandler  spi_master.o
    0x080018a8   0x00000010   Code   RO          288    i.SPI2_IRQHandler   spi_master.o
    0x080018b8   0x00000064   Code   RO          417    i.SystemInit        system_stm32f4xx.o
    0x0800191c   0x00000030   Code   RO          816    i.__ARM_fpclassify  m_wm.l(fpclassify.o)
    0x0800194c   0x0000000e   Code   RO          701    i._is_digit         c_w.l(__printf_wp.o)
    0x0800195a   0x00000002   PAD
    0x0800195c   0x00000014   Code   RO          289    i.assert_error      spi_master.o
    0x08001970   0x00000014   Code   RO          290    i.delay_gen         spi_master.o
    0x08001984   0x000000a0   Code   RO          453    i.hal_debug_uart_init  uartdebug.lib(uart_debug.o)
    0x08001a24   0x00000020   Code   RO            4    i.hal_gpio_clear_interrupt  hal_gpio_driver.o
    0x08001a44   0x00000054   Code   RO            5    i.hal_gpio_configure_interrupt  hal_gpio_driver.o
    0x08001a98   0x00000010   Code   RO            6    i.hal_gpio_configure_pin_mode  hal_gpio_driver.o
    0x08001aa8   0x0000000e   Code   RO            7    i.hal_gpio_configure_pin_otype  hal_gpio_driver.o
    0x08001ab6   0x00000010   Code   RO            8    i.hal_gpio_configure_pin_pupd  hal_gpio_driver.o
    0x08001ac6   0x00000010   Code   RO            9    i.hal_gpio_configure_pin_speed  hal_gpio_driver.o
    0x08001ad6   0x00000002   PAD
    0x08001ad8   0x0000002c   Code   RO           10    i.hal_gpio_enable_interrupt  hal_gpio_driver.o
    0x08001b04   0x00000038   Code   RO           11    i.hal_gpio_init     hal_gpio_driver.o
    0x08001b3c   0x0000000c   Code   RO           12    i.hal_gpio_read_from_pin  hal_gpio_driver.o
    0x08001b48   0x00000030   Code   RO           13    i.hal_gpio_set_alt_function  hal_gpio_driver.o
    0x08001b78   0x0000001c   Code   RO           14    i.hal_gpio_write_to_pin  hal_gpio_driver.o
    0x08001b94   0x0000001e   Code   RO          120    i.hal_spi_close_rx_interrupt  hal_spi_driver.o
    0x08001bb2   0x00000008   Code   RO          121    i.hal_spi_configure_baudrate  hal_spi_driver.o
    0x08001bba   0x0000002a   Code   RO          122    i.hal_spi_configure_datasize  hal_spi_driver.o
    0x08001be4   0x00000016   Code   RO          123    i.hal_spi_configure_device_mode  hal_spi_driver.o
    0x08001bfa   0x00000016   Code   RO          124    i.hal_spi_configure_direction  hal_spi_driver.o
    0x08001c10   0x00000016   Code   RO          125    i.hal_spi_configure_nss_master  hal_spi_driver.o
    0x08001c26   0x00000016   Code   RO          126    i.hal_spi_configure_nss_slave  hal_spi_driver.o
    0x08001c3c   0x0000002a   Code   RO          127    i.hal_spi_configure_phase_and_polarity  hal_spi_driver.o
    0x08001c66   0x0000000a   Code   RO          129    i.hal_spi_disable_rxne_interrupt  hal_spi_driver.o
    0x08001c70   0x0000000a   Code   RO          130    i.hal_spi_disable_txe_interrupt  hal_spi_driver.o
    0x08001c7a   0x00000012   Code   RO          131    i.hal_spi_enable    hal_spi_driver.o
    0x08001c8c   0x0000000a   Code   RO          132    i.hal_spi_enable_rxne_interrupt  hal_spi_driver.o
    0x08001c96   0x0000000a   Code   RO          133    i.hal_spi_enable_txe_interrupt  hal_spi_driver.o
    0x08001ca0   0x00000042   Code   RO          134    i.hal_spi_handle_rx_interrupt  hal_spi_driver.o
    0x08001ce2   0x0000003c   Code   RO          135    i.hal_spi_handle_tx_interrupt  hal_spi_driver.o
    0x08001d1e   0x0000004a   Code   RO          136    i.hal_spi_init      hal_spi_driver.o
    0x08001d68   0x00000044   Code   RO          137    i.hal_spi_irq_handler  hal_spi_driver.o
    0x08001dac   0x00000012   Code   RO          138    i.hal_spi_is_bus_busy  hal_spi_driver.o
    0x08001dbe   0x00000002   PAD
    0x08001dc0   0x00000040   Code   RO          139    i.hal_spi_master_rx  hal_spi_driver.o
    0x08001e00   0x00000028   Code   RO          140    i.hal_spi_master_tx  hal_spi_driver.o
    0x08001e28   0x0000001e   Code   RO          143    i.hal_spi_tx_close_interrupt  hal_spi_driver.o
    0x08001e46   0x0000000c   Code   RO          508    i.hal_uart_configure_over_sampling  uartdebug.lib(hal_uart_driver.o)
    0x08001e52   0x0000000a   Code   RO          513    i.hal_uart_enable   uartdebug.lib(hal_uart_driver.o)
    0x08001e5c   0x0000001a   Code   RO          514    i.hal_uart_enable_disable_rx  uartdebug.lib(hal_uart_driver.o)
    0x08001e76   0x0000001a   Code   RO          515    i.hal_uart_enable_disable_tx  uartdebug.lib(hal_uart_driver.o)
    0x08001e90   0x0000003a   Code   RO          516    i.hal_uart_init     uartdebug.lib(hal_uart_driver.o)
    0x08001eca   0x00000002   PAD
    0x08001ecc   0x0000002c   Code   RO          518    i.hal_uart_set_baud_rate  uartdebug.lib(hal_uart_driver.o)
    0x08001ef8   0x0000005c   Code   RO          367    i.led_init          led.o
    0x08001f54   0x00000028   Code   RO          368    i.led_toggle        led.o
    0x08001f7c   0x00000012   Code   RO          369    i.led_turn_off      led.o
    0x08001f8e   0x00000002   PAD
    0x08001f90   0x00000248   Code   RO          291    i.main              spi_master.o
    0x080021d8   0x00000078   Code   RO          292    i.spi_gpio_init     spi_master.o
    0x08002250   0x00000048   Code   RO          454    i.uart_printf       uartdebug.lib(uart_debug.o)
    0x08002298   0x0000002c   Code   RO          803    locale$$code        c_w.l(lc_numeric_c.o)
    0x080022c4   0x0000002c   Code   RO          824    locale$$code        c_w.l(lc_ctype_c.o)
    0x080022f0   0x0000000a   Code   RO          882    x$fpl$fpinit        fz_wm.l(fpinit.o)
    0x080022fa   0x00000004   Code   RO          734    x$fpl$printf1       fz_wm.l(printf1.o)
    0x080022fe   0x00000000   Code   RO          815    x$fpl$usenofp       fz_wm.l(usenofp.o)
    0x080022fe   0x00000002   PAD
    0x08002300   0x00000008   Data   RO          660    .constdata          c_w.l(_printf_wctomb.o)
    0x08002308   0x00000028   Data   RO          689    .constdata          c_w.l(_printf_hex_int_ll_ptr.o)
    0x08002330   0x00000011   Data   RO          709    .constdata          c_w.l(__printf_flags_ss_wp.o)
    0x08002341   0x00000003   PAD
    0x08002344   0x00000094   Data   RO          778    .constdata          c_w.l(bigflt0.o)
    0x080023d8   0x00000020   Data   RO          950    Region$$Table       anon$$obj.o
    0x080023f8   0x0000001c   Data   RO          802    locale$$data        c_w.l(lc_numeric_c.o)
    0x08002414   0x00000110   Data   RO          823    locale$$data        c_w.l(lc_ctype_c.o)


    Execution Region ER_RW (Base: 0x20000000, Size: 0x00000014, Max: 0xffffffff, ABSOLUTE)

    Base Addr    Size         Type   Attr      Idx    E Section Name        Object

    0x20000000   0x00000002   Data   RW          145    .data               hal_spi_driver.o
    0x20000002   0x00000002   PAD
    0x20000004   0x00000010   Data   RW          294    .data               spi_master.o


    Execution Region ER_ZI (Base: 0x20000014, Size: 0x000006dc, Max: 0xffffffff, ABSOLUTE)

    Base Addr    Size         Type   Attr      Idx    E Section Name        Object

    0x20000014   0x00000038   Zero   RW          293    .bss                spi_master.o
    0x2000004c   0x00000040   Zero   RW          455    .bss                uartdebug.lib(uart_debug.o)
    0x2000008c   0x00000060   Zero   RW          819    .bss                c_w.l(libspace.o)
    0x200000ec   0x00000004   PAD
    0x200000f0   0x00000200   Zero   RW          407    HEAP                startup_stm32f407xx.o
    0x200002f0   0x00000400   Zero   RW          406    STACK               startup_stm32f407xx.o


==============================================================================

Image component sizes


      Code (inc. data)   RO Data    RW Data    ZI Data      Debug   Object Name

       366         12          0          0          0     284840   hal_gpio_driver.o
       688          4          0          2          0      15502   hal_spi_driver.o
       150          8          0          0          0       2019   led.o
       816        136          0         16         56       9719   spi_master.o
        64         26        392          0       1536        872   startup_stm32f407xx.o
       100         18          0          0          0        533   system_stm32f4xx.o

    ----------------------------------------------------------------------
      2190        204        424         20       1592     313485   Object Totals
         0          0         32          0          0          0   (incl. Generated)
         6          0          0          2          0          0   (incl. Padding)

    ----------------------------------------------------------------------

      Code (inc. data)   RO Data    RW Data    ZI Data      Debug   Library Member Name

         8          0          0          0          0         68   __main.o
       392          4         17          0          0         92   __printf_flags_ss_wp.o
        14          0          0          0          0         68   __printf_wp.o
         0          0          0          0          0          0   __rtentry.o
        12          0          0          0          0          0   __rtentry2.o
         6          0          0          0          0          0   __rtentry4.o
        52          8          0          0          0          0   __scatter.o
        26          0          0          0          0          0   __scatter_copy.o
        28          0          0          0          0          0   __scatter_zi.o
         6          0          0          0          0          0   _printf_a.o
         6          0          0          0          0          0   _printf_c.o
        44          0          0          0          0        108   _printf_char.o
        48          6          0          0          0         96   _printf_char_common.o
        40          0          0          0          0         68   _printf_charcount.o
         6          0          0          0          0          0   _printf_d.o
       120         16          0          0          0         92   _printf_dec.o
         6          0          0          0          0          0   _printf_e.o
         6          0          0          0          0          0   _printf_f.o
      1050          0          0          0          0        216   _printf_fp_dec.o
       128         16          0          0          0         84   _printf_fp_infnan.o
         6          0          0          0          0          0   _printf_g.o
       148          4         40          0          0        160   _printf_hex_int_ll_ptr.o
         6          0          0          0          0          0   _printf_i.o
       178          0          0          0          0         88   _printf_intcommon.o
        10          0          0          0          0          0   _printf_l.o
         6          0          0          0          0          0   _printf_lc.o
        10          0          0          0          0          0   _printf_ll.o
         6          0          0          0          0          0   _printf_lld.o
         6          0          0          0          0          0   _printf_lli.o
         6          0          0          0          0          0   _printf_llo.o
         6          0          0          0          0          0   _printf_llu.o
         6          0          0          0          0          0   _printf_llx.o
       124         16          0          0          0         92   _printf_longlong_dec.o
         6          0          0          0          0          0   _printf_ls.o
         6          0          0          0          0          0   _printf_n.o
         6          0          0          0          0          0   _printf_o.o
       112          8          0          0          0        124   _printf_oct_int_ll.o
         6          0          0          0          0          0   _printf_p.o
        78          0          0          0          0        108   _printf_pad.o
         0          0          0          0          0          0   _printf_percent.o
         4          0          0          0          0          0   _printf_percent_end.o
         6          0          0          0          0          0   _printf_s.o
        82          0          0          0          0         80   _printf_str.o
        36          0          0          0          0         84   _printf_truncate.o
         6          0          0          0          0          0   _printf_u.o
        44          0          0          0          0        108   _printf_wchar.o
       188          6          8          0          0         92   _printf_wctomb.o
         6          0          0          0          0          0   _printf_x.o
        10          0          0          0          0         68   _sputc.o
        64          0          0          0          0         92   _wcrtomb.o
       220          4        148          0          0         96   bigflt0.o
      1910        128          0          0          0        672   btod.o
        36          4          0          0          0         76   c89vsprintf.o
        18          0          0          0          0         80   exit.o
         6          0          0          0          0        152   heapauxi.o
         0          0          0          0          0          0   indicate_semi.o
        44         10        272          0          0         76   lc_ctype_c.o
        44         10         28          0          0         76   lc_numeric_c.o
         2          0          0          0          0          0   libinit.o
        34          0          0          0          0          0   libinit2.o
         2          0          0          0          0          0   libshutdown.o
         2          0          0          0          0          0   libshutdown2.o
         8          4          0          0         96         68   libspace.o
       138          0          0          0          0         80   lludiv10.o
        16          4          0          0          0         76   rt_ctype_table.o
         8          4          0          0          0         68   rt_locale_intlibspace.o
         2          0          0          0          0          0   rtexit.o
        10          0          0          0          0          0   rtexit2.o
       128          0          0          0          0         68   strcmpv7m.o
        12          4          0          0          0         68   sys_exit.o
        74          0          0          0          0         80   sys_stackheap_outer.o
         2          0          0          0          0         68   use_no_semi.o
        10          0          0          0          0        116   fpinit.o
         4          0          0          0          0        116   printf1.o
         0          0          0          0          0          0   usenofp.o
        48          0          0          0          0        124   fpclassify.o
       176          4          0          0          0       7292   hal_uart_driver.o
       232         22          0          0         64       7268   uart_debug.o

    ----------------------------------------------------------------------
      6378        282        516          0        164      18708   Library Totals
        16          0          3          0          4          0   (incl. Padding)

    ----------------------------------------------------------------------

      Code (inc. data)   RO Data    RW Data    ZI Data      Debug   Library Name

      5892        256        513          0         96       3792   c_w.l
        14          0          0          0          0        232   fz_wm.l
        48          0          0          0          0        124   m_wm.l
       408         26          0          0         64      14560   uartdebug.lib

    ----------------------------------------------------------------------
      6378        282        516          0        164      18708   Library Totals

    ----------------------------------------------------------------------

==============================================================================


      Code (inc. data)   RO Data    RW Data    ZI Data      Debug   

      8568        486        940         20       1756     325265   Grand Totals
      8568        486        940         20       1756     325265   ELF Image Totals
      8568        486        940         20          0          0   ROM Totals

==============================================================================

    Total RO  Size (Code + RO Data)                 9508 (   9.29kB)
    Total RW  Size (RW Data + ZI Data)              1776 (   1.73kB)
    Total ROM Size (Code + RO Data + RW Data)       9528 (   9.30kB)

==============================================================================

